Component: Arm Compiler for Embedded 6.22 Tool: armlink [5ee90200]

==============================================================================

Section Cross References

    main.o(.text.main) refers to systick.o(.text.systick_config) for systick_config
    main.o(.text.main) refers to gd32e10x_eval.o(.text.peripheral_config) for peripheral_config
    main.o(.text.main) refers to function.o(.text.my_sys_init) for my_sys_init
    main.o(.text.main) refers to function.o(.text.task_list) for task_list
    main.o(.ARM.exidx.text.main) refers to main.o(.text.main) for [Anonymous Symbol]
    gd32e10x_it.o(.ARM.exidx.text.NMI_Handler) refers to gd32e10x_it.o(.text.NMI_Handler) for [Anonymous Symbol]
    gd32e10x_it.o(.ARM.exidx.text.HardFault_Handler) refers to gd32e10x_it.o(.text.HardFault_Handler) for [Anonymous Symbol]
    gd32e10x_it.o(.ARM.exidx.text.MemManage_Handler) refers to gd32e10x_it.o(.text.MemManage_Handler) for [Anonymous Symbol]
    gd32e10x_it.o(.ARM.exidx.text.BusFault_Handler) refers to gd32e10x_it.o(.text.BusFault_Handler) for [Anonymous Symbol]
    gd32e10x_it.o(.ARM.exidx.text.UsageFault_Handler) refers to gd32e10x_it.o(.text.UsageFault_Handler) for [Anonymous Symbol]
    gd32e10x_it.o(.ARM.exidx.text.SVC_Handler) refers to gd32e10x_it.o(.text.SVC_Handler) for [Anonymous Symbol]
    gd32e10x_it.o(.ARM.exidx.text.DebugMon_Handler) refers to gd32e10x_it.o(.text.DebugMon_Handler) for [Anonymous Symbol]
    gd32e10x_it.o(.ARM.exidx.text.PendSV_Handler) refers to gd32e10x_it.o(.text.PendSV_Handler) for [Anonymous Symbol]
    gd32e10x_it.o(.text.SysTick_Handler) refers to gd32e10x_it.o(.bss.uwTick) for uwTick
    gd32e10x_it.o(.text.SysTick_Handler) refers to systick.o(.text.delay_decrement) for delay_decrement
    gd32e10x_it.o(.ARM.exidx.text.SysTick_Handler) refers to gd32e10x_it.o(.text.SysTick_Handler) for [Anonymous Symbol]
    gd32e10x_it.o(.text.TIMER2_IRQHandler) refers to gd32e10x_hw.o(.text.usb_timer_irq) for usb_timer_irq
    gd32e10x_it.o(.ARM.exidx.text.TIMER2_IRQHandler) refers to gd32e10x_it.o(.text.TIMER2_IRQHandler) for [Anonymous Symbol]
    gd32e10x_it.o(.text.USBFS_WKUP_IRQHandler) refers to usb_print.o(.bss.cdc_acm) for cdc_acm
    gd32e10x_it.o(.text.USBFS_WKUP_IRQHandler) refers to system_gd32e10x.o(.text.SystemInit) for SystemInit
    gd32e10x_it.o(.text.USBFS_WKUP_IRQHandler) refers to gd32e10x_hw.o(.bss.usbfs_prescaler) for usbfs_prescaler
    gd32e10x_it.o(.text.USBFS_WKUP_IRQHandler) refers to gd32e10x_rcu.o(.text.rcu_usb_clock_config) for rcu_usb_clock_config
    gd32e10x_it.o(.text.USBFS_WKUP_IRQHandler) refers to gd32e10x_rcu.o(.text.rcu_periph_clock_enable) for rcu_periph_clock_enable
    gd32e10x_it.o(.text.USBFS_WKUP_IRQHandler) refers to drv_usb_dev_1.o(.text.usb_clock_active) for usb_clock_active
    gd32e10x_it.o(.text.USBFS_WKUP_IRQHandler) refers to gd32e10x_exti.o(.text.exti_interrupt_flag_clear) for exti_interrupt_flag_clear
    gd32e10x_it.o(.ARM.exidx.text.USBFS_WKUP_IRQHandler) refers to gd32e10x_it.o(.text.USBFS_WKUP_IRQHandler) for [Anonymous Symbol]
    gd32e10x_it.o(.text.USBFS_IRQHandler) refers to usb_print.o(.bss.cdc_acm) for cdc_acm
    gd32e10x_it.o(.text.USBFS_IRQHandler) refers to drv_usbd_int.o(.text.usbd_isr) for usbd_isr
    gd32e10x_it.o(.ARM.exidx.text.USBFS_IRQHandler) refers to gd32e10x_it.o(.text.USBFS_IRQHandler) for [Anonymous Symbol]
    systick.o(.text.systick_config) refers to system_gd32e10x.o(.data.SystemCoreClock) for SystemCoreClock
    systick.o(.text.systick_config) refers to systick.o(.text.SysTick_Config) for SysTick_Config
    systick.o(.text.systick_config) refers to systick.o(.text.NVIC_SetPriority) for NVIC_SetPriority
    systick.o(.ARM.exidx.text.systick_config) refers to systick.o(.text.systick_config) for [Anonymous Symbol]
    systick.o(.text.SysTick_Config) refers to systick.o(.text.NVIC_SetPriority) for NVIC_SetPriority
    systick.o(.ARM.exidx.text.SysTick_Config) refers to systick.o(.text.SysTick_Config) for [Anonymous Symbol]
    systick.o(.ARM.exidx.text.NVIC_SetPriority) refers to systick.o(.text.NVIC_SetPriority) for [Anonymous Symbol]
    systick.o(.text.delay_1ms) refers to systick.o(.bss.delay) for delay
    systick.o(.ARM.exidx.text.delay_1ms) refers to systick.o(.text.delay_1ms) for [Anonymous Symbol]
    systick.o(.text.delay_decrement) refers to systick.o(.bss.delay) for delay
    systick.o(.ARM.exidx.text.delay_decrement) refers to systick.o(.text.delay_decrement) for [Anonymous Symbol]
    gd32e10x_hw.o(.text.usb_rcu_config) refers to gd32e10x_rcu.o(.text.rcu_clock_freq_get) for rcu_clock_freq_get
    gd32e10x_hw.o(.text.usb_rcu_config) refers to gd32e10x_hw.o(.data.timer_prescaler) for timer_prescaler
    gd32e10x_hw.o(.text.usb_rcu_config) refers to gd32e10x_hw.o(.bss.usbfs_prescaler) for usbfs_prescaler
    gd32e10x_hw.o(.text.usb_rcu_config) refers to gd32e10x_rcu.o(.text.rcu_usb_clock_config) for rcu_usb_clock_config
[...]
    __rt_final_cpp                           0x08000161   Thumb Code     0  entry10a.o(.ARM.Collect$$$$0000000D)
    __rt_final_exit                          0x08000161   Thumb Code     0  entry11a.o(.ARM.Collect$$$$0000000F)
    Reset_Handler                            0x08000165   Thumb Code     8  startup_gd32e10x.o(.text)
    ADC0_1_IRQHandler                        0x0800017f   Thumb Code     0  startup_gd32e10x.o(.text)
    DMA0_Channel1_IRQHandler                 0x0800017f   Thumb Code     0  startup_gd32e10x.o(.text)
    DMA0_Channel2_IRQHandler                 0x0800017f   Thumb Code     0  startup_gd32e10x.o(.text)
    DMA0_Channel3_IRQHandler                 0x0800017f   Thumb Code     0  startup_gd32e10x.o(.text)
    DMA0_Channel4_IRQHandler                 0x0800017f   Thumb Code     0  startup_gd32e10x.o(.text)
    DMA0_Channel5_IRQHandler                 0x0800017f   Thumb Code     0  startup_gd32e10x.o(.text)
    DMA0_Channel6_IRQHandler                 0x0800017f   Thumb Code     0  startup_gd32e10x.o(.text)
    DMA1_Channel0_IRQHandler                 0x0800017f   Thumb Code     0  startup_gd32e10x.o(.text)
    DMA1_Channel1_IRQHandler                 0x0800017f   Thumb Code     0  startup_gd32e10x.o(.text)
    DMA1_Channel2_IRQHandler                 0x0800017f   Thumb Code     0  startup_gd32e10x.o(.text)
    DMA1_Channel3_IRQHandler                 0x0800017f   Thumb Code     0  startup_gd32e10x.o(.text)
    DMA1_Channel4_IRQHandler                 0x0800017f   Thumb Code     0  startup_gd32e10x.o(.text)
    EXMC_IRQHandler                          0x0800017f   Thumb Code     0  startup_gd32e10x.o(.text)
    EXTI0_IRQHandler                         0x0800017f   Thumb Code     0  startup_gd32e10x.o(.text)
    EXTI1_IRQHandler                         0x0800017f   Thumb Code     0  startup_gd32e10x.o(.text)
    EXTI2_IRQHandler                         0x0800017f   Thumb Code     0  startup_gd32e10x.o(.text)
    EXTI3_IRQHandler                         0x0800017f   Thumb Code     0  startup_gd32e10x.o(.text)
    EXTI4_IRQHandler                         0x0800017f   Thumb Code     0  startup_gd32e10x.o(.text)
    EXTI5_9_IRQHandler                       0x0800017f   Thumb Code     0  startup_gd32e10x.o(.text)
    FMC_IRQHandler                           0x0800017f   Thumb Code     0  startup_gd32e10x.o(.text)
    I2C0_ER_IRQHandler                       0x0800017f   Thumb Code     0  startup_gd32e10x.o(.text)
    I2C0_EV_IRQHandler                       0x0800017f   Thumb Code     0  startup_gd32e10x.o(.text)
    I2C1_ER_IRQHandler                       0x0800017f   Thumb Code     0  startup_gd32e10x.o(.text)
    I2C1_EV_IRQHandler                       0x0800017f   Thumb Code     0  startup_gd32e10x.o(.text)
    LVD_IRQHandler                           0x0800017f   Thumb Code     0  startup_gd32e10x.o(.text)
    RCU_CTC_IRQHandler                       0x0800017f   Thumb Code     0  startup_gd32e10x.o(.text)
    RTC_Alarm_IRQHandler                     0x0800017f   Thumb Code     0  startup_gd32e10x.o(.text)
    RTC_IRQHandler                           0x0800017f   Thumb Code     0  startup_gd32e10x.o(.text)
    SPI0_IRQHandler                          0x0800017f   Thumb Code     0  startup_gd32e10x.o(.text)
    SPI1_IRQHandler                          0x0800017f   Thumb Code     0  startup_gd32e10x.o(.text)
    SPI2_IRQHandler                          0x0800017f   Thumb Code     0  startup_gd32e10x.o(.text)
    TAMPER_IRQHandler                        0x0800017f   Thumb Code     0  startup_gd32e10x.o(.text)
    TIMER0_BRK_TIMER8_IRQHandler             0x0800017f   Thumb Code     0  startup_gd32e10x.o(.text)
    TIMER0_Channel_IRQHandler                0x0800017f   Thumb Code     0  startup_gd32e10x.o(.text)
    TIMER0_TRG_CMT_TIMER10_IRQHandler        0x0800017f   Thumb Code     0  startup_gd32e10x.o(.text)
    TIMER0_UP_TIMER9_IRQHandler              0x0800017f   Thumb Code     0  startup_gd32e10x.o(.text)
    TIMER1_IRQHandler                        0x0800017f   Thumb Code     0  startup_gd32e10x.o(.text)
    TIMER3_IRQHandler                        0x0800017f   Thumb Code     0  startup_gd32e10x.o(.text)
    TIMER4_IRQHandler                        0x0800017f   Thumb Code     0  startup_gd32e10x.o(.text)
    TIMER6_IRQHandler                        0x0800017f   Thumb Code     0  startup_gd32e10x.o(.text)
    TIMER7_BRK_TIMER11_IRQHandler            0x0800017f   Thumb Code     0  startup_gd32e10x.o(.text)
    TIMER7_Channel_IRQHandler                0x0800017f   Thumb Code     0  startup_gd32e10x.o(.text)
    TIMER7_TRG_CMT_TIMER13_IRQHandler        0x0800017f   Thumb Code     0  startup_gd32e10x.o(.text)
    TIMER7_UP_TIMER12_IRQHandler             0x0800017f   Thumb Code     0  startup_gd32e10x.o(.text)
    UART3_IRQHandler                         0x0800017f   Thumb Code     0  startup_gd32e10x.o(.text)
    UART4_IRQHandler                         0x0800017f   Thumb Code     0  startup_gd32e10x.o(.text)
    USART0_IRQHandler                        0x0800017f   Thumb Code     0  startup_gd32e10x.o(.text)
    USART1_IRQHandler                        0x0800017f   Thumb Code     0  startup_gd32e10x.o(.text)
    USART2_IRQHandler                        0x0800017f   Thumb Code     0  startup_gd32e10x.o(.text)
    WWDGT_IRQHandler                         0x0800017f   Thumb Code     0  startup_gd32e10x.o(.text)
    __aeabi_memcpy                           0x08000189   Thumb Code    36  memcpya.o(.text)
    __aeabi_memcpy4                          0x08000189   Thumb Code     0  memcpya.o(.text)
    __aeabi_memcpy8                          0x08000189   Thumb Code     0  memcpya.o(.text)
    __aeabi_memset                           0x080001ad   Thumb Code    14  memseta.o(.text)
    __aeabi_memset4                          0x080001ad   Thumb Code     0  memseta.o(.text)
    __aeabi_memset8                          0x080001ad   Thumb Code     0  memseta.o(.text)
    __aeabi_memclr                           0x080001bb   Thumb Code     4  memseta.o(.text)
    __aeabi_memclr4                          0x080001bb   Thumb Code     0  memseta.o(.text)
    __aeabi_memclr8                          0x080001bb   Thumb Code     0  memseta.o(.text)
    _memset$wrapper                          0x080001bf   Thumb Code    18  memseta.o(.text)
    strlen                                   0x080001d1   Thumb Code    14  strlen.o(.text)
    strcpy                                   0x080001df   Thumb Code    18  strcpy.o(.text)
    __aeabi_dadd                             0x080001f1   Thumb Code   322  dadd.o(.text)
    __aeabi_dsub                             0x08000333   Thumb Code     6  dadd.o(.text)
    __aeabi_drsub                            0x08000339   Thumb Code     6  dadd.o(.text)
    __aeabi_dmul                             0x0800033f   Thumb Code   228  dmul.o(.text)
    __aeabi_ddiv                             0x08000423   Thumb Code   222  ddiv.o(.text)
    __aeabi_dcmplt                           0x08000501   Thumb Code    54  dcmplt.o(.text)
    __aeabi_dcmpge                           0x08000537   Thumb Code    54  dcmpge.o(.text)
    __aeabi_ui2d                             0x0800056d   Thumb Code    26  dfltui.o(.text)
    __aeabi_d2uiz                            0x08000587   Thumb Code    50  dfixui.o(.text)
    __aeabi_f2d                              0x080005b9   Thumb Code    38  f2d.o(.text)
    __aeabi_uidiv                            0x080005df   Thumb Code     0  uidiv.o(.text)
    __aeabi_uidivmod                         0x080005df   Thumb Code    44  uidiv.o(.text)
    __aeabi_uldivmod                         0x0800060b   Thumb Code    98  uldiv.o(.text)
    __aeabi_llsl                             0x0800066d   Thumb Code    30  llshl.o(.text)
    _ll_shift_l                              0x0800066d   Thumb Code     0  llshl.o(.text)
    __aeabi_llsr                             0x0800068b   Thumb Code    32  llushr.o(.text)
    _ll_ushift_r                             0x0800068b   Thumb Code     0  llushr.o(.text)
    __aeabi_lasr                             0x080006ab   Thumb Code    36  llsshr.o(.text)
    _ll_sshift_r                             0x080006ab   Thumb Code     0  llsshr.o(.text)
    __I$use$fp                               0x080006cf   Thumb Code     0  iusefp.o(.text)
    _double_round                            0x080006cf   Thumb Code    30  depilogue.o(.text)
    _double_epilogue                         0x080006ed   Thumb Code   156  depilogue.o(.text)
    _drnd                                    0x08000789   Thumb Code   132  drnd.o(.text)
    __aeabi_d2ulz                            0x08000811   Thumb Code    48  dfixul.o(.text)
    __aeabi_cdcmpeq                          0x08000841   Thumb Code     0  cdcmple.o(.text)
    __aeabi_cdcmple                          0x08000841   Thumb Code    48  cdcmple.o(.text)
    __aeabi_cdrcmple                         0x08000871   Thumb Code    48  cdrcmple.o(.text)
    __scatterload                            0x080008a1   Thumb Code    38  init.o(.text)
    __scatterload_rt2                        0x080008a1   Thumb Code     0  init.o(.text)
    __decompress                             0x080008d1   Thumb Code     0  __dczerorl.o(.text)
    __decompress0                            0x080008d1   Thumb Code    58  __dczerorl.o(.text)
    BusFault_Handler                         0x0800090d   Thumb Code     4  gd32e10x_it.o(.text.BusFault_Handler)
    CtlValue_Init                            0x08000911   Thumb Code   280  ctlloop.o(.text.CtlValue_Init)
    DMA0_Channel0_IRQHandler                 0x08000a31   Thumb Code   838  ctlloop.o(.text.DMA0_Channel0_IRQHandler)
    DebugMon_Handler                         0x08000d79   Thumb Code     2  gd32e10x_it.o(.text.DebugMon_Handler)
    EXTI10_15_IRQHandler                     0x08000d7d   Thumb Code   134  encoder.o(.text.EXTI10_15_IRQHandler)
    HardFault_Handler                        0x08000e05   Thumb Code     4  gd32e10x_it.o(.text.HardFault_Handler)
    LoopCtl                                  0x08000e09   Thumb Code   708  ctlloop.o(.text.LoopCtl)
    MemManage_Handler                        0x080010d1   Thumb Code     4  gd32e10x_it.o(.text.MemManage_Handler)
    NMI_Handler                              0x080010d5   Thumb Code     4  gd32e10x_it.o(.text.NMI_Handler)
    OLED_Clear                               0x08001201   Thumb Code    94  jkd_oled.o(.text.OLED_Clear)
    OLED_ClearArea                           0x08001261   Thumb Code   200  jkd_oled.o(.text.OLED_ClearArea)
    OLED_Init                                0x08001329   Thumb Code    52  jkd_oled.o(.text.OLED_Init)
    OLED_Pow                                 0x0800135d   Thumb Code    38  jkd_oled.o(.text.OLED_Pow)
    OLED_Printf                              0x08001385   Thumb Code    56  jkd_oled.o(.text.OLED_Printf)
    OLED_SetCursor                           0x080013bd   Thumb Code    52  jkd_oled.o(.text.OLED_SetCursor)
    OLED_ShowChar                            0x080013f1   Thumb Code   132  jkd_oled.o(.text.OLED_ShowChar)
    OLED_ShowDirectInit                      0x08001475   Thumb Code   184  jkd_oled.o(.text.OLED_ShowDirectInit)
    OLED_ShowFloatNum                        0x08001531   Thumb Code   352  jkd_oled.o(.text.OLED_ShowFloatNum)
    OLED_ShowImage                           0x08001699   Thumb Code   450  jkd_oled.o(.text.OLED_ShowImage)
    OLED_ShowNum                             0x0800185d   Thumb Code   156  jkd_oled.o(.text.OLED_ShowNum)
    OLED_ShowString                          0x080018f9   Thumb Code    88  jkd_oled.o(.text.OLED_ShowString)
    OLED_Update                              0x08001951   Thumb Code    72  jkd_oled.o(.text.OLED_Update)
    OLED_W_CS                                0x08001999   Thumb Code    56  jkd_oled.o(.text.OLED_W_CS)
    OLED_W_DC                                0x080019d1   Thumb Code    52  jkd_oled.o(.text.OLED_W_DC)
    OLED_W_RES                               0x08001a05   Thumb Code    52  jkd_oled.o(.text.OLED_W_RES)
    OLED_WriteCommand                        0x08001a39   Thumb Code    80  jkd_oled.o(.text.OLED_WriteCommand)
    OLED_WriteData                           0x08001a89   Thumb Code   132  jkd_oled.o(.text.OLED_WriteData)
    OLED_gpioInit                            0x08001b0d   Thumb Code   202  jkd_oled.o(.text.OLED_gpioInit)
    PID_Init                                 0x08001bd9   Thumb Code   104  mypid.o(.text.PID_Init)
    PID_Param_Reset                          0x08001c41   Thumb Code    88  mypid.o(.text.PID_Param_Reset)
    PendSV_Handler                           0x08001c99   Thumb Code     2  gd32e10x_it.o(.text.PendSV_Handler)
    SVC_Handler                              0x08001c9d   Thumb Code     2  gd32e10x_it.o(.text.SVC_Handler)
    SysTick_Handler                          0x08001cf5   Thumb Code    22  gd32e10x_it.o(.text.SysTick_Handler)
    SystemInit                               0x08001d0d   Thumb Code   438  system_gd32e10x.o(.text.SystemInit)
    TIMER2_IRQHandler                        0x08001ec5   Thumb Code     8  gd32e10x_it.o(.text.TIMER2_IRQHandler)
    TIMER5_IRQHandler                        0x08001ecd   Thumb Code    66  function.o(.text.TIMER5_IRQHandler)
    USBFS_IRQHandler                         0x08001f11   Thumb Code    16  gd32e10x_it.o(.text.USBFS_IRQHandler)
    USBFS_WKUP_IRQHandler                    0x08001f21   Thumb Code    66  gd32e10x_it.o(.text.USBFS_WKUP_IRQHandler)
    UsageFault_Handler                       0x08001f65   Thumb Code     4  gd32e10x_it.o(.text.UsageFault_Handler)
    adc0_config                              0x08002791   Thumb Code   172  gd32e10x_eval.o(.text.adc0_config)
    adc_calibration_enable                   0x0800283d   Thumb Code    60  gd32e10x_adc.o(.text.adc_calibration_enable)
    adc_channel_length_config                0x08002879   Thumb Code   110  gd32e10x_adc.o(.text.adc_channel_length_config)
    adc_data_alignment_config                0x080028e9   Thumb Code    40  gd32e10x_adc.o(.text.adc_data_alignment_config)
    adc_deinit                               0x08002911   Thumb Code    82  gd32e10x_adc.o(.text.adc_deinit)
    adc_disp                                 0x08002965   Thumb Code   424  adc_dc_sample.o(.text.adc_disp)
    adc_dma_mode_enable                      0x08002b15   Thumb Code    18  gd32e10x_adc.o(.text.adc_dma_mode_enable)
    adc_enable                               0x08002b29   Thumb Code    30  gd32e10x_adc.o(.text.adc_enable)
    adc_external_trigger_config              0x08002b49   Thumb Code   120  gd32e10x_adc.o(.text.adc_external_trigger_config)
    adc_external_trigger_source_config       0x08002bc1   Thumb Code    82  gd32e10x_adc.o(.text.adc_external_trigger_source_config)
    adc_mode_config                          0x08002c15   Thumb Code    32  gd32e10x_adc.o(.text.adc_mode_config)
    adc_regular_channel_config               0x08002c35   Thumb Code   372  gd32e10x_adc.o(.text.adc_regular_channel_config)
    adc_special_function_config              0x08002da9   Thumb Code   166  gd32e10x_adc.o(.text.adc_special_function_config)
    auto_get_ctr_mode                        0x08002e51   Thumb Code   128  ctlloop.o(.text.auto_get_ctr_mode)
    cdc_acm_check_ready                      0x08002ee1   Thumb Code    72  cdc_acm_core_1.o(.text.cdc_acm_check_ready)
    cdc_acm_data_send                        0x08002f79   Thumb Code    56  cdc_acm_core_1.o(.text.cdc_acm_data_send)
    cdc_send_data                            0x080031c1   Thumb Code    94  usb_print.o(.text.cdc_send_data)
    crc_block_data_calculate                 0x08003221   Thumb Code    64  gd32e10x_crc.o(.text.crc_block_data_calculate)
    crc_data_register_reset                  0x08003261   Thumb Code    18  gd32e10x_crc.o(.text.crc_data_register_reset)
    ctr_pwm_ch                               0x08003275   Thumb Code    68  ctlloop.o(.text.ctr_pwm_ch)
    ctr_pwm_chn                              0x080032b9   Thumb Code    68  ctlloop.o(.text.ctr_pwm_chn)
    ctr_pwm_stop                             0x080032fd   Thumb Code    76  ctlloop.o(.text.ctr_pwm_stop)
    delay_1ms                                0x08003349   Thumb Code    38  systick.o(.text.delay_1ms)
    delay_decrement                          0x08003371   Thumb Code    32  systick.o(.text.delay_decrement)
    dma_channel_enable                       0x08003391   Thumb Code    54  gd32e10x_dma.o(.text.dma_channel_enable)
    dma_circulation_enable                   0x080033c9   Thumb Code    54  gd32e10x_dma.o(.text.dma_circulation_enable)
    dma_config                               0x08003401   Thumb Code   124  gd32e10x_eval.o(.text.dma_config)
    dma_deinit                               0x0800347d   Thumb Code   140  gd32e10x_dma.o(.text.dma_deinit)
    dma_init                                 0x08003509   Thumb Code   328  gd32e10x_dma.o(.text.dma_init)
    dma_interrupt_enable                     0x08003651   Thumb Code    56  gd32e10x_dma.o(.text.dma_interrupt_enable)
    dma_interrupt_flag_clear                 0x08003689   Thumb Code    34  gd32e10x_dma.o(.text.dma_interrupt_flag_clear)
    dma_interrupt_flag_get                   0x080036ad   Thumb Code   212  gd32e10x_dma.o(.text.dma_interrupt_flag_get)
    duty_change                              0x080037bd   Thumb Code    52  ctlloop.o(.text.duty_change)
    duty_limit                               0x080037f1   Thumb Code   128  ctlloop.o(.text.duty_limit)
    encoder_config                           0x08003871   Thumb Code   180  gd32e10x_eval.o(.text.encoder_config)
    encoder_get_count                        0x08003925   Thumb Code    12  encoder.o(.text.encoder_get_count)
    encoder_init                             0x08003931   Thumb Code    84  encoder.o(.text.encoder_init)
    exti_init                                0x08003985   Thumb Code   270  gd32e10x_exti.o(.text.exti_init)
    exti_interrupt_flag_clear                0x08003a95   Thumb Code    20  gd32e10x_exti.o(.text.exti_interrupt_flag_clear)
    exti_interrupt_flag_get                  0x08003aa9   Thumb Code    46  gd32e10x_exti.o(.text.exti_interrupt_flag_get)
    fsm_Proc                                 0x08003ad9   Thumb Code   190  function.o(.text.fsm_Proc)
    gpio_bit_reset                           0x08003b99   Thumb Code    16  gd32e10x_gpio.o(.text.gpio_bit_reset)
    gpio_bit_set                             0x08003ba9   Thumb Code    16  gd32e10x_gpio.o(.text.gpio_bit_set)
    gpio_bit_write                           0x08003bb9   Thumb Code    38  gd32e10x_gpio.o(.text.gpio_bit_write)
    gpio_config                              0x08003be1   Thumb Code   312  gd32e10x_eval.o(.text.gpio_config)
    gpio_exti_source_select                  0x08003d19   Thumb Code   228  gd32e10x_gpio.o(.text.gpio_exti_source_select)
    gpio_init                                0x08003dfd   Thumb Code   388  gd32e10x_gpio.o(.text.gpio_init)
    gpio_input_bit_get                       0x08003f81   Thumb Code    48  gd32e10x_gpio.o(.text.gpio_input_bit_get)
    gpio_output_bit_get                      0x08003fb1   Thumb Code    48  gd32e10x_gpio.o(.text.gpio_output_bit_get)
    gpio_pin_remap_config                    0x08003fe1   Thumb Code   250  gd32e10x_gpio.o(.text.gpio_pin_remap_config)
    int_to_unicode                           0x080041b5   Thumb Code   118  usbd_enum.o(.text.int_to_unicode)
    key_Proc                                 0x0800422d   Thumb Code  1712  function.o(.text.key_Proc)
    key_read                                 0x080048dd   Thumb Code   228  function.o(.text.key_read)
    led_Proc                                 0x080049c1   Thumb Code   162  function.o(.text.led_Proc)
    led_spark                                0x08004a65   Thumb Code    50  function.o(.text.led_spark)
    loop_set_cur_x                           0x08004a99   Thumb Code    58  ctlloop.o(.text.loop_set_cur_x)
    loop_set_cur_y                           0x08004ad5   Thumb Code    58  ctlloop.o(.text.loop_set_cur_y)
    loop_set_vol_x                           0x08004b11   Thumb Code    60  ctlloop.o(.text.loop_set_vol_x)
    loop_set_vol_y                           0x08004b4d   Thumb Code    60  ctlloop.o(.text.loop_set_vol_y)
    main                                     0x08004b89   Thumb Code    28  main.o(.text.main)
    my_Pid_Init                              0x08004ba5   Thumb Code   356  mypid.o(.text.my_Pid_Init)
    my_sys_init                              0x08004d31   Thumb Code    82  function.o(.text.my_sys_init)
    nvic_config                              0x08004d85   Thumb Code    30  gd32e10x_eval.o(.text.nvic_config)
    nvic_irq_enable                          0x08004da5   Thumb Code   138  gd32e10x_misc.o(.text.nvic_irq_enable)
    nvic_priority_group_set                  0x08004e31   Thumb Code    28  gd32e10x_misc.o(.text.nvic_priority_group_set)
    nvic_vector_table_set                    0x08004e4d   Thumb Code    40  gd32e10x_misc.o(.text.nvic_vector_table_set)
    peripheral_config                        0x08004e75   Thumb Code    32  gd32e10x_eval.o(.text.peripheral_config)
    pmu_to_deepsleepmode                     0x08004e95   Thumb Code   258  gd32e10x_pmu.o(.text.pmu_to_deepsleepmode)
    protect_handle_reset                     0x08004f99   Thumb Code   144  protection.o(.text.protect_handle_reset)
    protect_led_reset                        0x08005029   Thumb Code    20  function.o(.text.protect_led_reset)
    rcu_adc_clock_config                     0x08005069   Thumb Code   180  gd32e10x_rcu.o(.text.rcu_adc_clock_config)
    rcu_clock_freq_get                       0x0800511d   Thumb Code   550  gd32e10x_rcu.o(.text.rcu_clock_freq_get)
    rcu_periph_clock_enable                  0x08005345   Thumb Code    40  gd32e10x_rcu.o(.text.rcu_periph_clock_enable)
    rcu_periph_reset_disable                 0x0800536d   Thumb Code    40  gd32e10x_rcu.o(.text.rcu_periph_reset_disable)
    rcu_periph_reset_enable                  0x08005395   Thumb Code    40  gd32e10x_rcu.o(.text.rcu_periph_reset_enable)
    rcu_usb_clock_config                     0x080053bd   Thumb Code    36  gd32e10x_rcu.o(.text.rcu_usb_clock_config)
    send_param_data                          0x080053e1   Thumb Code   444  usb_print.o(.text.send_param_data)
    serial_string_get                        0x080055a1   Thumb Code   134  usbd_enum.o(.text.serial_string_get)
    spi_enable                               0x08005629   Thumb Code    18  gd32e10x_spi.o(.text.spi_enable)
    spi_i2s_data_transmit                    0x0800563d   Thumb Code    20  gd32e10x_spi.o(.text.spi_i2s_data_transmit)
    spi_i2s_deinit                           0x08005651   Thumb Code   116  gd32e10x_spi.o(.text.spi_i2s_deinit)
    spi_i2s_flag_get                         0x080056c5   Thumb Code    48  gd32e10x_spi.o(.text.spi_i2s_flag_get)
    spi_init                                 0x080056f5   Thumb Code   114  gd32e10x_spi.o(.text.spi_init)
    spi_nss_output_enable                    0x08005769   Thumb Code    18  gd32e10x_spi.o(.text.spi_nss_output_enable)
    spi_struct_para_init                     0x0800577d   Thumb Code    38  gd32e10x_spi.o(.text.spi_struct_para_init)
    systick_config                           0x08005909   Thumb Code    50  systick.o(.text.systick_config)
    task_list                                0x0800593d   Thumb Code    16  function.o(.text.task_list)
    timer0_pwm_config                        0x0800594d   Thumb Code   306  gd32e10x_eval.o(.text.timer0_pwm_config)
    timer5_config                            0x08005a81   Thumb Code   138  gd32e10x_eval.o(.text.timer5_config)
    timer_auto_reload_shadow_enable          0x08005b0d   Thumb Code    18  gd32e10x_timer.o(.text.timer_auto_reload_shadow_enable)
    timer_break_config                       0x08005b21   Thumb Code    42  gd32e10x_timer.o(.text.timer_break_config)
    timer_break_struct_para_init             0x08005b4d   Thumb Code    38  gd32e10x_timer.o(.text.timer_break_struct_para_init)
    timer_channel_input_capture_prescaler_config 0x08005b75   Thumb Code   140  gd32e10x_timer.o(.text.timer_channel_input_capture_prescaler_config)
    timer_channel_input_struct_para_init     0x08005c01   Thumb Code    28  gd32e10x_timer.o(.text.timer_channel_input_struct_para_init)
    timer_channel_output_config              0x08005c1d   Thumb Code   720  gd32e10x_timer.o(.text.timer_channel_output_config)
    timer_channel_output_mode_config         0x08005eed   Thumb Code   140  gd32e10x_timer.o(.text.timer_channel_output_mode_config)
    timer_channel_output_pulse_value_config  0x08005f79   Thumb Code    70  gd32e10x_timer.o(.text.timer_channel_output_pulse_value_config)
    timer_channel_output_shadow_config       0x08005fc1   Thumb Code   140  gd32e10x_timer.o(.text.timer_channel_output_shadow_config)
    timer_channel_output_struct_para_init    0x0800604d   Thumb Code    34  gd32e10x_timer.o(.text.timer_channel_output_struct_para_init)
    timer_deinit                             0x08006071   Thumb Code   490  gd32e10x_timer.o(.text.timer_deinit)
    timer_disable                            0x0800625d   Thumb Code    18  gd32e10x_timer.o(.text.timer_disable)
    timer_enable                             0x08006271   Thumb Code    18  gd32e10x_timer.o(.text.timer_enable)
    timer_init                               0x08006285   Thumb Code   272  gd32e10x_timer.o(.text.timer_init)
    timer_input_capture_config               0x08006395   Thumb Code   426  gd32e10x_timer.o(.text.timer_input_capture_config)
    timer_interrupt_disable                  0x08006541   Thumb Code    20  gd32e10x_timer.o(.text.timer_interrupt_disable)
    timer_interrupt_enable                   0x08006555   Thumb Code    20  gd32e10x_timer.o(.text.timer_interrupt_enable)
    timer_interrupt_flag_clear               0x08006569   Thumb Code    18  gd32e10x_timer.o(.text.timer_interrupt_flag_clear)
    timer_interrupt_flag_get                 0x0800657d   Thumb Code    58  gd32e10x_timer.o(.text.timer_interrupt_flag_get)
    timer_master_output_trigger_source_select 0x080065b9   Thumb Code    30  gd32e10x_timer.o(.text.timer_master_output_trigger_source_select)
    timer_primary_output_config              0x080065d9   Thumb Code    46  gd32e10x_timer.o(.text.timer_primary_output_config)
    timer_quadrature_decoder_mode_config     0x08006609   Thumb Code   102  gd32e10x_timer.o(.text.timer_quadrature_decoder_mode_config)
    timer_struct_para_init                   0x08006671   Thumb Code    38  gd32e10x_timer.o(.text.timer_struct_para_init)
    usb_basic_init                           0x08006699   Thumb Code   302  drv_usb_core.o(.text.usb_basic_init)
    usb_clock_active                         0x080067c9   Thumb Code    46  drv_usb_dev_1.o(.text.usb_clock_active)
    usb_core_init                            0x080067f9   Thumb Code   164  drv_usb_core.o(.text.usb_core_init)
    usb_ctlep_startout                       0x080068c9   Thumb Code    20  drv_usb_dev_1.o(.text.usb_ctlep_startout)
    usb_curmode_set                          0x080068dd   Thumb Code    74  drv_usb_core.o(.text.usb_curmode_set)
    usb_devcore_init                         0x08006979   Thumb Code   422  drv_usb_dev_1.o(.text.usb_devcore_init)
    usb_devint_enable                        0x08006b21   Thumb Code    84  drv_usb_dev_1.o(.text.usb_devint_enable)
    usb_iepintr_read                         0x08006bc1   Thumb Code    74  drv_usb_dev_1.o(.text.usb_iepintr_read)
    usb_intr_config                          0x08006c0d   Thumb Code    22  gd32e10x_hw.o(.text.usb_intr_config)
    usb_mdelay                               0x08006c25   Thumb Code    18  gd32e10x_hw.o(.text.usb_mdelay)
    usb_rcu_config                           0x08006c89   Thumb Code   220  gd32e10x_hw.o(.text.usb_rcu_config)
    usb_rxfifo_flush                         0x08006d65   Thumb Code    44  drv_usb_core.o(.text.usb_rxfifo_flush)
    usb_rxfifo_read                          0x08006d91   Thumb Code    60  drv_usb_core.o(.text.usb_rxfifo_read)
    usb_set_txfifo                           0x08006de5   Thumb Code   154  drv_usb_core.o(.text.usb_set_txfifo)
    usb_timer_init                           0x08006e81   Thumb Code    30  gd32e10x_hw.o(.text.usb_timer_init)
    usb_timer_irq                            0x08006ea1   Thumb Code    82  gd32e10x_hw.o(.text.usb_timer_irq)
    usb_transc_active                        0x08006ef5   Thumb Code   228  drv_usb_dev_1.o(.text.usb_transc_active)
    usb_transc_clrstall                      0x08006fd9   Thumb Code   114  drv_usb_dev_1.o(.text.usb_transc_clrstall)
    usb_transc_deactivate                    0x0800704d   Thumb Code   120  drv_usb_dev_1.o(.text.usb_transc_deactivate)
    usb_transc_inxfer                        0x080070c5   Thumb Code   358  drv_usb_dev_1.o(.text.usb_transc_inxfer)
    usb_transc_outxfer                       0x0800722d   Thumb Code   230  drv_usb_dev_1.o(.text.usb_transc_outxfer)
    usb_transc_stall                         0x08007315   Thumb Code   104  drv_usb_dev_1.o(.text.usb_transc_stall)
    usb_txfifo_flush                         0x0800737d   Thumb Code    54  drv_usb_core.o(.text.usb_txfifo_flush)
    usb_txfifo_write                         0x080073b5   Thumb Code    72  drv_usb_core.o(.text.usb_txfifo_write)
    usb_udelay                               0x080073fd   Thumb Code    18  gd32e10x_hw.o(.text.usb_udelay)
    usbd_class_request                       0x08007429   Thumb Code    66  usbd_enum.o(.text.usbd_class_request)
    usbd_connect                             0x0800746d   Thumb Code    22  usbd_core.o(.text.usbd_connect)
    usbd_ctl_recev                           0x08007485   Thumb Code    66  usbd_transc.o(.text.usbd_ctl_recev)
    usbd_ctl_send                            0x080074c9   Thumb Code    64  usbd_transc.o(.text.usbd_ctl_send)
    usbd_ctl_status_recev                    0x08007509   Thumb Code    40  usbd_transc.o(.text.usbd_ctl_status_recev)
    usbd_ctl_status_send                     0x08007531   Thumb Code    40  usbd_transc.o(.text.usbd_ctl_status_send)
    usbd_disconnect                          0x08007559   Thumb Code    22  usbd_core.o(.text.usbd_disconnect)
    usbd_enum_error                          0x0800765d   Thumb Code    34  usbd_enum.o(.text.usbd_enum_error)
    usbd_ep_clear                            0x08007681   Thumb Code    84  usbd_core.o(.text.usbd_ep_clear)
    usbd_ep_recev                            0x080076d5   Thumb Code    72  usbd_core.o(.text.usbd_ep_recev)
    usbd_ep_send                             0x0800771d   Thumb Code    70  usbd_core.o(.text.usbd_ep_send)
    usbd_ep_setup                            0x08007765   Thumb Code   174  usbd_core.o(.text.usbd_ep_setup)
    usbd_ep_stall                            0x08007815   Thumb Code    92  usbd_core.o(.text.usbd_ep_stall)
    usbd_ep_stall_clear                      0x08007871   Thumb Code    94  usbd_core.o(.text.usbd_ep_stall_clear)
    usbd_in_transc                           0x080078d1   Thumb Code   208  usbd_transc.o(.text.usbd_in_transc)
    usbd_init                                0x080079a1   Thumb Code   148  usbd_core.o(.text.usbd_init)
    usbd_isr                                 0x08007eb9   Thumb Code   370  drv_usbd_int.o(.text.usbd_isr)
    usbd_out_transc                          0x0800802d   Thumb Code   174  usbd_transc.o(.text.usbd_out_transc)
    usbd_setup_transc                        0x080080dd   Thumb Code   174  usbd_transc.o(.text.usbd_setup_transc)
    usbd_standard_request                    0x0800818d   Thumb Code    32  usbd_enum.o(.text.usbd_standard_request)
    usbd_vendor_request                      0x080081ad   Thumb Code    12  usbd_enum.o(.text.usbd_vendor_request)
    adc_filter                               0x080081b9   Thumb Code   124  adc_dc_sample.o(RAMCODE)
    PWM_Rise                                 0x08008235   Thumb Code   636  function.o(RAMCODE)
    oled_show                                0x080084b1   Thumb Code  1612  function.o(RAMCODE)
    protect_VoutOVP                          0x08008afd   Thumb Code   292  protection.o(RAMCODE)
    protect_VinOVP                           0x08008c21   Thumb Code   292  protection.o(RAMCODE)
    protect_VinUVP                           0x08008d45   Thumb Code   292  protection.o(RAMCODE)
    protect_VoutOCP                          0x08008e69   Thumb Code   242  protection.o(RAMCODE)
    protect_ShortCircuit                     0x08008f5d   Thumb Code   288  protection.o(RAMCODE)
    PID_Reset                                0x0800907d   Thumb Code    42  mypid.o(RAMCODE)
    PID_Update                               0x080090a9   Thumb Code   442  mypid.o(RAMCODE)
    __0sprintf                               0x08009265   Thumb Code    34  printfa.o(i.__0sprintf)
    __1sprintf                               0x08009265   Thumb Code     0  printfa.o(i.__0sprintf)
    __2sprintf                               0x08009265   Thumb Code     0  printfa.o(i.__0sprintf)
    __c89sprintf                             0x08009265   Thumb Code     0  printfa.o(i.__0sprintf)
    sprintf                                  0x08009265   Thumb Code     0  printfa.o(i.__0sprintf)
    __0vsprintf                              0x0800928d   Thumb Code    30  printfa.o(i.__0vsprintf)
    __1vsprintf                              0x0800928d   Thumb Code     0  printfa.o(i.__0vsprintf)
    __2vsprintf                              0x0800928d   Thumb Code     0  printfa.o(i.__0vsprintf)
    __c89vsprintf                            0x0800928d   Thumb Code     0  printfa.o(i.__0vsprintf)
    vsprintf                                 0x0800928d   Thumb Code     0  printfa.o(i.__0vsprintf)
    __hardfp_round                           0x080092b1   Thumb Code   194  round.o(i.__hardfp_round)
    __scatterload_copy                       0x08009391   Thumb Code    14  handlers.o(i.__scatterload_copy)
    __scatterload_null                       0x0800939f   Thumb Code     2  handlers.o(i.__scatterload_null)
    __scatterload_zeroinit                   0x080093a1   Thumb Code    14  handlers.o(i.__scatterload_zeroinit)
    OLED_F6x8                                0x08009c70   Data         570  oledfont.o(.rodata.OLED_F6x8)
    OLED_F8x16                               0x08009eaa   Data        1520  oledfont.o(.rodata.OLED_F8x16)
    cdc_config_desc                          0x0800a49e   Data          67  cdc_acm_core_1.o(.rodata.cdc_config_desc)
    cdc_dev_desc                             0x0800a4e2   Data          18  cdc_acm_core_1.o(.rodata.cdc_dev_desc)
    cur_range_x                              0x0800a4f4   Data           8  function.o(.rodata.cur_range_x)
    cur_range_y                              0x0800a4fc   Data           8  function.o(.rodata.cur_range_y)
    ep_type                                  0x0800a504   Data          16  usbd_core.o(.rodata.ep_type)
    param_set_step                           0x0800a618   Data          20  function.o(.rodata.param_set_step)
    usbd_cdc_strings                         0x0800a864   Data          16  cdc_acm_core_1.o(.rodata.usbd_cdc_strings)
    vol_range_x                              0x0800a878   Data           8  function.o(.rodata.vol_range_x)
    vol_range_y                              0x0800a880   Data           8  function.o(.rodata.vol_range_y)
    Region$$Table$$Base                      0x0800a888   Number         0  anon$$obj.o(Region$$Table)
    Region$$Table$$Limit                     0x0800a8a8   Number         0  anon$$obj.o(Region$$Table)
    SystemCoreClock                          0x20000000   Data           4  system_gd32e10x.o(.data.SystemCoreClock)
    cdc_class                                0x20000040   Data          48  cdc_acm_core_1.o(.data.cdc_class)
    cdc_desc                                 0x20000070   Data          16  cdc_acm_core_1.o(.data.cdc_desc)
    ctr_value                                0x20000080   Data          88  ctlloop.o(.data.ctr_value)
    my_adc_sample                            0x200000e0   Data          72  adc_dc_sample.o(.data.my_adc_sample)
    pwm_value                                0x20000128   Data           8  ctlloop.o(.data.pwm_value)
    send_data                                0x20000130   Data          20  usb_print.o(.data.send_data)
    timer_prescaler                          0x20000254   Data           2  gd32e10x_hw.o(.data.timer_prescaler)
    OLED_DisplayBuf                          0x20000264   Data        1024  jkd_oled.o(.bss.OLED_DisplayBuf)
    adc_value                                0x20000678   Data          10  gd32e10x_eval.o(.bss.adc_value)
    cdc_acm                                  0x20000684   Data         976  usb_print.o(.bss.cdc_acm)
    ctrState                                 0x20000aac   Data           8  function.o(.bss.ctrState)
    delay_time                               0x20000ab8   Data           4  gd32e10x_hw.o(.bss.delay_time)
    key_down                                 0x20000abc   Data           1  function.o(.bss.key_down)
    key_old                                  0x20000abd   Data           1  function.o(.bss.key_old)
    key_tick                                 0x20000ac0   Data           4  function.o(.bss.key_tick)
    key_value                                0x20000ac4   Data           1  function.o(.bss.key_value)
    led_tick                                 0x20000ac8   Data           4  function.o(.bss.led_tick)
    oled_tick                                0x20000acc   Data           4  function.o(.bss.oled_tick)
    param_set_idx                            0x20000ad0   Data           1  function.o(.bss.param_set_idx)
    pid_CC_Boost                             0x20000ad4   Data          60  mypid.o(.bss.pid_CC_Boost)
    pid_CC_Buck                              0x20000b10   Data          60  mypid.o(.bss.pid_CC_Buck)
    pid_CV_Boost                             0x20000b4c   Data          60  mypid.o(.bss.pid_CV_Boost)
    pid_CV_Boost_with_iL                     0x20000b88   Data          60  mypid.o(.bss.pid_CV_Boost_with_iL)
    pid_CV_Buck                              0x20000bc4   Data          60  mypid.o(.bss.pid_CV_Buck)
    pid_CV_Buck_with_iL                      0x20000c00   Data          60  mypid.o(.bss.pid_CV_Buck_with_iL)
    pid_iL                                   0x20000c3c   Data          60  mypid.o(.bss.pid_iL)
    protect_handle                           0x20000cb0   Data          32  protection.o(.bss.protect_handle)
    show_direct                              0x20000cd0   Data           1  function.o(.bss.show_direct)
    tx_buf                                   0x20000cd1   Data          50  function.o(.bss.tx_buf)
    usbfs_prescaler                          0x20000d04   Data           4  gd32e10x_hw.o(.bss.usbfs_prescaler)
    uwTick                                   0x20000d08   Data           4  gd32e10x_it.o(.bss.uwTick)
    __initial_sp                             0x20001510   Data           0  startup_gd32e10x.o(STACK)



==============================================================================

Memory Map of the image

  Image Entry point : 0x08000151

  Load Region LR_IROM1 (Base: 0x08000000, Size: 0x0000ab00, Max: 0x00010000, ABSOLUTE, COMPRESSED[0x0000a958])

    Execution Region ER_IROM1 (Exec base: 0x08000000, Load base: 0x08000000, Size: 0x0000a8a8, Max: 0x00010000, ABSOLUTE)

    Exec Addr    Load Addr    Size         Type   Attr      Idx    E Section Name        Object

    0x08000000   0x08000000   0x00000150   Data   RO         1277    RESET               startup_gd32e10x.o
    0x08000150   0x08000150   0x00000000   Code   RO         1884  * .ARM.Collect$$$$00000000  mc_w.l(entry.o)
    0x08000150   0x08000150   0x00000004   Code   RO         1977    .ARM.Collect$$$$00000001  mc_w.l(entry2.o)
    0x08000154   0x08000154   0x00000004   Code   RO         1980    .ARM.Collect$$$$00000004  mc_w.l(entry5.o)
    0x08000158   0x08000158   0x00000000   Code   RO         1982    .ARM.Collect$$$$00000008  mc_w.l(entry7b.o)
    0x08000158   0x08000158   0x00000000   Code   RO         1984    .ARM.Collect$$$$0000000A  mc_w.l(entry8b.o)
    0x08000158   0x08000158   0x00000008   Code   RO         1985    .ARM.Collect$$$$0000000B  mc_w.l(entry9a.o)
    0x08000160   0x08000160   0x00000000   Code   RO         1987    .ARM.Collect$$$$0000000D  mc_w.l(entry10a.o)
    0x08000160   0x08000160   0x00000000   Code   RO         1989    .ARM.Collect$$$$0000000F  mc_w.l(entry11a.o)
    0x08000160   0x08000160   0x00000004   Code   RO         1978    .ARM.Collect$$$$00002712  mc_w.l(entry2.o)
    0x08000164   0x08000164   0x00000024   Code   RO         1278    .text               startup_gd32e10x.o
    0x08000188   0x08000188   0x00000024   Code   RO         1887    .text               mc_w.l(memcpya.o)
    0x080001ac   0x080001ac   0x00000024   Code   RO         1889    .text               mc_w.l(memseta.o)
    0x080001d0   0x080001d0   0x0000000e   Code   RO         1891    .text               mc_w.l(strlen.o)
    0x080001de   0x080001de   0x00000012   Code   RO         1895    .text               mc_w.l(strcpy.o)
    0x080001f0   0x080001f0   0x0000014e   Code   RO         1927    .text               mf_w.l(dadd.o)
    0x0800033e   0x0800033e   0x000000e4   Code   RO         1929    .text               mf_w.l(dmul.o)
    0x08000422   0x08000422   0x000000de   Code   RO         1931    .text               mf_w.l(ddiv.o)
    0x08000500   0x08000500   0x00000036   Code   RO         1933    .text               mf_w.l(dcmplt.o)
    0x08000536   0x08000536   0x00000036   Code   RO         1935    .text               mf_w.l(dcmpge.o)
    0x0800056c   0x0800056c   0x0000001a   Code   RO         1939    .text               mf_w.l(dfltui.o)
    0x08000586   0x08000586   0x00000032   Code   RO         1943    .text               mf_w.l(dfixui.o)
    0x080005b8   0x080005b8   0x00000026   Code   RO         1945    .text               mf_w.l(f2d.o)
    0x080005de   0x080005de   0x0000002c   Code   RO         2005    .text               mc_w.l(uidiv.o)
    0x0800060a   0x0800060a   0x00000062   Code   RO         2007    .text               mc_w.l(uldiv.o)
    0x0800066c   0x0800066c   0x0000001e   Code   RO         2009    .text               mc_w.l(llshl.o)
    0x0800068a   0x0800068a   0x00000020   Code   RO         2011    .text               mc_w.l(llushr.o)
    0x080006aa   0x080006aa   0x00000024   Code   RO         2013    .text               mc_w.l(llsshr.o)
    0x080006ce   0x080006ce   0x00000000   Code   RO         2022    .text               mc_w.l(iusefp.o)
    0x080006ce   0x080006ce   0x000000ba   Code   RO         2025    .text               mf_w.l(depilogue.o)
    0x08000788   0x08000788   0x00000088   Code   RO         2029    .text               mf_w.l(drnd.o)
    0x08000810   0x08000810   0x00000030   Code   RO         2031    .text               mf_w.l(dfixul.o)
    0x08000840   0x08000840   0x00000030   Code   RO         2033    .text               mf_w.l(cdcmple.o)
    0x08000870   0x08000870   0x00000030   Code   RO         2035    .text               mf_w.l(cdrcmple.o)
    0x080008a0   0x080008a0   0x00000030   Code   RO         2041    .text               mc_w.l(init.o)
    0x080008d0   0x080008d0   0x0000003a   Code   RO         2053    .text               mc_w.l(__dczerorl.o)
    0x0800090a   0x0800090a   0x00000002   PAD
    0x0800090c   0x0800090c   0x00000004   Code   RO           17    .text.BusFault_Handler  gd32e10x_it.o
    0x08000910   0x08000910   0x00000120   Code   RO         1437    .text.CtlValue_Init  ctlloop.o
    0x08000a30   0x08000a30   0x00000346   Code   RO         1463    .text.DMA0_Channel0_IRQHandler  ctlloop.o
    0x08000d76   0x08000d76   0x00000002   PAD
    0x08000d78   0x08000d78   0x00000002   Code   RO           23    .text.DebugMon_Handler  gd32e10x_it.o
    0x08000d7a   0x08000d7a   0x00000002   PAD
    0x08000d7c   0x08000d7c   0x00000086   Code   RO         1599    .text.EXTI10_15_IRQHandler  encoder.o
    0x08000e02   0x08000e02   0x00000002   PAD
    0x08000e04   0x08000e04   0x00000004   Code   RO           13    .text.HardFault_Handler  gd32e10x_it.o
    0x08000e08   0x08000e08   0x000002c8   Code   RO         1461    .text.LoopCtl       ctlloop.o
    0x080010d0   0x080010d0   0x00000004   Code   RO           15    .text.MemManage_Handler  gd32e10x_it.o
    0x080010d4   0x080010d4   0x00000004   Code   RO           11    .text.NMI_Handler   gd32e10x_it.o
    0x080010d8   0x080010d8   0x00000024   Code   RO          725    .text.NVIC_EnableIRQ  gd32e10x_misc.o
    0x080010fc   0x080010fc   0x0000006c   Code   RO          721    .text.NVIC_EncodePriority  gd32e10x_misc.o
    0x08001168   0x08001168   0x00000010   Code   RO          719    .text.NVIC_GetPriorityGrouping  gd32e10x_misc.o
    0x08001178   0x08001178   0x00000044   Code   RO           47    .text.NVIC_SetPriority  systick.o
    0x080011bc   0x080011bc   0x00000044   Code   RO          723    .text.NVIC_SetPriority  gd32e10x_misc.o
    0x08001200   0x08001200   0x0000005e   Code   RO         1329    .text.OLED_Clear    jkd_oled.o
    0x0800125e   0x0800125e   0x00000002   PAD
    0x08001260   0x08001260   0x000000c8   Code   RO         1345    .text.OLED_ClearArea  jkd_oled.o
    0x08001328   0x08001328   0x00000034   Code   RO         1333    .text.OLED_Init     jkd_oled.o
    0x0800135c   0x0800135c   0x00000026   Code   RO         1337    .text.OLED_Pow      jkd_oled.o
    0x08001382   0x08001382   0x00000002   PAD
    0x08001384   0x08001384   0x00000038   Code   RO         1369    .text.OLED_Printf   jkd_oled.o
    0x080013bc   0x080013bc   0x00000034   Code   RO         1335    .text.OLED_SetCursor  jkd_oled.o
    0x080013f0   0x080013f0   0x00000084   Code   RO         1351    .text.OLED_ShowChar  jkd_oled.o
    0x08001474   0x08001474   0x000000b8   Code   RO         1327    .text.OLED_ShowDirectInit  jkd_oled.o
    0x0800152c   0x0800152c   0x00000004   PAD
    0x08001530   0x08001530   0x00000168   Code   RO         1365    .text.OLED_ShowFloatNum  jkd_oled.o
    0x08001698   0x08001698   0x000001c2   Code   RO         1353    .text.OLED_ShowImage  jkd_oled.o
    0x0800185a   0x0800185a   0x00000002   PAD
    0x0800185c   0x0800185c   0x0000009c   Code   RO         1357    .text.OLED_ShowNum  jkd_oled.o
    0x080018f8   0x080018f8   0x00000058   Code   RO         1355    .text.OLED_ShowString  jkd_oled.o
    0x08001950   0x08001950   0x00000048   Code   RO         1331    .text.OLED_Update   jkd_oled.o
    0x08001998   0x08001998   0x00000038   Code   RO         1319    .text.OLED_W_CS     jkd_oled.o
    0x080019d0   0x080019d0   0x00000034   Code   RO         1317    .text.OLED_W_DC     jkd_oled.o
    0x08001a04   0x08001a04   0x00000034   Code   RO         1315    .text.OLED_W_RES    jkd_oled.o
    0x08001a38   0x08001a38   0x00000050   Code   RO         1323    .text.OLED_WriteCommand  jkd_oled.o
    0x08001a88   0x08001a88   0x00000084   Code   RO         1325    .text.OLED_WriteData  jkd_oled.o
    0x08001b0c   0x08001b0c   0x000000ca   Code   RO         1321    .text.OLED_gpioInit  jkd_oled.o
    0x08001bd6   0x08001bd6   0x00000002   PAD
    0x08001bd8   0x08001bd8   0x00000068   Code   RO         1559    .text.PID_Init      mypid.o
    0x08001c40   0x08001c40   0x00000058   Code   RO         1561    .text.PID_Param_Reset  mypid.o
    0x08001c98   0x08001c98   0x00000002   Code   RO           25    .text.PendSV_Handler  gd32e10x_it.o
    0x08001c9a   0x08001c9a   0x00000002   PAD
    0x08001c9c   0x08001c9c   0x00000002   Code   RO           21    .text.SVC_Handler   gd32e10x_it.o
    0x08001c9e   0x08001c9e   0x00000002   PAD
    0x08001ca0   0x08001ca0   0x00000052   Code   RO           45    .text.SysTick_Config  systick.o
    0x08001cf2   0x08001cf2   0x00000002   PAD
    0x08001cf4   0x08001cf4   0x00000016   Code   RO           27    .text.SysTick_Handler  gd32e10x_it.o
    0x08001d0a   0x08001d0a   0x00000002   PAD
    0x08001d0c   0x08001d0c   0x000001b6   Code   RO           87    .text.SystemInit    system_gd32e10x.o
    0x08001ec2   0x08001ec2   0x00000002   PAD
    0x08001ec4   0x08001ec4   0x00000008   Code   RO           29    .text.TIMER2_IRQHandler  gd32e10x_it.o
    0x08001ecc   0x08001ecc   0x00000042   Code   RO         1476    .text.TIMER5_IRQHandler  function.o
    0x08001f0e   0x08001f0e   0x00000002   PAD
    0x08001f10   0x08001f10   0x00000010   Code   RO           33    .text.USBFS_IRQHandler  gd32e10x_it.o
    0x08001f20   0x08001f20   0x00000042   Code   RO           31    .text.USBFS_WKUP_IRQHandler  gd32e10x_it.o
    0x08001f62   0x08001f62   0x00000002   PAD
    0x08001f64   0x08001f64   0x00000004   Code   RO           19    .text.UsageFault_Handler  gd32e10x_it.o
    0x08001f68   0x08001f68   0x00000028   Code   RO           89    .text._soft_delay_  system_gd32e10x.o
    0x08001f90   0x08001f90   0x00000024   Code   RO         1704    .text._usb_bos_desc_get  usbd_enum.o
    0x08001fb4   0x08001fb4   0x0000002a   Code   RO         1708    .text._usb_config_desc_get  usbd_enum.o
    0x08001fde   0x08001fde   0x00000002   PAD
    0x08001fe0   0x08001fe0   0x00000024   Code   RO         1706    .text._usb_dev_desc_get  usbd_enum.o
    0x08002004   0x08002004   0x000000c6   Code   RO         1678    .text._usb_std_clearfeature  usbd_enum.o
    0x080020ca   0x080020ca   0x00000002   PAD
    0x080020cc   0x080020cc   0x00000074   Code   RO         1690    .text._usb_std_getconfiguration  usbd_enum.o
    0x08002140   0x08002140   0x00000198   Code   RO         1686    .text._usb_std_getdescriptor  usbd_enum.o
    0x080022d8   0x080022d8   0x00000068   Code   RO         1694    .text._usb_std_getinterface  usbd_enum.o
    0x08002340   0x08002340   0x00000146   Code   RO         1676    .text._usb_std_getstatus  usbd_enum.o
    0x08002486   0x08002486   0x00000002   PAD
    0x08002488   0x08002488   0x0000000c   Code   RO         1680    .text._usb_std_reserved  usbd_enum.o
    0x08002494   0x08002494   0x00000074   Code   RO         1684    .text._usb_std_setaddress  usbd_enum.o
    0x08002508   0x08002508   0x0000011a   Code   RO         1692    .text._usb_std_setconfiguration  usbd_enum.o
    0x08002622   0x08002622   0x00000002   PAD
    0x08002624   0x08002624   0x0000000c   Code   RO         1688    .text._usb_std_setdescriptor  usbd_enum.o
    0x08002630   0x08002630   0x000000bc   Code   RO         1682    .text._usb_std_setfeature  usbd_enum.o
    0x080026ec   0x080026ec   0x0000006c   Code   RO         1696    .text._usb_std_setinterface  usbd_enum.o
    0x08002758   0x08002758   0x0000000c   Code   RO         1698    .text._usb_std_synchframe  usbd_enum.o
    0x08002764   0x08002764   0x0000002a   Code   RO         1710    .text._usb_str_desc_get  usbd_enum.o
    0x0800278e   0x0800278e   0x00000002   PAD
    0x08002790   0x08002790   0x000000ac   Code   RO         1297    .text.adc0_config   gd32e10x_eval.o
    0x0800283c   0x0800283c   0x0000003c   Code   RO          120    .text.adc_calibration_enable  gd32e10x_adc.o
    0x08002878   0x08002878   0x0000006e   Code   RO          140    .text.adc_channel_length_config  gd32e10x_adc.o
    0x080028e6   0x080028e6   0x00000002   PAD
    0x080028e8   0x080028e8   0x00000028   Code   RO          114    .text.adc_data_alignment_config  gd32e10x_adc.o
    0x08002910   0x08002910   0x00000052   Code   RO          108    .text.adc_deinit    gd32e10x_adc.o
    0x08002962   0x08002962   0x00000002   PAD
    0x08002964   0x08002964   0x000001b0   Code   RO         1414    .text.adc_disp      adc_dc_sample.o
    0x08002b14   0x08002b14   0x00000012   Code   RO          134    .text.adc_dma_mode_enable  gd32e10x_adc.o
    0x08002b26   0x08002b26   0x00000002   PAD
    0x08002b28   0x08002b28   0x0000001e   Code   RO          116    .text.adc_enable    gd32e10x_adc.o
    0x08002b46   0x08002b46   0x00000002   PAD
    0x08002b48   0x08002b48   0x00000078   Code   RO          150    .text.adc_external_trigger_config  gd32e10x_adc.o
    0x08002bc0   0x08002bc0   0x00000052   Code   RO          148    .text.adc_external_trigger_source_config  gd32e10x_adc.o
    0x08002c12   0x08002c12   0x00000002   PAD
    0x08002c14   0x08002c14   0x00000020   Code   RO          110    .text.adc_mode_config  gd32e10x_adc.o
    0x08002c34   0x08002c34   0x00000174   Code   RO          142    .text.adc_regular_channel_config  gd32e10x_adc.o
    0x08002da8   0x08002da8   0x000000a6   Code   RO          112    .text.adc_special_function_config  gd32e10x_adc.o
    0x08002e4e   0x08002e4e   0x00000002   PAD
    0x08002e50   0x08002e50   0x00000090   Code   RO         1439    .text.auto_get_ctr_mode  ctlloop.o
    0x08002ee0   0x08002ee0   0x00000048   Code   RO         1852    .text.cdc_acm_check_ready  cdc_acm_core_1.o
    0x08002f28   0x08002f28   0x00000050   Code   RO         1846    .text.cdc_acm_ctlx_out  cdc_acm_core_1.o
    0x08002f78   0x08002f78   0x00000038   Code   RO         1854    .text.cdc_acm_data_send  cdc_acm_core_1.o
    0x08002fb0   0x08002fb0   0x00000028   Code   RO         1842    .text.cdc_acm_deinit  cdc_acm_core_1.o
    0x08002fd8   0x08002fd8   0x00000062   Code   RO         1848    .text.cdc_acm_in    cdc_acm_core_1.o
    0x0800303a   0x0800303a   0x00000002   PAD
    0x0800303c   0x0800303c   0x00000070   Code   RO         1840    .text.cdc_acm_init  cdc_acm_core_1.o
    0x080030ac   0x080030ac   0x00000034   Code   RO         1850    .text.cdc_acm_out   cdc_acm_core_1.o
    0x080030e0   0x080030e0   0x000000e0   Code   RO         1844    .text.cdc_acm_req   cdc_acm_core_1.o
    0x080031c0   0x080031c0   0x0000005e   Code   RO         1611    .text.cdc_send_data  usb_print.o
    0x0800321e   0x0800321e   0x00000002   PAD
    0x08003220   0x08003220   0x00000040   Code   RO          250    .text.crc_block_data_calculate  gd32e10x_crc.o
    0x08003260   0x08003260   0x00000012   Code   RO          240    .text.crc_data_register_reset  gd32e10x_crc.o
    0x08003272   0x08003272   0x00000002   PAD
    0x08003274   0x08003274   0x00000044   Code   RO         1445    .text.ctr_pwm_ch    ctlloop.o
    0x080032b8   0x080032b8   0x00000044   Code   RO         1447    .text.ctr_pwm_chn   ctlloop.o
    0x080032fc   0x080032fc   0x0000004c   Code   RO         1451    .text.ctr_pwm_stop  ctlloop.o
    0x08003348   0x08003348   0x00000026   Code   RO           49    .text.delay_1ms     systick.o
    0x0800336e   0x0800336e   0x00000002   PAD
    0x08003370   0x08003370   0x00000020   Code   RO           51    .text.delay_decrement  systick.o
    0x08003390   0x08003390   0x00000036   Code   RO          396    .text.dma_channel_enable  gd32e10x_dma.o
    0x080033c6   0x080033c6   0x00000002   PAD
    0x080033c8   0x080033c8   0x00000036   Code   RO          388    .text.dma_circulation_enable  gd32e10x_dma.o
    0x080033fe   0x080033fe   0x00000002   PAD
    0x08003400   0x08003400   0x0000007c   Code   RO         1295    .text.dma_config    gd32e10x_eval.o
    0x0800347c   0x0800347c   0x0000008c   Code   RO          380    .text.dma_deinit    gd32e10x_dma.o
    0x08003508   0x08003508   0x00000148   Code   RO          386    .text.dma_init      gd32e10x_dma.o
    0x08003650   0x08003650   0x00000038   Code   RO          432    .text.dma_interrupt_enable  gd32e10x_dma.o
    0x08003688   0x08003688   0x00000022   Code   RO          430    .text.dma_interrupt_flag_clear  gd32e10x_dma.o
    0x080036aa   0x080036aa   0x00000002   PAD
    0x080036ac   0x080036ac   0x000000d4   Code   RO          428    .text.dma_interrupt_flag_get  gd32e10x_dma.o
    0x08003780   0x08003780   0x0000003a   Code   RO          382    .text.dma_periph_and_channel_check  gd32e10x_dma.o
    0x080037ba   0x080037ba   0x00000002   PAD
    0x080037bc   0x080037bc   0x00000034   Code   RO         1443    .text.duty_change   ctlloop.o
    0x080037f0   0x080037f0   0x00000080   Code   RO         1441    .text.duty_limit    ctlloop.o
    0x08003870   0x08003870   0x000000b4   Code   RO         1291    .text.encoder_config  gd32e10x_eval.o
    0x08003924   0x08003924   0x0000000c   Code   RO         1591    .text.encoder_get_count  encoder.o
    0x08003930   0x08003930   0x00000054   Code   RO         1589    .text.encoder_init  encoder.o
    0x08003984   0x08003984   0x0000010e   Code   RO          464    .text.exti_init     gd32e10x_exti.o
    0x08003a92   0x08003a92   0x00000002   PAD
    0x08003a94   0x08003a94   0x00000014   Code   RO          484    .text.exti_interrupt_flag_clear  gd32e10x_exti.o
    0x08003aa8   0x08003aa8   0x0000002e   Code   RO          482    .text.exti_interrupt_flag_get  gd32e10x_exti.o
    0x08003ad6   0x08003ad6   0x00000002   PAD
    0x08003ad8   0x08003ad8   0x000000be   Code   RO         1478    .text.fsm_Proc      function.o
    0x08003b96   0x08003b96   0x00000002   PAD
    0x08003b98   0x08003b98   0x00000010   Code   RO          601    .text.gpio_bit_reset  gd32e10x_gpio.o
    0x08003ba8   0x08003ba8   0x00000010   Code   RO          599    .text.gpio_bit_set  gd32e10x_gpio.o
    0x08003bb8   0x08003bb8   0x00000026   Code   RO          603    .text.gpio_bit_write  gd32e10x_gpio.o
    0x08003bde   0x08003bde   0x00000002   PAD
    0x08003be0   0x08003be0   0x00000138   Code   RO         1285    .text.gpio_config   gd32e10x_eval.o
    0x08003d18   0x08003d18   0x000000e4   Code   RO          617    .text.gpio_exti_source_select  gd32e10x_gpio.o
    0x08003dfc   0x08003dfc   0x00000184   Code   RO          597    .text.gpio_init     gd32e10x_gpio.o
    0x08003f80   0x08003f80   0x00000030   Code   RO          607    .text.gpio_input_bit_get  gd32e10x_gpio.o
    0x08003fb0   0x08003fb0   0x00000030   Code   RO          611    .text.gpio_output_bit_get  gd32e10x_gpio.o
    0x08003fe0   0x08003fe0   0x000000fa   Code   RO          615    .text.gpio_pin_remap_config  gd32e10x_gpio.o
    0x080040da   0x080040da   0x00000002   PAD
    0x080040dc   0x080040dc   0x00000040   Code   RO           69    .text.hw_delay      gd32e10x_hw.o
    0x0800411c   0x0800411c   0x00000096   Code   RO           75    .text.hw_time_set   gd32e10x_hw.o
    0x080041b2   0x080041b2   0x00000002   PAD
    0x080041b4   0x080041b4   0x00000076   Code   RO         1672    .text.int_to_unicode  usbd_enum.o
    0x0800422a   0x0800422a   0x00000002   PAD
    0x0800422c   0x0800422c   0x000006b0   Code   RO         1484    .text.key_Proc      function.o
    0x080048dc   0x080048dc   0x000000e4   Code   RO         1492    .text.key_read      function.o
    0x080049c0   0x080049c0   0x000000a2   Code   RO         1486    .text.led_Proc      function.o
    0x08004a62   0x08004a62   0x00000002   PAD
    0x08004a64   0x08004a64   0x00000032   Code   RO         1488    .text.led_spark     function.o
    0x08004a96   0x08004a96   0x00000002   PAD
    0x08004a98   0x08004a98   0x0000003a   Code   RO         1457    .text.loop_set_cur_x  ctlloop.o
    0x08004ad2   0x08004ad2   0x00000002   PAD
    0x08004ad4   0x08004ad4   0x0000003a   Code   RO         1459    .text.loop_set_cur_y  ctlloop.o
    0x08004b0e   0x08004b0e   0x00000002   PAD
    0x08004b10   0x08004b10   0x0000003c   Code   RO         1453    .text.loop_set_vol_x  ctlloop.o
    0x08004b4c   0x08004b4c   0x0000003c   Code   RO         1455    .text.loop_set_vol_y  ctlloop.o
    0x08004b88   0x08004b88   0x0000001c   Code   RO            2    .text.main          main.o
    0x08004ba4   0x08004ba4   0x0000018c   Code   RO         1557    .text.my_Pid_Init   mypid.o
    0x08004d30   0x08004d30   0x00000052   Code   RO         1474    .text.my_sys_init   function.o
    0x08004d82   0x08004d82   0x00000002   PAD
    0x08004d84   0x08004d84   0x0000001e   Code   RO         1299    .text.nvic_config   gd32e10x_eval.o
    0x08004da2   0x08004da2   0x00000002   PAD
    0x08004da4   0x08004da4   0x0000008a   Code   RO          717    .text.nvic_irq_enable  gd32e10x_misc.o
    0x08004e2e   0x08004e2e   0x00000002   PAD
    0x08004e30   0x08004e30   0x0000001c   Code   RO          715    .text.nvic_priority_group_set  gd32e10x_misc.o
    0x08004e4c   0x08004e4c   0x00000028   Code   RO          729    .text.nvic_vector_table_set  gd32e10x_misc.o
    0x08004e74   0x08004e74   0x00000020   Code   RO         1301    .text.peripheral_config  gd32e10x_eval.o
    0x08004e94   0x08004e94   0x00000102   Code   RO          754    .text.pmu_to_deepsleepmode  gd32e10x_pmu.o
    0x08004f96   0x08004f96   0x00000002   PAD
    0x08004f98   0x08004f98   0x00000090   Code   RO         1533    .text.protect_handle_reset  protection.o
    0x08005028   0x08005028   0x00000014   Code   RO         1490    .text.protect_led_reset  function.o
    0x0800503c   0x0800503c   0x0000002a   Code   RO         1537    .text.protect_trigger_action  protection.o
    0x08005066   0x08005066   0x00000002   PAD
    0x08005068   0x08005068   0x000000b4   Code   RO          822    .text.rcu_adc_clock_config  gd32e10x_rcu.o
    0x0800511c   0x0800511c   0x00000226   Code   RO          864    .text.rcu_clock_freq_get  gd32e10x_rcu.o
    0x08005342   0x08005342   0x00000002   PAD
    0x08005344   0x08005344   0x00000028   Code   RO          782    .text.rcu_periph_clock_enable  gd32e10x_rcu.o
    0x0800536c   0x0800536c   0x00000028   Code   RO          792    .text.rcu_periph_reset_disable  gd32e10x_rcu.o
    0x08005394   0x08005394   0x00000028   Code   RO          790    .text.rcu_periph_reset_enable  gd32e10x_rcu.o
    0x080053bc   0x080053bc   0x00000024   Code   RO          824    .text.rcu_usb_clock_config  gd32e10x_rcu.o
    0x080053e0   0x080053e0   0x000001c0   Code   RO         1615    .text.send_param_data  usb_print.o
    0x080055a0   0x080055a0   0x00000086   Code   RO         1674    .text.serial_string_get  usbd_enum.o
    0x08005626   0x08005626   0x00000002   PAD
    0x08005628   0x08005628   0x00000012   Code   RO          918    .text.spi_enable    gd32e10x_spi.o
    0x0800563a   0x0800563a   0x00000002   PAD
    0x0800563c   0x0800563c   0x00000014   Code   RO          944    .text.spi_i2s_data_transmit  gd32e10x_spi.o
    0x08005650   0x08005650   0x00000074   Code   RO          912    .text.spi_i2s_deinit  gd32e10x_spi.o
    0x080056c4   0x080056c4   0x00000030   Code   RO          988    .text.spi_i2s_flag_get  gd32e10x_spi.o
    0x080056f4   0x080056f4   0x00000072   Code   RO          916    .text.spi_init      gd32e10x_spi.o
    0x08005766   0x08005766   0x00000002   PAD
    0x08005768   0x08005768   0x00000012   Code   RO          930    .text.spi_nss_output_enable  gd32e10x_spi.o
    0x0800577a   0x0800577a   0x00000002   PAD
    0x0800577c   0x0800577c   0x00000026   Code   RO          914    .text.spi_struct_para_init  gd32e10x_spi.o
    0x080057a2   0x080057a2   0x00000002   PAD
    0x080057a4   0x080057a4   0x0000015c   Code   RO           97    .text.system_clock_120m_hxtal  system_gd32e10x.o
    0x08005900   0x08005900   0x00000008   Code   RO           91    .text.system_clock_config  system_gd32e10x.o
    0x08005908   0x08005908   0x00000032   Code   RO           43    .text.systick_config  systick.o
    0x0800593a   0x0800593a   0x00000002   PAD
    0x0800593c   0x0800593c   0x00000010   Code   RO         1482    .text.task_list     function.o
    0x0800594c   0x0800594c   0x00000132   Code   RO         1293    .text.timer0_pwm_config  gd32e10x_eval.o
    0x08005a7e   0x08005a7e   0x00000002   PAD
    0x08005a80   0x08005a80   0x0000008a   Code   RO         1287    .text.timer5_config  gd32e10x_eval.o
    0x08005b0a   0x08005b0a   0x00000002   PAD
    0x08005b0c   0x08005b0c   0x00000012   Code   RO         1007    .text.timer_auto_reload_shadow_enable  gd32e10x_timer.o
    0x08005b1e   0x08005b1e   0x00000002   PAD
    0x08005b20   0x08005b20   0x0000002a   Code   RO         1049    .text.timer_break_config  gd32e10x_timer.o
    0x08005b4a   0x08005b4a   0x00000002   PAD
    0x08005b4c   0x08005b4c   0x00000026   Code   RO         1047    .text.timer_break_struct_para_init  gd32e10x_timer.o
    0x08005b72   0x08005b72   0x00000002   PAD
    0x08005b74   0x08005b74   0x0000008c   Code   RO         1091    .text.timer_channel_input_capture_prescaler_config  gd32e10x_timer.o
    0x08005c00   0x08005c00   0x0000001c   Code   RO         1087    .text.timer_channel_input_struct_para_init  gd32e10x_timer.o
    0x08005c1c   0x08005c1c   0x000002d0   Code   RO         1067    .text.timer_channel_output_config  gd32e10x_timer.o
    0x08005eec   0x08005eec   0x0000008c   Code   RO         1069    .text.timer_channel_output_mode_config  gd32e10x_timer.o
    0x08005f78   0x08005f78   0x00000046   Code   RO         1071    .text.timer_channel_output_pulse_value_config  gd32e10x_timer.o
    0x08005fbe   0x08005fbe   0x00000002   PAD
    0x08005fc0   0x08005fc0   0x0000008c   Code   RO         1073    .text.timer_channel_output_shadow_config  gd32e10x_timer.o
    0x0800604c   0x0800604c   0x00000022   Code   RO         1065    .text.timer_channel_output_struct_para_init  gd32e10x_timer.o
    0x0800606e   0x0800606e   0x00000002   PAD
    0x08006070   0x08006070   0x000001ea   Code   RO          997    .text.timer_deinit  gd32e10x_timer.o
    0x0800625a   0x0800625a   0x00000002   PAD
    0x0800625c   0x0800625c   0x00000012   Code   RO         1005    .text.timer_disable  gd32e10x_timer.o
    0x0800626e   0x0800626e   0x00000002   PAD
    0x08006270   0x08006270   0x00000012   Code   RO         1003    .text.timer_enable  gd32e10x_timer.o
    0x08006282   0x08006282   0x00000002   PAD
    0x08006284   0x08006284   0x00000110   Code   RO         1001    .text.timer_init    gd32e10x_timer.o
    0x08006394   0x08006394   0x000001aa   Code   RO         1089    .text.timer_input_capture_config  gd32e10x_timer.o
    0x0800653e   0x0800653e   0x00000002   PAD
    0x08006540   0x08006540   0x00000014   Code   RO         1129    .text.timer_interrupt_disable  gd32e10x_timer.o
    0x08006554   0x08006554   0x00000014   Code   RO         1127    .text.timer_interrupt_enable  gd32e10x_timer.o
    0x08006568   0x08006568   0x00000012   Code   RO         1133    .text.timer_interrupt_flag_clear  gd32e10x_timer.o
    0x0800657a   0x0800657a   0x00000002   PAD
    0x0800657c   0x0800657c   0x0000003a   Code   RO         1131    .text.timer_interrupt_flag_get  gd32e10x_timer.o
    0x080065b6   0x080065b6   0x00000002   PAD
    0x080065b8   0x080065b8   0x0000001e   Code   RO         1101    .text.timer_master_output_trigger_source_select  gd32e10x_timer.o
    0x080065d6   0x080065d6   0x00000002   PAD
    0x080065d8   0x080065d8   0x0000002e   Code   RO         1059    .text.timer_primary_output_config  gd32e10x_timer.o
    0x08006606   0x08006606   0x00000002   PAD
    0x08006608   0x08006608   0x00000066   Code   RO         1109    .text.timer_quadrature_decoder_mode_config  gd32e10x_timer.o
    0x0800666e   0x0800666e   0x00000002   PAD
    0x08006670   0x08006670   0x00000026   Code   RO          999    .text.timer_struct_para_init  gd32e10x_timer.o
    0x08006696   0x08006696   0x00000002   PAD
    0x08006698   0x08006698   0x0000012e   Code   RO         1744    .text.usb_basic_init  drv_usb_core.o
    0x080067c6   0x080067c6   0x00000002   PAD
    0x080067c8   0x080067c8   0x0000002e   Code   RO         1825    .text.usb_clock_active  drv_usb_dev_1.o
    0x080067f6   0x080067f6   0x00000002   PAD
    0x080067f8   0x080067f8   0x000000a4   Code   RO         1746    .text.usb_core_init  drv_usb_core.o
    0x0800689c   0x0800689c   0x0000002c   Code   RO         1748    .text.usb_core_reset  drv_usb_core.o
    0x080068c8   0x080068c8   0x00000014   Code   RO         1821    .text.usb_ctlep_startout  drv_usb_dev_1.o
    0x080068dc   0x080068dc   0x0000004a   Code   RO         1760    .text.usb_curmode_set  drv_usb_core.o
    0x08006926   0x08006926   0x00000002   PAD
    0x08006928   0x08006928   0x00000014   Code   RO         1652    .text.usb_dev_connect  usbd_core.o
    0x0800693c   0x0800693c   0x00000014   Code   RO         1654    .text.usb_dev_disconnect  usbd_core.o
    0x08006950   0x08006950   0x00000028   Code   RO         1702    .text.usb_devaddr_set  usbd_enum.o
    0x08006978   0x08006978   0x000001a6   Code   RO         1799    .text.usb_devcore_init  drv_usb_dev_1.o
    0x08006b1e   0x08006b1e   0x00000002   PAD
    0x08006b20   0x08006b20   0x00000054   Code   RO         1803    .text.usb_devint_enable  drv_usb_dev_1.o
    0x08006b74   0x08006b74   0x00000014   Code   RO         1630    .text.usb_globalint_disable  usbd_core.o
    0x08006b88   0x08006b88   0x00000014   Code   RO         1634    .text.usb_globalint_enable  usbd_core.o
    0x08006b9c   0x08006b9c   0x00000022   Code   RO         1787    .text.usb_iepintnum_read  drv_usbd_int.o
    0x08006bbe   0x08006bbe   0x00000002   PAD
    0x08006bc0   0x08006bc0   0x0000004a   Code   RO         1819    .text.usb_iepintr_read  drv_usb_dev_1.o
    0x08006c0a   0x08006c0a   0x00000002   PAD
    0x08006c0c   0x08006c0c   0x00000016   Code   RO           63    .text.usb_intr_config  gd32e10x_hw.o
    0x08006c22   0x08006c22   0x00000002   PAD
    0x08006c24   0x08006c24   0x00000012   Code   RO           71    .text.usb_mdelay    gd32e10x_hw.o
    0x08006c36   0x08006c36   0x00000002   PAD
    0x08006c38   0x08006c38   0x00000022   Code   RO         1783    .text.usb_oepintnum_read  drv_usbd_int.o
    0x08006c5a   0x08006c5a   0x00000002   PAD
    0x08006c5c   0x08006c5c   0x0000002a   Code   RO         1785    .text.usb_oepintr_read  drv_usbd_int.o
    0x08006c86   0x08006c86   0x00000002   PAD
    0x08006c88   0x08006c88   0x000000dc   Code   RO           61    .text.usb_rcu_config  gd32e10x_hw.o
    0x08006d64   0x08006d64   0x0000002c   Code   RO         1756    .text.usb_rxfifo_flush  drv_usb_core.o
    0x08006d90   0x08006d90   0x0000003c   Code   RO         1752    .text.usb_rxfifo_read  drv_usb_core.o
    0x08006dcc   0x08006dcc   0x00000016   Code   RO         1801    .text.usb_set_rxfifo  drv_usb_dev_1.o
    0x08006de2   0x08006de2   0x00000002   PAD
    0x08006de4   0x08006de4   0x0000009a   Code   RO         1758    .text.usb_set_txfifo  drv_usb_core.o
    0x08006e7e   0x08006e7e   0x00000002   PAD
    0x08006e80   0x08006e80   0x0000001e   Code   RO           65    .text.usb_timer_init  gd32e10x_hw.o
    0x08006e9e   0x08006e9e   0x00000002   PAD
    0x08006ea0   0x08006ea0   0x00000052   Code   RO           73    .text.usb_timer_irq  gd32e10x_hw.o
    0x08006ef2   0x08006ef2   0x00000002   PAD
    0x08006ef4   0x08006ef4   0x000000e4   Code   RO         1807    .text.usb_transc_active  drv_usb_dev_1.o
    0x08006fd8   0x08006fd8   0x00000072   Code   RO         1817    .text.usb_transc_clrstall  drv_usb_dev_1.o
    0x0800704a   0x0800704a   0x00000002   PAD
    0x0800704c   0x0800704c   0x00000078   Code   RO         1809    .text.usb_transc_deactivate  drv_usb_dev_1.o
    0x080070c4   0x080070c4   0x00000166   Code   RO         1811    .text.usb_transc_inxfer  drv_usb_dev_1.o
    0x0800722a   0x0800722a   0x00000002   PAD
    0x0800722c   0x0800722c   0x000000e6   Code   RO         1813    .text.usb_transc_outxfer  drv_usb_dev_1.o
    0x08007312   0x08007312   0x00000002   PAD
    0x08007314   0x08007314   0x00000068   Code   RO         1815    .text.usb_transc_stall  drv_usb_dev_1.o
    0x0800737c   0x0800737c   0x00000036   Code   RO         1754    .text.usb_txfifo_flush  drv_usb_core.o
    0x080073b2   0x080073b2   0x00000002   PAD
    0x080073b4   0x080073b4   0x00000048   Code   RO         1750    .text.usb_txfifo_write  drv_usb_core.o
    0x080073fc   0x080073fc   0x00000012   Code   RO           67    .text.usb_udelay    gd32e10x_hw.o
    0x0800740e   0x0800740e   0x00000002   PAD
    0x08007410   0x08007410   0x00000018   Code   RO         1700    .text.usbd_addr_set  usbd_enum.o
    0x08007428   0x08007428   0x00000042   Code   RO         1666    .text.usbd_class_request  usbd_enum.o
    0x0800746a   0x0800746a   0x00000002   PAD
    0x0800746c   0x0800746c   0x00000016   Code   RO         1636    .text.usbd_connect  usbd_core.o
    0x08007482   0x08007482   0x00000002   PAD
    0x08007484   0x08007484   0x00000042   Code   RO         1725    .text.usbd_ctl_recev  usbd_transc.o
    0x080074c6   0x080074c6   0x00000002   PAD
    0x080074c8   0x080074c8   0x00000040   Code   RO         1723    .text.usbd_ctl_send  usbd_transc.o
    0x08007508   0x08007508   0x00000028   Code   RO         1729    .text.usbd_ctl_status_recev  usbd_transc.o
    0x08007530   0x08007530   0x00000028   Code   RO         1727    .text.usbd_ctl_status_send  usbd_transc.o
    0x08007558   0x08007558   0x00000016   Code   RO         1632    .text.usbd_disconnect  usbd_core.o
    0x0800756e   0x0800756e   0x00000002   PAD
    0x08007570   0x08007570   0x000000ea   Code   RO         1789    .text.usbd_emptytxfifo_write  drv_usbd_int.o
    0x0800765a   0x0800765a   0x00000002   PAD
    0x0800765c   0x0800765c   0x00000022   Code   RO         1670    .text.usbd_enum_error  usbd_enum.o
    0x0800767e   0x0800767e   0x00000002   PAD
    0x08007680   0x08007680   0x00000054   Code   RO         1640    .text.usbd_ep_clear  usbd_core.o
    0x080076d4   0x080076d4   0x00000048   Code   RO         1642    .text.usbd_ep_recev  usbd_core.o
    0x0800771c   0x0800771c   0x00000046   Code   RO         1644    .text.usbd_ep_send  usbd_core.o
    0x08007762   0x08007762   0x00000002   PAD
    0x08007764   0x08007764   0x000000ae   Code   RO         1638    .text.usbd_ep_setup  usbd_core.o
    0x08007812   0x08007812   0x00000002   PAD
    0x08007814   0x08007814   0x0000005c   Code   RO         1646    .text.usbd_ep_stall  usbd_core.o
    0x08007870   0x08007870   0x0000005e   Code   RO         1648    .text.usbd_ep_stall_clear  usbd_core.o
    0x080078ce   0x080078ce   0x00000002   PAD
    0x080078d0   0x080078d0   0x000000d0   Code   RO         1735    .text.usbd_in_transc  usbd_transc.o
    0x080079a0   0x080079a0   0x00000094   Code   RO         1628    .text.usbd_init     usbd_core.o
    0x08007a34   0x08007a34   0x00000082   Code   RO         1781    .text.usbd_int_enumfinish  drv_usbd_int.o
    0x08007ab6   0x08007ab6   0x00000002   PAD
    0x08007ab8   0x08007ab8   0x0000009a   Code   RO         1773    .text.usbd_int_epin  drv_usbd_int.o
    0x08007b52   0x08007b52   0x00000002   PAD
    0x08007b54   0x08007b54   0x00000096   Code   RO         1771    .text.usbd_int_epout  drv_usbd_int.o
    0x08007bea   0x08007bea   0x00000002   PAD
    0x08007bec   0x08007bec   0x0000014a   Code   RO         1779    .text.usbd_int_reset  drv_usbd_int.o
    0x08007d36   0x08007d36   0x00000002   PAD
    0x08007d38   0x08007d38   0x000000fa   Code   RO         1777    .text.usbd_int_rxfifo  drv_usbd_int.o
    0x08007e32   0x08007e32   0x00000002   PAD
    0x08007e34   0x08007e34   0x00000082   Code   RO         1775    .text.usbd_int_suspend  drv_usbd_int.o
    0x08007eb6   0x08007eb6   0x00000002   PAD
    0x08007eb8   0x08007eb8   0x00000172   Code   RO         1769    .text.usbd_isr      drv_usbd_int.o
    0x0800802a   0x0800802a   0x00000002   PAD
    0x0800802c   0x0800802c   0x000000ae   Code   RO         1733    .text.usbd_out_transc  usbd_transc.o
    0x080080da   0x080080da   0x00000002   PAD
    0x080080dc   0x080080dc   0x000000ae   Code   RO         1731    .text.usbd_setup_transc  usbd_transc.o
    0x0800818a   0x0800818a   0x00000002   PAD
    0x0800818c   0x0800818c   0x00000020   Code   RO         1664    .text.usbd_standard_request  usbd_enum.o
    0x080081ac   0x080081ac   0x0000000c   Code   RO         1668    .text.usbd_vendor_request  usbd_enum.o
    0x080081b8   0x080081b8   0x0000007c   Code   RO         1412    RAMCODE             adc_dc_sample.o
    0x08008234   0x08008234   0x000008c8   Code   RO         1480    RAMCODE             function.o
    0x08008afc   0x08008afc   0x00000580   Code   RO         1535    RAMCODE             protection.o
    0x0800907c   0x0800907c   0x000001e6   Code   RO         1563    RAMCODE             mypid.o
    0x08009262   0x08009262   0x00000002   PAD
    0x08009264   0x08009264   0x00000028   Code   RO         1902    i.__0sprintf        mc_w.l(printfa.o)
    0x0800928c   0x0800928c   0x00000024   Code   RO         1906    i.__0vsprintf       mc_w.l(printfa.o)
    0x080092b0   0x080092b0   0x000000e0   Code   RO         1880    i.__hardfp_round    m_wm.l(round.o)
    0x08009390   0x08009390   0x0000000e   Code   RO         2047    i.__scatterload_copy  mc_w.l(handlers.o)
    0x0800939e   0x0800939e   0x00000002   Code   RO         2048    i.__scatterload_null  mc_w.l(handlers.o)
    0x080093a0   0x080093a0   0x0000000e   Code   RO         2049    i.__scatterload_zeroinit  mc_w.l(handlers.o)
    0x080093ae   0x080093ae   0x00000002   PAD
    0x080093b0   0x080093b0   0x00000184   Code   RO         1907    i._fp_digits        mc_w.l(printfa.o)
    0x08009534   0x08009534   0x000006dc   Code   RO         1908    i._printf_core      mc_w.l(printfa.o)
    0x08009c10   0x08009c10   0x00000024   Code   RO         1909    i._printf_post_padding  mc_w.l(printfa.o)
    0x08009c34   0x08009c34   0x0000002e   Code   RO         1910    i._printf_pre_padding  mc_w.l(printfa.o)
    0x08009c62   0x08009c62   0x0000000a   Code   RO         1912    i._sputc            mc_w.l(printfa.o)
    0x08009c6c   0x08009c6c   0x00000004   Data   RO         1832    .rodata.EP0_MAXLEN  drv_usb_dev_1.o
    0x08009c70   0x08009c70   0x0000023a   Data   RO         1398    .rodata.OLED_F6x8   oledfont.o
    0x08009eaa   0x08009eaa   0x000005f0   Data   RO         1397    .rodata.OLED_F8x16  oledfont.o
    0x0800a49a   0x0800a49a   0x00000004   Data   RO         1791    .rodata.USB_SPEED   drv_usbd_int.o
    0x0800a49e   0x0800a49e   0x00000043   Data   RO         1859    .rodata.cdc_config_desc  cdc_acm_core_1.o
    0x0800a4e1   0x0800a4e1   0x00000001   PAD
    0x0800a4e2   0x0800a4e2   0x00000012   Data   RO         1858    .rodata.cdc_dev_desc  cdc_acm_core_1.o
    0x0800a4f4   0x0800a4f4   0x00000008   Data   RO         1503    .rodata.cur_range_x  function.o
    0x0800a4fc   0x0800a4fc   0x00000008   Data   RO         1504    .rodata.cur_range_y  function.o
    0x0800a504   0x0800a504   0x00000010   Data   RO         1656    .rodata.ep_type     usbd_core.o
    0x0800a514   0x0800a514   0x00000102   Data   RO         1865    .rodata.manufacturer_string  cdc_acm_core_1.o
    0x0800a616   0x0800a616   0x00000002   PAD
    0x0800a618   0x0800a618   0x00000014   Data   RO         1500    .rodata.param_set_step  function.o
    0x0800a62c   0x0800a62c   0x00000102   Data   RO         1866    .rodata.product_string  cdc_acm_core_1.o
    0x0800a72e   0x0800a72e   0x00000133   Data   RO         1514    .rodata.str1.1      function.o
    0x0800a861   0x0800a861   0x00000003   PAD
    0x0800a864   0x0800a864   0x00000010   Data   RO         1862    .rodata.usbd_cdc_strings  cdc_acm_core_1.o
    0x0800a874   0x0800a874   0x00000004   Data   RO         1860    .rodata.usbd_language_id_desc  cdc_acm_core_1.o
    0x0800a878   0x0800a878   0x00000008   Data   RO         1501    .rodata.vol_range_x  function.o
    0x0800a880   0x0800a880   0x00000008   Data   RO         1502    .rodata.vol_range_y  function.o
    0x0800a888   0x0800a888   0x00000020   Data   RO         2046    Region$$Table       anon$$obj.o


    Execution Region RW_IRAM1 (Exec base: 0x20000000, Load base: 0x0800a8a8, Size: 0x00001510, Max: 0x00005000, ABSOLUTE, COMPRESSED[0x000000b0])

    Exec Addr    Load Addr    Size         Type   Attr      Idx    E Section Name        Object

    0x20000000   COMPRESSED   0x00000004   Data   RW           99    .data.SystemCoreClock  system_gd32e10x.o
    0x20000004   COMPRESSED   0x00000008   Data   RW         1831    .data.USBFS_TX_FIFO_SIZE  drv_usb_dev_1.o
    0x2000000c   COMPRESSED   0x00000034   Data   RW         1712    .data._std_dev_req  usbd_enum.o
    0x20000040   COMPRESSED   0x00000030   Data   RW         1864    .data.cdc_class     cdc_acm_core_1.o
    0x20000070   COMPRESSED   0x00000010   Data   RW         1863    .data.cdc_desc      cdc_acm_core_1.o
    0x20000080   COMPRESSED   0x00000058   Data   RW         1466    .data.ctr_value     ctlloop.o
    0x200000d8   COMPRESSED   0x00000004   Data   RW         1601    .data.encoder_count  encoder.o
    0x200000dc   COMPRESSED   0x00000002   Data   RW         1602    .data.encoder_step  encoder.o
    0x200000de   COMPRESSED   0x00000002   PAD
    0x200000e0   COMPRESSED   0x00000048   Data   RW         1418    .data.my_adc_sample  adc_dc_sample.o
    0x20000128   COMPRESSED   0x00000008   Data   RW         1465    .data.pwm_value     ctlloop.o
    0x20000130   COMPRESSED   0x00000014   Data   RW         1619    .data.send_data     usb_print.o
    0x20000144   COMPRESSED   0x00000102   Data   RW         1861    .data.serial_string  cdc_acm_core_1.o
    0x20000246   COMPRESSED   0x00000002   PAD
    0x20000248   COMPRESSED   0x0000000c   Data   RW         1714    .data.std_desc_get  usbd_enum.o
    0x20000254   COMPRESSED   0x00000002   Data   RW           78    .data.timer_prescaler  gd32e10x_hw.o
    0x20000256   COMPRESSED   0x00000002   PAD
    0x20000258        -       0x00000001   Zero   RW         1603    .bss.EXTI10_15_IRQHandler.cnt  encoder.o
    0x20000259   COMPRESSED   0x00000003   PAD
    0x2000025c        -       0x00000004   Zero   RW         1427    .bss.IxSum          adc_dc_sample.o
    0x20000260        -       0x00000004   Zero   RW         1428    .bss.IySum          adc_dc_sample.o
    0x20000264        -       0x00000400   Zero   RW         1388    .bss.OLED_DisplayBuf  jkd_oled.o
    0x20000664        -       0x00000002   Zero   RW         1510    .bss.PWM_Rise.Q1Cnt  function.o
    0x20000666        -       0x00000002   Zero   RW         1511    .bss.PWM_Rise.Q2Cnt  function.o
    0x20000668        -       0x00000001   Zero   RW         1506    .bss.TIMER5_IRQHandler.cnt  function.o
    0x20000669   COMPRESSED   0x00000003   PAD
    0x2000066c        -       0x00000004   Zero   RW         1425    .bss.VxSum          adc_dc_sample.o
    0x20000670        -       0x00000004   Zero   RW         1426    .bss.VySum          adc_dc_sample.o
    0x20000674        -       0x00000002   Zero   RW         1713    .bss._usb_std_getstatus.status  usbd_enum.o
    0x20000676        -       0x00000001   Zero   RW         1715    .bss._usb_std_setconfiguration.config  usbd_enum.o
    0x20000677   COMPRESSED   0x00000001   PAD
    0x20000678        -       0x0000000a   Zero   RW         1303    .bss.adc_value      gd32e10x_eval.o
    0x20000682   COMPRESSED   0x00000002   PAD
    0x20000684        -       0x000003d0   Zero   RW         1620    .bss.cdc_acm        usb_print.o
    0x20000a54        -       0x00000058   Zero   RW         1867    .bss.cdc_acm_init.cdc_handler  cdc_acm_core_1.o
    0x20000aac        -       0x00000008   Zero   RW         1505    .bss.ctrState       function.o
    0x20000ab4        -       0x00000004   Zero   RW           53    .bss.delay          systick.o
    0x20000ab8        -       0x00000004   Zero   RW           77    .bss.delay_time     gd32e10x_hw.o
    0x20000abc        -       0x00000001   Zero   RW         1517    .bss.key_down       function.o
    0x20000abd        -       0x00000001   Zero   RW         1518    .bss.key_old        function.o
    0x20000abe   COMPRESSED   0x00000002   PAD
    0x20000ac0        -       0x00000004   Zero   RW         1515    .bss.key_tick       function.o
    0x20000ac4        -       0x00000001   Zero   RW         1516    .bss.key_value      function.o
    0x20000ac5   COMPRESSED   0x00000003   PAD
    0x20000ac8        -       0x00000004   Zero   RW         1512    .bss.led_tick       function.o
    0x20000acc        -       0x00000004   Zero   RW         1513    .bss.oled_tick      function.o
    0x20000ad0        -       0x00000001   Zero   RW         1499    .bss.param_set_idx  function.o
    0x20000ad1   COMPRESSED   0x00000003   PAD
    0x20000ad4        -       0x0000003c   Zero   RW         1578    .bss.pid_CC_Boost   mypid.o
    0x20000b10        -       0x0000003c   Zero   RW         1575    .bss.pid_CC_Buck    mypid.o
    0x20000b4c        -       0x0000003c   Zero   RW         1579    .bss.pid_CV_Boost   mypid.o
    0x20000b88        -       0x0000003c   Zero   RW         1580    .bss.pid_CV_Boost_with_iL  mypid.o
    0x20000bc4        -       0x0000003c   Zero   RW         1576    .bss.pid_CV_Buck    mypid.o
    0x20000c00        -       0x0000003c   Zero   RW         1577    .bss.pid_CV_Buck_with_iL  mypid.o
    0x20000c3c        -       0x0000003c   Zero   RW         1581    .bss.pid_iL         mypid.o
    0x20000c78        -       0x00000010   Zero   RW          770    .bss.pmu_to_deepsleepmode.reg_snap  gd32e10x_pmu.o
    0x20000c88        -       0x00000004   Zero   RW         1549    .bss.protect_ShortCircuit.cnt  protection.o
    0x20000c8c        -       0x00000001   Zero   RW         1548    .bss.protect_ShortCircuit.state  protection.o
    0x20000c8d   COMPRESSED   0x00000003   PAD
    0x20000c90        -       0x00000004   Zero   RW         1543    .bss.protect_VinOVP.cnt  protection.o
    0x20000c94        -       0x00000001   Zero   RW         1542    .bss.protect_VinOVP.state  protection.o
    0x20000c95   COMPRESSED   0x00000003   PAD
    0x20000c98        -       0x00000004   Zero   RW         1545    .bss.protect_VinUVP.cnt  protection.o
    0x20000c9c        -       0x00000001   Zero   RW         1544    .bss.protect_VinUVP.state  protection.o
    0x20000c9d   COMPRESSED   0x00000003   PAD
    0x20000ca0        -       0x00000004   Zero   RW         1547    .bss.protect_VoutOCP.cnt  protection.o
    0x20000ca4        -       0x00000001   Zero   RW         1546    .bss.protect_VoutOCP.state  protection.o
    0x20000ca5   COMPRESSED   0x00000003   PAD
    0x20000ca8        -       0x00000004   Zero   RW         1541    .bss.protect_VoutOVP.cnt  protection.o
    0x20000cac        -       0x00000001   Zero   RW         1540    .bss.protect_VoutOVP.state  protection.o
    0x20000cad   COMPRESSED   0x00000003   PAD
    0x20000cb0        -       0x00000020   Zero   RW         1539    .bss.protect_handle  protection.o
    0x20000cd0        -       0x00000001   Zero   RW         1519    .bss.show_direct    function.o
    0x20000cd1        -       0x00000032   Zero   RW         1496    .bss.tx_buf         function.o
    0x20000d03   COMPRESSED   0x00000001   PAD
    0x20000d04        -       0x00000004   Zero   RW           79    .bss.usbfs_prescaler  gd32e10x_hw.o
    0x20000d08        -       0x00000004   Zero   RW           35    .bss.uwTick         gd32e10x_it.o
    0x20000d0c   COMPRESSED   0x00000004   PAD
    0x20000d10        -       0x00000800   Zero   RW         1275    STACK               startup_gd32e10x.o


==============================================================================

Image component sizes


      Code (inc. data)   RO Data    RW Data    ZI Data      Debug   Object Name

       556          8          0         72         16       2674   adc_dc_sample.o
       734         36        621        322         88       9764   cdc_acm_core_1.o
      2610         28          0         96          0       4893   ctlloop.o
       968          0          0          0          0       5959   drv_usb_core.o
      1822          0          4          8          0       9773   drv_usb_dev_1.o
      1858          6          4          0          0       8887   drv_usbd_int.o
       230          0          0          6          1       4162   encoder.o
      4774          6        359          0         80       6790   function.o
      1112          0          0          0          0       8738   gd32e10x_adc.o
        82          0          0          0          0       1570   gd32e10x_crc.o
       936          0          0          0          0       6621   gd32e10x_dma.o
      1294          0          0          0         10       6440   gd32e10x_eval.o
       336          0          0          0          0       2932   gd32e10x_exti.o
      1032          0          0          0          0       5541   gd32e10x_gpio.o
       604          0          0          2          8       4516   gd32e10x_hw.o
       138          0          0          0          4       2666   gd32e10x_it.o
       434          0          0          0          0       5315   gd32e10x_misc.o
       258          0          0          0         16       4246   gd32e10x_pmu.o
       886          4          0          0          0      12279   gd32e10x_rcu.o
       372          0          0          0          0       8188   gd32e10x_spi.o
      2926         28          0          0          0      16818   gd32e10x_timer.o
      2508          8          0          0       1024      15545   jkd_oled.o
        28          0          0          0          0        403   main.o
      1074         40          0          0        420       3417   mypid.o
         0          0       2090          0          0        800   oledfont.o
      1594          0          0          0         57       2966   protection.o
        36          8        336          0       2048        940   startup_gd32e10x.o
       834          0          0          4          0       3229   system_gd32e10x.o
       270          0          0          0          4       3863   systick.o
       542          4          0         20        976       6307   usb_print.o
       858          0         16          0          0       8441   usbd_core.o
      2498         16          0         64          3      11731   usbd_enum.o
       766          0          0          0          0       7084   usbd_transc.o

    ----------------------------------------------------------------------
     35196        192       3468        600       4792     203498   Object Totals
         0          0         32          0          0          0   (incl. Generated)
       226          0          6          6         37          0   (incl. Padding)

    ----------------------------------------------------------------------

      Code (inc. data)   RO Data    RW Data    ZI Data      Debug   Library Member Name

       224         30          0          0          0        172   round.o
        58          0          0          0          0          0   __dczerorl.o
         0          0          0          0          0          0   entry.o
         0          0          0          0          0          0   entry10a.o
         0          0          0          0          0          0   entry11a.o
         8          4          0          0          0          0   entry2.o
         4          0          0          0          0          0   entry5.o
         0          0          0          0          0          0   entry7b.o
         0          0          0          0          0          0   entry8b.o
         8          4          0          0          0          0   entry9a.o
        30          0          0          0          0          0   handlers.o
        48         10          0          0          0         68   init.o
         0          0          0          0          0          0   iusefp.o
        30          0          0          0          0         68   llshl.o
        36          0          0          0          0         68   llsshr.o
        32          0          0          0          0         68   llushr.o
        36          0          0          0          0         68   memcpya.o
        36          0          0          0          0        108   memseta.o
      2312         92          0          0          0        600   printfa.o
        18          0          0          0          0         68   strcpy.o
        14          0          0          0          0         68   strlen.o
        44          0          0          0          0         80   uidiv.o
        98          0          0          0          0         92   uldiv.o
        48          0          0          0          0         68   cdcmple.o
        48          0          0          0          0         68   cdrcmple.o
       334          0          0          0          0        148   dadd.o
        54          0          0          0          0         80   dcmpge.o
        54          0          0          0          0         80   dcmplt.o
       222          0          0          0          0        100   ddiv.o
       186          0          0          0          0        176   depilogue.o
        50          0          0          0          0         76   dfixui.o
        48          0          0          0          0         68   dfixul.o
        26          0          0          0          0         76   dfltui.o
       228          0          0          0          0         96   dmul.o
       136          4          0          0          0         92   drnd.o
        38          0          0          0          0         68   f2d.o

    ----------------------------------------------------------------------
      4512        144          0          0          0       2724   Library Totals
         4          0          0          0          0          0   (incl. Padding)

    ----------------------------------------------------------------------

      Code (inc. data)   RO Data    RW Data    ZI Data      Debug   Library Name

       224         30          0          0          0        172   m_wm.l
      2812        110          0          0          0       1356   mc_w.l
      1472          4          0          0          0       1196   mf_w.l

    ----------------------------------------------------------------------
      4512        144          0          0          0       2724   Library Totals

    ----------------------------------------------------------------------

==============================================================================


      Code (inc. data)   RO Data    RW Data    ZI Data      Debug   

     39708        336       3468        600       4792     204502   Grand Totals
     39708        336       3468        176       4792     204502   ELF Image Totals (compressed)
     39708        336       3468        176          0          0   ROM Totals

==============================================================================

    Total RO  Size (Code + RO Data)                43176 (  42.16kB)
    Total RW  Size (RW Data + ZI Data)              5392 (   5.27kB)
    Total ROM Size (Code + RO Data + RW Data)      43352 (  42.34kB)

==============================================================================

