Component: Arm Compiler for Embedded 6.22 Tool: armlink [5ee90200]

==============================================================================

Section Cross References

    main.o(.text.main) refers to systick.o(.text.systick_config) for systick_config
    main.o(.text.main) refers to gd32e10x_eval.o(.text.peripheral_config) for peripheral_config
    main.o(.text.main) refers to function.o(.text.my_sys_init) for my_sys_init
    main.o(.text.main) refers to function.o(.text.task_list) for task_list
    main.o(.ARM.exidx.text.main) refers to main.o(.text.main) for [Anonymous Symbol]
    gd32e10x_it.o(.ARM.exidx.text.NMI_Handler) refers to gd32e10x_it.o(.text.NMI_Handler) for [Anonymous Symbol]
    gd32e10x_it.o(.ARM.exidx.text.HardFault_Handler) refers to gd32e10x_it.o(.text.HardFault_Handler) for [Anonymous Symbol]
    gd32e10x_it.o(.ARM.exidx.text.MemManage_Handler) refers to gd32e10x_it.o(.text.MemManage_Handler) for [Anonymous Symbol]
    gd32e10x_it.o(.ARM.exidx.text.BusFault_Handler) refers to gd32e10x_it.o(.text.BusFault_Handler) for [Anonymous Symbol]
    gd32e10x_it.o(.ARM.exidx.text.UsageFault_Handler) refers to gd32e10x_it.o(.text.UsageFault_Handler) for [Anonymous Symbol]
    gd32e10x_it.o(.ARM.exidx.text.SVC_Handler) refers to gd32e10x_it.o(.text.SVC_Handler) for [Anonymous Symbol]
    gd32e10x_it.o(.ARM.exidx.text.DebugMon_Handler) refers to gd32e10x_it.o(.text.DebugMon_Handler) for [Anonymous Symbol]
    gd32e10x_it.o(.ARM.exidx.text.PendSV_Handler) refers to gd32e10x_it.o(.text.PendSV_Handler) for [Anonymous Symbol]
    gd32e10x_it.o(.text.SysTick_Handler) refers to gd32e10x_it.o(.bss.uwTick) for uwTick
    gd32e10x_it.o(.text.SysTick_Handler) refers to systick.o(.text.delay_decrement) for delay_decrement
    gd32e10x_it.o(.ARM.exidx.text.SysTick_Handler) refers to gd32e10x_it.o(.text.SysTick_Handler) for [Anonymous Symbol]
    gd32e10x_it.o(.text.TIMER2_IRQHandler) refers to gd32e10x_hw.o(.text.usb_timer_irq) for usb_timer_irq
    gd32e10x_it.o(.ARM.exidx.text.TIMER2_IRQHandler) refers to gd32e10x_it.o(.text.TIMER2_IRQHandler) for [Anonymous Symbol]
    gd32e10x_it.o(.text.USBFS_WKUP_IRQHandler) refers to function.o(.bss.cdc_acm) for cdc_acm
    gd32e10x_it.o(.text.USBFS_WKUP_IRQHandler) refers to system_gd32e10x.o(.text.SystemInit) for SystemInit
    gd32e10x_it.o(.text.USBFS_WKUP_IRQHandler) refers to gd32e10x_hw.o(.bss.usbfs_prescaler) for usbfs_prescaler
    gd32e10x_it.o(.text.USBFS_WKUP_IRQHandler) refers to gd32e10x_rcu.o(.text.rcu_usb_clock_config) for rcu_usb_clock_config
    gd32e10x_it.o(.text.USBFS_WKUP_IRQHandler) refers to gd32e10x_rcu.o(.text.rcu_periph_clock_enable) for rcu_periph_clock_enable
    gd32e10x_it.o(.text.USBFS_WKUP_IRQHandler) refers to drv_usb_dev_1.o(.text.usb_clock_active) for usb_clock_active
    gd32e10x_it.o(.text.USBFS_WKUP_IRQHandler) refers to gd32e10x_exti.o(.text.exti_interrupt_flag_clear) for exti_interrupt_flag_clear
    gd32e10x_it.o(.ARM.exidx.text.USBFS_WKUP_IRQHandler) refers to gd32e10x_it.o(.text.USBFS_WKUP_IRQHandler) for [Anonymous Symbol]
    gd32e10x_it.o(.text.USBFS_IRQHandler) refers to function.o(.bss.cdc_acm) for cdc_acm
    gd32e10x_it.o(.text.USBFS_IRQHandler) refers to drv_usbd_int.o(.text.usbd_isr) for usbd_isr
    gd32e10x_it.o(.ARM.exidx.text.USBFS_IRQHandler) refers to gd32e10x_it.o(.text.USBFS_IRQHandler) for [Anonymous Symbol]
    systick.o(.text.systick_config) refers to system_gd32e10x.o(.data.SystemCoreClock) for SystemCoreClock
    systick.o(.text.systick_config) refers to systick.o(.text.SysTick_Config) for SysTick_Config
    systick.o(.text.systick_config) refers to systick.o(.text.NVIC_SetPriority) for NVIC_SetPriority
    systick.o(.ARM.exidx.text.systick_config) refers to systick.o(.text.systick_config) for [Anonymous Symbol]
    systick.o(.text.SysTick_Config) refers to systick.o(.text.NVIC_SetPriority) for NVIC_SetPriority
    systick.o(.ARM.exidx.text.SysTick_Config) refers to systick.o(.text.SysTick_Config) for [Anonymous Symbol]
    systick.o(.ARM.exidx.text.NVIC_SetPriority) refers to systick.o(.text.NVIC_SetPriority) for [Anonymous Symbol]
    systick.o(.text.delay_1ms) refers to systick.o(.bss.delay) for delay
    systick.o(.ARM.exidx.text.delay_1ms) refers to systick.o(.text.delay_1ms) for [Anonymous Symbol]
    systick.o(.text.delay_decrement) refers to systick.o(.bss.delay) for delay
    systick.o(.ARM.exidx.text.delay_decrement) refers to systick.o(.text.delay_decrement) for [Anonymous Symbol]
    gd32e10x_hw.o(.text.usb_rcu_config) refers to gd32e10x_rcu.o(.text.rcu_clock_freq_get) for rcu_clock_freq_get
    gd32e10x_hw.o(.text.usb_rcu_config) refers to gd32e10x_hw.o(.data.timer_prescaler) for timer_prescaler
    gd32e10x_hw.o(.text.usb_rcu_config) refers to gd32e10x_hw.o(.bss.usbfs_prescaler) for usbfs_prescaler
    gd32e10x_hw.o(.text.usb_rcu_config) refers to gd32e10x_rcu.o(.text.rcu_usb_clock_config) for rcu_usb_clock_config
[...]
    [Anonymous Symbol]                       0x08005038   Section        0  drv_usb_dev_1.o(.text.usb_iepintr_read)
    [Anonymous Symbol]                       0x08005084   Section        0  gd32e10x_hw.o(.text.usb_intr_config)
    [Anonymous Symbol]                       0x0800509c   Section        0  gd32e10x_hw.o(.text.usb_mdelay)
    usb_oepintnum_read                       0x080050b1   Thumb Code    34  drv_usbd_int.o(.text.usb_oepintnum_read)
    [Anonymous Symbol]                       0x080050b0   Section        0  drv_usbd_int.o(.text.usb_oepintnum_read)
    usb_oepintr_read                         0x080050d5   Thumb Code    42  drv_usbd_int.o(.text.usb_oepintr_read)
    [Anonymous Symbol]                       0x080050d4   Section        0  drv_usbd_int.o(.text.usb_oepintr_read)
    [Anonymous Symbol]                       0x08005100   Section        0  gd32e10x_hw.o(.text.usb_rcu_config)
    [Anonymous Symbol]                       0x080051dc   Section        0  drv_usb_core.o(.text.usb_rxfifo_flush)
    [Anonymous Symbol]                       0x08005208   Section        0  drv_usb_core.o(.text.usb_rxfifo_read)
    usb_set_rxfifo                           0x08005245   Thumb Code    22  drv_usb_dev_1.o(.text.usb_set_rxfifo)
    [Anonymous Symbol]                       0x08005244   Section        0  drv_usb_dev_1.o(.text.usb_set_rxfifo)
    [Anonymous Symbol]                       0x0800525c   Section        0  drv_usb_core.o(.text.usb_set_txfifo)
    [Anonymous Symbol]                       0x080052f8   Section        0  gd32e10x_hw.o(.text.usb_timer_init)
    [Anonymous Symbol]                       0x08005318   Section        0  gd32e10x_hw.o(.text.usb_timer_irq)
    [Anonymous Symbol]                       0x0800536c   Section        0  drv_usb_dev_1.o(.text.usb_transc_active)
    [Anonymous Symbol]                       0x08005450   Section        0  drv_usb_dev_1.o(.text.usb_transc_clrstall)
    [Anonymous Symbol]                       0x080054c4   Section        0  drv_usb_dev_1.o(.text.usb_transc_deactivate)
    [Anonymous Symbol]                       0x0800553c   Section        0  drv_usb_dev_1.o(.text.usb_transc_inxfer)
    [Anonymous Symbol]                       0x080056a4   Section        0  drv_usb_dev_1.o(.text.usb_transc_outxfer)
    [Anonymous Symbol]                       0x0800578c   Section        0  drv_usb_dev_1.o(.text.usb_transc_stall)
    [Anonymous Symbol]                       0x080057f4   Section        0  drv_usb_core.o(.text.usb_txfifo_flush)
    [Anonymous Symbol]                       0x0800582c   Section        0  drv_usb_core.o(.text.usb_txfifo_write)
    [Anonymous Symbol]                       0x08005874   Section        0  gd32e10x_hw.o(.text.usb_udelay)
    usbd_addr_set                            0x08005889   Thumb Code    24  usbd_enum.o(.text.usbd_addr_set)
    [Anonymous Symbol]                       0x08005888   Section        0  usbd_enum.o(.text.usbd_addr_set)
    [Anonymous Symbol]                       0x080058a0   Section        0  usbd_enum.o(.text.usbd_class_request)
    [Anonymous Symbol]                       0x080058e4   Section        0  usbd_core.o(.text.usbd_connect)
    [Anonymous Symbol]                       0x080058fc   Section        0  usbd_transc.o(.text.usbd_ctl_recev)
    [Anonymous Symbol]                       0x08005940   Section        0  usbd_transc.o(.text.usbd_ctl_send)
    [Anonymous Symbol]                       0x08005980   Section        0  usbd_transc.o(.text.usbd_ctl_status_recev)
    [Anonymous Symbol]                       0x080059a8   Section        0  usbd_transc.o(.text.usbd_ctl_status_send)
    [Anonymous Symbol]                       0x080059d0   Section        0  usbd_core.o(.text.usbd_disconnect)
    usbd_emptytxfifo_write                   0x080059e9   Thumb Code   234  drv_usbd_int.o(.text.usbd_emptytxfifo_write)
    [Anonymous Symbol]                       0x080059e8   Section        0  drv_usbd_int.o(.text.usbd_emptytxfifo_write)
    [Anonymous Symbol]                       0x08005ad4   Section        0  usbd_enum.o(.text.usbd_enum_error)
    [Anonymous Symbol]                       0x08005af8   Section        0  usbd_core.o(.text.usbd_ep_clear)
    [Anonymous Symbol]                       0x08005b4c   Section        0  usbd_core.o(.text.usbd_ep_recev)
    [Anonymous Symbol]                       0x08005b94   Section        0  usbd_core.o(.text.usbd_ep_send)
    [Anonymous Symbol]                       0x08005bdc   Section        0  usbd_core.o(.text.usbd_ep_setup)
    [Anonymous Symbol]                       0x08005c8c   Section        0  usbd_core.o(.text.usbd_ep_stall)
    [Anonymous Symbol]                       0x08005ce8   Section        0  usbd_core.o(.text.usbd_ep_stall_clear)
    [Anonymous Symbol]                       0x08005d48   Section        0  usbd_transc.o(.text.usbd_in_transc)
    [Anonymous Symbol]                       0x08005e18   Section        0  usbd_core.o(.text.usbd_init)
    usbd_int_enumfinish                      0x08005ead   Thumb Code   130  drv_usbd_int.o(.text.usbd_int_enumfinish)
    [Anonymous Symbol]                       0x08005eac   Section        0  drv_usbd_int.o(.text.usbd_int_enumfinish)
    usbd_int_epin                            0x08005f31   Thumb Code   154  drv_usbd_int.o(.text.usbd_int_epin)
    [Anonymous Symbol]                       0x08005f30   Section        0  drv_usbd_int.o(.text.usbd_int_epin)
    usbd_int_epout                           0x08005fcd   Thumb Code   150  drv_usbd_int.o(.text.usbd_int_epout)
    [Anonymous Symbol]                       0x08005fcc   Section        0  drv_usbd_int.o(.text.usbd_int_epout)
    usbd_int_reset                           0x08006065   Thumb Code   330  drv_usbd_int.o(.text.usbd_int_reset)
    [Anonymous Symbol]                       0x08006064   Section        0  drv_usbd_int.o(.text.usbd_int_reset)
    usbd_int_rxfifo                          0x080061b1   Thumb Code   250  drv_usbd_int.o(.text.usbd_int_rxfifo)
    [Anonymous Symbol]                       0x080061b0   Section        0  drv_usbd_int.o(.text.usbd_int_rxfifo)
    usbd_int_suspend                         0x080062ad   Thumb Code   130  drv_usbd_int.o(.text.usbd_int_suspend)
    [Anonymous Symbol]                       0x080062ac   Section        0  drv_usbd_int.o(.text.usbd_int_suspend)
    [Anonymous Symbol]                       0x08006330   Section        0  drv_usbd_int.o(.text.usbd_isr)
    [Anonymous Symbol]                       0x080064a4   Section        0  usbd_transc.o(.text.usbd_out_transc)
    [Anonymous Symbol]                       0x08006554   Section        0  usbd_transc.o(.text.usbd_setup_transc)
    [Anonymous Symbol]                       0x08006604   Section        0  usbd_enum.o(.text.usbd_standard_request)
    [Anonymous Symbol]                       0x08006624   Section        0  usbd_enum.o(.text.usbd_vendor_request)
    [Anonymous Symbol]                       0x08006630   Section        0  adc_dc_sample.o(RAMCODE)
    [Anonymous Symbol]                       0x080066ac   Section        0  function.o(RAMCODE)
    [Anonymous Symbol]                       0x08006b70   Section        0  mypid.o(RAMCODE)
    i.__0vsprintf                            0x08006d58   Section        0  printfa.o(i.__0vsprintf)
    i.__scatterload_copy                     0x08006d7c   Section       14  handlers.o(i.__scatterload_copy)
    i.__scatterload_null                     0x08006d8a   Section        2  handlers.o(i.__scatterload_null)
    i.__scatterload_zeroinit                 0x08006d8c   Section       14  handlers.o(i.__scatterload_zeroinit)
    _fp_digits                               0x08006d9d   Thumb Code   366  printfa.o(i._fp_digits)
    i._fp_digits                             0x08006d9c   Section        0  printfa.o(i._fp_digits)
    _printf_core                             0x08006f21   Thumb Code  1744  printfa.o(i._printf_core)
    i._printf_core                           0x08006f20   Section        0  printfa.o(i._printf_core)
    _printf_post_padding                     0x080075fd   Thumb Code    36  printfa.o(i._printf_post_padding)
    i._printf_post_padding                   0x080075fc   Section        0  printfa.o(i._printf_post_padding)
    _printf_pre_padding                      0x08007621   Thumb Code    46  printfa.o(i._printf_pre_padding)
    i._printf_pre_padding                    0x08007620   Section        0  printfa.o(i._printf_pre_padding)
    _sputc                                   0x0800764f   Thumb Code    10  printfa.o(i._sputc)
    i._sputc                                 0x0800764e   Section        0  printfa.o(i._sputc)
    EP0_MAXLEN                               0x08007658   Data           4  drv_usb_dev_1.o(.rodata.EP0_MAXLEN)
    [Anonymous Symbol]                       0x08007658   Section        0  drv_usb_dev_1.o(.rodata.EP0_MAXLEN)
    USB_SPEED                                0x08007e86   Data           4  drv_usbd_int.o(.rodata.USB_SPEED)
    [Anonymous Symbol]                       0x08007e86   Section        0  drv_usbd_int.o(.rodata.USB_SPEED)
    manufacturer_string                      0x08007ef0   Data         258  cdc_acm_core_1.o(.rodata.manufacturer_string)
    [Anonymous Symbol]                       0x08007ef0   Section        0  cdc_acm_core_1.o(.rodata.manufacturer_string)
    product_string                           0x08007ff2   Data         258  cdc_acm_core_1.o(.rodata.product_string)
    [Anonymous Symbol]                       0x08007ff2   Section        0  cdc_acm_core_1.o(.rodata.product_string)
    .L.str.15                                0x080080f4   Data          15  function.o(.rodata.str1.1)
    [Anonymous Symbol]                       0x080080f4   Section        0  function.o(.rodata.str1.1)
    .L.str.16                                0x08008103   Data          15  function.o(.rodata.str1.1)
    .L.str.10                                0x08008112   Data          14  function.o(.rodata.str1.1)
    .L.str.13                                0x08008120   Data          14  function.o(.rodata.str1.1)
    .L.str.11                                0x0800812e   Data          13  function.o(.rodata.str1.1)
    .L.str.12                                0x0800813b   Data          14  function.o(.rodata.str1.1)
    .L.str.14                                0x08008149   Data          14  function.o(.rodata.str1.1)
    .L.str.9                                 0x08008157   Data          12  function.o(.rodata.str1.1)
    .L.str.3                                 0x08008163   Data          16  function.o(.rodata.str1.1)
    .L.str.8                                 0x08008173   Data           5  function.o(.rodata.str1.1)
    .L.str.4                                 0x08008178   Data           6  function.o(.rodata.str1.1)
    .L.str.6                                 0x0800817e   Data           6  function.o(.rodata.str1.1)
    .L.str.1                                 0x08008184   Data           5  function.o(.rodata.str1.1)
    .L.str.5                                 0x08008189   Data           7  function.o(.rodata.str1.1)
    .L.str.7                                 0x08008190   Data           5  function.o(.rodata.str1.1)
    .L.str                                   0x08008195   Data          11  function.o(.rodata.str1.1)
    .L.str.2                                 0x080081a0   Data           5  function.o(.rodata.str1.1)
    usbd_language_id_desc                    0x080081b8   Data           4  cdc_acm_core_1.o(.rodata.usbd_language_id_desc)
    [Anonymous Symbol]                       0x080081b8   Section        0  cdc_acm_core_1.o(.rodata.usbd_language_id_desc)
    USBFS_TX_FIFO_SIZE                       0x20000004   Data           8  drv_usb_dev_1.o(.data.USBFS_TX_FIFO_SIZE)
    [Anonymous Symbol]                       0x20000004   Section        0  drv_usb_dev_1.o(.data.USBFS_TX_FIFO_SIZE)
    _std_dev_req                             0x2000000c   Data          52  usbd_enum.o(.data._std_dev_req)
    [Anonymous Symbol]                       0x2000000c   Section        0  usbd_enum.o(.data._std_dev_req)
    serial_string                            0x20000088   Data         258  cdc_acm_core_1.o(.data.serial_string)
    [Anonymous Symbol]                       0x20000088   Section        0  cdc_acm_core_1.o(.data.serial_string)
    std_desc_get                             0x2000018c   Data          12  usbd_enum.o(.data.std_desc_get)
    [Anonymous Symbol]                       0x2000018c   Section        0  usbd_enum.o(.data.std_desc_get)
    IxSum                                    0x200001a0   Data           4  adc_dc_sample.o(.bss.IxSum)
    [Anonymous Symbol]                       0x200001a0   Section        0  adc_dc_sample.o(.bss.IxSum)
    IySum                                    0x200001a4   Data           4  adc_dc_sample.o(.bss.IySum)
    [Anonymous Symbol]                       0x200001a4   Section        0  adc_dc_sample.o(.bss.IySum)
    PWM_Rise.Q1Cnt                           0x200005a8   Data           2  function.o(.bss.PWM_Rise.Q1Cnt)
    [Anonymous Symbol]                       0x200005a8   Section        0  function.o(.bss.PWM_Rise.Q1Cnt)
    PWM_Rise.Q2Cnt                           0x200005aa   Data           2  function.o(.bss.PWM_Rise.Q2Cnt)
    [Anonymous Symbol]                       0x200005aa   Section        0  function.o(.bss.PWM_Rise.Q2Cnt)
    VxSum                                    0x200005ac   Data           4  adc_dc_sample.o(.bss.VxSum)
    [Anonymous Symbol]                       0x200005ac   Section        0  adc_dc_sample.o(.bss.VxSum)
    VySum                                    0x200005b0   Data           4  adc_dc_sample.o(.bss.VySum)
    [Anonymous Symbol]                       0x200005b0   Section        0  adc_dc_sample.o(.bss.VySum)
    _usb_std_getstatus.status                0x200005b4   Data           2  usbd_enum.o(.bss._usb_std_getstatus.status)
    [Anonymous Symbol]                       0x200005b4   Section        0  usbd_enum.o(.bss._usb_std_getstatus.status)
    _usb_std_setconfiguration.config         0x200005b6   Data           1  usbd_enum.o(.bss._usb_std_setconfiguration.config)
    [Anonymous Symbol]                       0x200005b6   Section        0  usbd_enum.o(.bss._usb_std_setconfiguration.config)
    cdc_acm_init.cdc_handler                 0x20000994   Data          88  cdc_acm_core_1.o(.bss.cdc_acm_init.cdc_handler)
    [Anonymous Symbol]                       0x20000994   Section        0  cdc_acm_core_1.o(.bss.cdc_acm_init.cdc_handler)
    delay                                    0x200009f4   Data           4  systick.o(.bss.delay)
    [Anonymous Symbol]                       0x200009f4   Section        0  systick.o(.bss.delay)
    pmu_to_deepsleepmode.reg_snap            0x20000b60   Data          16  gd32e10x_pmu.o(.bss.pmu_to_deepsleepmode.reg_snap)
    [Anonymous Symbol]                       0x20000b60   Section        0  gd32e10x_pmu.o(.bss.pmu_to_deepsleepmode.reg_snap)
    STACK                                    0x20000b78   Section     2048  startup_gd32e10x.o(STACK)

    Global Symbols

    Symbol Name                              Value     Ov Type        Size  Object(Section)

    BuildAttributes$$THM_ISAv4$E$P$D$K$B$S$7EM$VFPi3$EXTD16$VFPS$VFMA$PE$A:L22UL41UL21$X:L11$S22US41US21$IEEE1$IW$~IW$USESV6$~STKCKD$USESV7$~SHL$OTIME$ROPI$IEEEX$EBA8$MICROLIB$REQ8$PRES8$EABIv2 0x00000000   Number         0  anon$$obj.o ABSOLUTE
    __cpp_initialize__aeabi_                  - Undefined Weak Reference
    __cxa_finalize                            - Undefined Weak Reference
    _clock_init                               - Undefined Weak Reference
    _microlib_exit                            - Undefined Weak Reference
    __Vectors_Size                           0x00000150   Number         0  startup_gd32e10x.o ABSOLUTE
    __Vectors                                0x08000000   Data           4  startup_gd32e10x.o(RESET)
    __Vectors_End                            0x08000150   Data           0  startup_gd32e10x.o(RESET)
    __main                                   0x08000151   Thumb Code     0  entry.o(.ARM.Collect$$$$00000000)
    _main_stk                                0x08000151   Thumb Code     0  entry2.o(.ARM.Collect$$$$00000001)
    _main_scatterload                        0x08000155   Thumb Code     0  entry5.o(.ARM.Collect$$$$00000004)
    __main_after_scatterload                 0x08000159   Thumb Code     0  entry5.o(.ARM.Collect$$$$00000004)
    _main_clock                              0x08000159   Thumb Code     0  entry7b.o(.ARM.Collect$$$$00000008)
    _main_cpp_init                           0x08000159   Thumb Code     0  entry8b.o(.ARM.Collect$$$$0000000A)
    _main_init                               0x08000159   Thumb Code     0  entry9a.o(.ARM.Collect$$$$0000000B)
    __rt_final_cpp                           0x08000161   Thumb Code     0  entry10a.o(.ARM.Collect$$$$0000000D)
    __rt_final_exit                          0x08000161   Thumb Code     0  entry11a.o(.ARM.Collect$$$$0000000F)
    Reset_Handler                            0x08000165   Thumb Code     8  startup_gd32e10x.o(.text)
    ADC0_1_IRQHandler                        0x0800017f   Thumb Code     0  startup_gd32e10x.o(.text)
    DMA0_Channel1_IRQHandler                 0x0800017f   Thumb Code     0  startup_gd32e10x.o(.text)
    DMA0_Channel2_IRQHandler                 0x0800017f   Thumb Code     0  startup_gd32e10x.o(.text)
    DMA0_Channel3_IRQHandler                 0x0800017f   Thumb Code     0  startup_gd32e10x.o(.text)
    DMA0_Channel4_IRQHandler                 0x0800017f   Thumb Code     0  startup_gd32e10x.o(.text)
    DMA0_Channel5_IRQHandler                 0x0800017f   Thumb Code     0  startup_gd32e10x.o(.text)
    DMA0_Channel6_IRQHandler                 0x0800017f   Thumb Code     0  startup_gd32e10x.o(.text)
    DMA1_Channel0_IRQHandler                 0x0800017f   Thumb Code     0  startup_gd32e10x.o(.text)
    DMA1_Channel1_IRQHandler                 0x0800017f   Thumb Code     0  startup_gd32e10x.o(.text)
    DMA1_Channel2_IRQHandler                 0x0800017f   Thumb Code     0  startup_gd32e10x.o(.text)
    DMA1_Channel3_IRQHandler                 0x0800017f   Thumb Code     0  startup_gd32e10x.o(.text)
    DMA1_Channel4_IRQHandler                 0x0800017f   Thumb Code     0  startup_gd32e10x.o(.text)
    EXMC_IRQHandler                          0x0800017f   Thumb Code     0  startup_gd32e10x.o(.text)
    EXTI0_IRQHandler                         0x0800017f   Thumb Code     0  startup_gd32e10x.o(.text)
    EXTI10_15_IRQHandler                     0x0800017f   Thumb Code     0  startup_gd32e10x.o(.text)
    EXTI1_IRQHandler                         0x0800017f   Thumb Code     0  startup_gd32e10x.o(.text)
    EXTI2_IRQHandler                         0x0800017f   Thumb Code     0  startup_gd32e10x.o(.text)
    EXTI3_IRQHandler                         0x0800017f   Thumb Code     0  startup_gd32e10x.o(.text)
    EXTI4_IRQHandler                         0x0800017f   Thumb Code     0  startup_gd32e10x.o(.text)
    EXTI5_9_IRQHandler                       0x0800017f   Thumb Code     0  startup_gd32e10x.o(.text)
    FMC_IRQHandler                           0x0800017f   Thumb Code     0  startup_gd32e10x.o(.text)
    I2C0_ER_IRQHandler                       0x0800017f   Thumb Code     0  startup_gd32e10x.o(.text)
    I2C0_EV_IRQHandler                       0x0800017f   Thumb Code     0  startup_gd32e10x.o(.text)
    I2C1_ER_IRQHandler                       0x0800017f   Thumb Code     0  startup_gd32e10x.o(.text)
    I2C1_EV_IRQHandler                       0x0800017f   Thumb Code     0  startup_gd32e10x.o(.text)
    LVD_IRQHandler                           0x0800017f   Thumb Code     0  startup_gd32e10x.o(.text)
    RCU_CTC_IRQHandler                       0x0800017f   Thumb Code     0  startup_gd32e10x.o(.text)
    RTC_Alarm_IRQHandler                     0x0800017f   Thumb Code     0  startup_gd32e10x.o(.text)
    RTC_IRQHandler                           0x0800017f   Thumb Code     0  startup_gd32e10x.o(.text)
    SPI0_IRQHandler                          0x0800017f   Thumb Code     0  startup_gd32e10x.o(.text)
    SPI1_IRQHandler                          0x0800017f   Thumb Code     0  startup_gd32e10x.o(.text)
    SPI2_IRQHandler                          0x0800017f   Thumb Code     0  startup_gd32e10x.o(.text)
    TAMPER_IRQHandler                        0x0800017f   Thumb Code     0  startup_gd32e10x.o(.text)
    TIMER0_BRK_TIMER8_IRQHandler             0x0800017f   Thumb Code     0  startup_gd32e10x.o(.text)
    TIMER0_Channel_IRQHandler                0x0800017f   Thumb Code     0  startup_gd32e10x.o(.text)
    TIMER0_TRG_CMT_TIMER10_IRQHandler        0x0800017f   Thumb Code     0  startup_gd32e10x.o(.text)
    TIMER0_UP_TIMER9_IRQHandler              0x0800017f   Thumb Code     0  startup_gd32e10x.o(.text)
    TIMER1_IRQHandler                        0x0800017f   Thumb Code     0  startup_gd32e10x.o(.text)
    TIMER3_IRQHandler                        0x0800017f   Thumb Code     0  startup_gd32e10x.o(.text)
    TIMER4_IRQHandler                        0x0800017f   Thumb Code     0  startup_gd32e10x.o(.text)
    TIMER6_IRQHandler                        0x0800017f   Thumb Code     0  startup_gd32e10x.o(.text)
    TIMER7_BRK_TIMER11_IRQHandler            0x0800017f   Thumb Code     0  startup_gd32e10x.o(.text)
    TIMER7_Channel_IRQHandler                0x0800017f   Thumb Code     0  startup_gd32e10x.o(.text)
    TIMER7_TRG_CMT_TIMER13_IRQHandler        0x0800017f   Thumb Code     0  startup_gd32e10x.o(.text)
    TIMER7_UP_TIMER12_IRQHandler             0x0800017f   Thumb Code     0  startup_gd32e10x.o(.text)
    UART3_IRQHandler                         0x0800017f   Thumb Code     0  startup_gd32e10x.o(.text)
    UART4_IRQHandler                         0x0800017f   Thumb Code     0  startup_gd32e10x.o(.text)
    USART0_IRQHandler                        0x0800017f   Thumb Code     0  startup_gd32e10x.o(.text)
    USART1_IRQHandler                        0x0800017f   Thumb Code     0  startup_gd32e10x.o(.text)
    USART2_IRQHandler                        0x0800017f   Thumb Code     0  startup_gd32e10x.o(.text)
    WWDGT_IRQHandler                         0x0800017f   Thumb Code     0  startup_gd32e10x.o(.text)
    __aeabi_memcpy                           0x08000189   Thumb Code    36  memcpya.o(.text)
    __aeabi_memcpy4                          0x08000189   Thumb Code     0  memcpya.o(.text)
    __aeabi_memcpy8                          0x08000189   Thumb Code     0  memcpya.o(.text)
    __aeabi_memset                           0x080001ad   Thumb Code    14  memseta.o(.text)
    __aeabi_memset4                          0x080001ad   Thumb Code     0  memseta.o(.text)
    __aeabi_memset8                          0x080001ad   Thumb Code     0  memseta.o(.text)
    __aeabi_memclr                           0x080001bb   Thumb Code     4  memseta.o(.text)
    __aeabi_memclr4                          0x080001bb   Thumb Code     0  memseta.o(.text)
    __aeabi_memclr8                          0x080001bb   Thumb Code     0  memseta.o(.text)
    _memset$wrapper                          0x080001bf   Thumb Code    18  memseta.o(.text)
    __aeabi_dadd                             0x080001d1   Thumb Code   322  dadd.o(.text)
    __aeabi_dsub                             0x08000313   Thumb Code     6  dadd.o(.text)
    __aeabi_drsub                            0x08000319   Thumb Code     6  dadd.o(.text)
    __aeabi_dmul                             0x0800031f   Thumb Code   228  dmul.o(.text)
    __aeabi_ddiv                             0x08000403   Thumb Code   222  ddiv.o(.text)
    __aeabi_f2d                              0x080004e1   Thumb Code    38  f2d.o(.text)
    __aeabi_uidiv                            0x08000507   Thumb Code     0  uidiv.o(.text)
    __aeabi_uidivmod                         0x08000507   Thumb Code    44  uidiv.o(.text)
    __aeabi_uldivmod                         0x08000533   Thumb Code    98  uldiv.o(.text)
    __aeabi_llsl                             0x08000595   Thumb Code    30  llshl.o(.text)
    _ll_shift_l                              0x08000595   Thumb Code     0  llshl.o(.text)
    __aeabi_llsr                             0x080005b3   Thumb Code    32  llushr.o(.text)
    _ll_ushift_r                             0x080005b3   Thumb Code     0  llushr.o(.text)
    __aeabi_lasr                             0x080005d3   Thumb Code    36  llsshr.o(.text)
    _ll_sshift_r                             0x080005d3   Thumb Code     0  llsshr.o(.text)
    __I$use$fp                               0x080005f7   Thumb Code     0  iusefp.o(.text)
    _double_round                            0x080005f7   Thumb Code    30  depilogue.o(.text)
    _double_epilogue                         0x08000615   Thumb Code   156  depilogue.o(.text)
    __aeabi_d2ulz                            0x080006b1   Thumb Code    48  dfixul.o(.text)
    __aeabi_cdrcmple                         0x080006e1   Thumb Code    48  cdrcmple.o(.text)
    __scatterload                            0x08000711   Thumb Code    38  init.o(.text)
    __scatterload_rt2                        0x08000711   Thumb Code     0  init.o(.text)
    __decompress                             0x08000741   Thumb Code     0  __dczerorl.o(.text)
    __decompress0                            0x08000741   Thumb Code    58  __dczerorl.o(.text)
    BusFault_Handler                         0x0800077d   Thumb Code     4  gd32e10x_it.o(.text.BusFault_Handler)
    CtlValue_Init                            0x08000781   Thumb Code   284  ctlloop.o(.text.CtlValue_Init)
    DMA0_Channel0_IRQHandler                 0x080008a5   Thumb Code   124  ctlloop.o(.text.DMA0_Channel0_IRQHandler)
    DebugMon_Handler                         0x08000921   Thumb Code     2  gd32e10x_it.o(.text.DebugMon_Handler)
    HardFault_Handler                        0x08000925   Thumb Code     4  gd32e10x_it.o(.text.HardFault_Handler)
    LoopCtl                                  0x08000929   Thumb Code   552  ctlloop.o(.text.LoopCtl)
    MemManage_Handler                        0x08000b55   Thumb Code     4  gd32e10x_it.o(.text.MemManage_Handler)
    NMI_Handler                              0x08000b59   Thumb Code     4  gd32e10x_it.o(.text.NMI_Handler)
    OLED_Clear                               0x08000c85   Thumb Code    94  jkd_oled.o(.text.OLED_Clear)
    OLED_ClearArea                           0x08000ce5   Thumb Code   200  jkd_oled.o(.text.OLED_ClearArea)
    OLED_Init                                0x08000dad   Thumb Code   192  jkd_oled.o(.text.OLED_Init)
    OLED_Printf                              0x08000e6d   Thumb Code    56  jkd_oled.o(.text.OLED_Printf)
    OLED_SetCursor                           0x08000ea5   Thumb Code    52  jkd_oled.o(.text.OLED_SetCursor)
    OLED_ShowChar                            0x08000ed9   Thumb Code   132  jkd_oled.o(.text.OLED_ShowChar)
    OLED_ShowImage                           0x08000f5d   Thumb Code   450  jkd_oled.o(.text.OLED_ShowImage)
    OLED_ShowString                          0x08001121   Thumb Code    88  jkd_oled.o(.text.OLED_ShowString)
    OLED_Update                              0x08001179   Thumb Code    72  jkd_oled.o(.text.OLED_Update)
    OLED_W_CS                                0x080011c1   Thumb Code    56  jkd_oled.o(.text.OLED_W_CS)
    OLED_W_DC                                0x080011f9   Thumb Code    52  jkd_oled.o(.text.OLED_W_DC)
    OLED_W_RES                               0x0800122d   Thumb Code    52  jkd_oled.o(.text.OLED_W_RES)
    OLED_WriteCommand                        0x08001261   Thumb Code    80  jkd_oled.o(.text.OLED_WriteCommand)
    OLED_WriteData                           0x080012b1   Thumb Code   132  jkd_oled.o(.text.OLED_WriteData)
    OLED_gpioInit                            0x08001335   Thumb Code   202  jkd_oled.o(.text.OLED_gpioInit)
    PID_Init                                 0x08001401   Thumb Code   104  mypid.o(.text.PID_Init)
    PendSV_Handler                           0x08001469   Thumb Code     2  gd32e10x_it.o(.text.PendSV_Handler)
    SVC_Handler                              0x0800146d   Thumb Code     2  gd32e10x_it.o(.text.SVC_Handler)
    SysTick_Handler                          0x080014c5   Thumb Code    22  gd32e10x_it.o(.text.SysTick_Handler)
    SystemInit                               0x080014dd   Thumb Code   438  system_gd32e10x.o(.text.SystemInit)
    TIMER2_IRQHandler                        0x08001695   Thumb Code     8  gd32e10x_it.o(.text.TIMER2_IRQHandler)
    TIMER5_IRQHandler                        0x0800169d   Thumb Code    22  function.o(.text.TIMER5_IRQHandler)
    USBFS_IRQHandler                         0x080016b5   Thumb Code    16  gd32e10x_it.o(.text.USBFS_IRQHandler)
    USBFS_WKUP_IRQHandler                    0x080016c5   Thumb Code    66  gd32e10x_it.o(.text.USBFS_WKUP_IRQHandler)
    UsageFault_Handler                       0x08001709   Thumb Code     4  gd32e10x_it.o(.text.UsageFault_Handler)
    adc0_config                              0x08001f35   Thumb Code   170  gd32e10x_eval.o(.text.adc0_config)
    adc_calibration_enable                   0x08001fe1   Thumb Code    60  gd32e10x_adc.o(.text.adc_calibration_enable)
    adc_channel_length_config                0x0800201d   Thumb Code   110  gd32e10x_adc.o(.text.adc_channel_length_config)
    adc_data_alignment_config                0x0800208d   Thumb Code    40  gd32e10x_adc.o(.text.adc_data_alignment_config)
    adc_deinit                               0x080020b5   Thumb Code    82  gd32e10x_adc.o(.text.adc_deinit)
    adc_disp                                 0x08002109   Thumb Code   360  adc_dc_sample.o(.text.adc_disp)
    adc_dma_mode_enable                      0x08002275   Thumb Code    18  gd32e10x_adc.o(.text.adc_dma_mode_enable)
    adc_enable                               0x08002289   Thumb Code    30  gd32e10x_adc.o(.text.adc_enable)
    adc_external_trigger_config              0x080022a9   Thumb Code   120  gd32e10x_adc.o(.text.adc_external_trigger_config)
    adc_external_trigger_source_config       0x08002321   Thumb Code    82  gd32e10x_adc.o(.text.adc_external_trigger_source_config)
    adc_mode_config                          0x08002375   Thumb Code    32  gd32e10x_adc.o(.text.adc_mode_config)
    adc_regular_channel_config               0x08002395   Thumb Code   372  gd32e10x_adc.o(.text.adc_regular_channel_config)
    adc_special_function_config              0x08002509   Thumb Code   166  gd32e10x_adc.o(.text.adc_special_function_config)
    cdc_acm_check_ready                      0x080025b1   Thumb Code    72  cdc_acm_core_1.o(.text.cdc_acm_check_ready)
    cdc_acm_data_send                        0x08002649   Thumb Code    56  cdc_acm_core_1.o(.text.cdc_acm_data_send)
    cdc_send_data                            0x08002891   Thumb Code    94  function.o(.text.cdc_send_data)
    ctr_pwm_stop                             0x080028f1   Thumb Code    58  ctlloop.o(.text.ctr_pwm_stop)
    delay_1ms                                0x0800292d   Thumb Code    38  systick.o(.text.delay_1ms)
    delay_decrement                          0x08002955   Thumb Code    32  systick.o(.text.delay_decrement)
    dma_channel_enable                       0x08002975   Thumb Code    54  gd32e10x_dma.o(.text.dma_channel_enable)
    dma_circulation_enable                   0x080029ad   Thumb Code    54  gd32e10x_dma.o(.text.dma_circulation_enable)
    dma_config                               0x080029e5   Thumb Code   124  gd32e10x_eval.o(.text.dma_config)
    dma_deinit                               0x08002a61   Thumb Code   140  gd32e10x_dma.o(.text.dma_deinit)
    dma_init                                 0x08002aed   Thumb Code   328  gd32e10x_dma.o(.text.dma_init)
    dma_interrupt_enable                     0x08002c35   Thumb Code    56  gd32e10x_dma.o(.text.dma_interrupt_enable)
    dma_interrupt_flag_clear                 0x08002c6d   Thumb Code    34  gd32e10x_dma.o(.text.dma_interrupt_flag_clear)
    dma_interrupt_flag_get                   0x08002c91   Thumb Code   212  gd32e10x_dma.o(.text.dma_interrupt_flag_get)
    duty_change                              0x08002da1   Thumb Code    36  ctlloop.o(.text.duty_change)
    duty_limit                               0x08002dc5   Thumb Code   128  ctlloop.o(.text.duty_limit)
    exti_interrupt_flag_clear                0x08002e45   Thumb Code    20  gd32e10x_exti.o(.text.exti_interrupt_flag_clear)
    fsm_Proc                                 0x08002e59   Thumb Code   214  function.o(.text.fsm_Proc)
    gpio_bit_reset                           0x08002f31   Thumb Code    16  gd32e10x_gpio.o(.text.gpio_bit_reset)
    gpio_bit_set                             0x08002f41   Thumb Code    16  gd32e10x_gpio.o(.text.gpio_bit_set)
    gpio_config                              0x08002f51   Thumb Code   250  gd32e10x_eval.o(.text.gpio_config)
    gpio_init                                0x0800304d   Thumb Code   388  gd32e10x_gpio.o(.text.gpio_init)
    gpio_input_bit_get                       0x080031d1   Thumb Code    48  gd32e10x_gpio.o(.text.gpio_input_bit_get)
    gpio_pin_remap_config                    0x08003201   Thumb Code   250  gd32e10x_gpio.o(.text.gpio_pin_remap_config)
    int_to_unicode                           0x080033d5   Thumb Code   118  usbd_enum.o(.text.int_to_unicode)
    key_Proc                                 0x0800344d   Thumb Code   296  function.o(.text.key_Proc)
    key_read                                 0x08003575   Thumb Code   194  function.o(.text.key_read)
    main                                     0x08003639   Thumb Code    28  main.o(.text.main)
    my_Pid_Init                              0x08003655   Thumb Code   212  mypid.o(.text.my_Pid_Init)
    my_sys_init                              0x08003749   Thumb Code    60  function.o(.text.my_sys_init)
    nvic_config                              0x08003785   Thumb Code    30  gd32e10x_eval.o(.text.nvic_config)
    nvic_irq_enable                          0x080037a5   Thumb Code   138  gd32e10x_misc.o(.text.nvic_irq_enable)
    nvic_priority_group_set                  0x08003831   Thumb Code    28  gd32e10x_misc.o(.text.nvic_priority_group_set)
    nvic_vector_table_set                    0x0800384d   Thumb Code    40  gd32e10x_misc.o(.text.nvic_vector_table_set)
    peripheral_config                        0x08003875   Thumb Code    28  gd32e10x_eval.o(.text.peripheral_config)
    pmu_to_deepsleepmode                     0x08003891   Thumb Code   258  gd32e10x_pmu.o(.text.pmu_to_deepsleepmode)
    rcu_adc_clock_config                     0x08003995   Thumb Code   180  gd32e10x_rcu.o(.text.rcu_adc_clock_config)
    rcu_clock_freq_get                       0x08003a49   Thumb Code   550  gd32e10x_rcu.o(.text.rcu_clock_freq_get)
    rcu_periph_clock_enable                  0x08003c71   Thumb Code    40  gd32e10x_rcu.o(.text.rcu_periph_clock_enable)
    rcu_periph_reset_disable                 0x08003c99   Thumb Code    40  gd32e10x_rcu.o(.text.rcu_periph_reset_disable)
    rcu_periph_reset_enable                  0x08003cc1   Thumb Code    40  gd32e10x_rcu.o(.text.rcu_periph_reset_enable)
    rcu_usb_clock_config                     0x08003ce9   Thumb Code    36  gd32e10x_rcu.o(.text.rcu_usb_clock_config)
    serial_string_get                        0x08003d0d   Thumb Code   134  usbd_enum.o(.text.serial_string_get)
    spi_enable                               0x08003d95   Thumb Code    18  gd32e10x_spi.o(.text.spi_enable)
    spi_i2s_data_transmit                    0x08003da9   Thumb Code    20  gd32e10x_spi.o(.text.spi_i2s_data_transmit)
    spi_i2s_deinit                           0x08003dbd   Thumb Code   116  gd32e10x_spi.o(.text.spi_i2s_deinit)
    spi_i2s_flag_get                         0x08003e31   Thumb Code    48  gd32e10x_spi.o(.text.spi_i2s_flag_get)
    spi_init                                 0x08003e61   Thumb Code   114  gd32e10x_spi.o(.text.spi_init)
    spi_nss_output_enable                    0x08003ed5   Thumb Code    18  gd32e10x_spi.o(.text.spi_nss_output_enable)
    spi_struct_para_init                     0x08003ee9   Thumb Code    38  gd32e10x_spi.o(.text.spi_struct_para_init)
    systick_config                           0x08004075   Thumb Code    50  systick.o(.text.systick_config)
    task_list                                0x080040a9   Thumb Code    12  function.o(.text.task_list)
    timer0_pwm_config                        0x080040b5   Thumb Code   256  gd32e10x_eval.o(.text.timer0_pwm_config)
    timer5_config                            0x080041b5   Thumb Code   138  gd32e10x_eval.o(.text.timer5_config)
    timer_auto_reload_shadow_enable          0x08004241   Thumb Code    18  gd32e10x_timer.o(.text.timer_auto_reload_shadow_enable)
    timer_break_config                       0x08004255   Thumb Code    42  gd32e10x_timer.o(.text.timer_break_config)
    timer_break_struct_para_init             0x08004281   Thumb Code    38  gd32e10x_timer.o(.text.timer_break_struct_para_init)
    timer_channel_output_config              0x080042a9   Thumb Code   720  gd32e10x_timer.o(.text.timer_channel_output_config)
    timer_channel_output_mode_config         0x08004579   Thumb Code   140  gd32e10x_timer.o(.text.timer_channel_output_mode_config)
    timer_channel_output_pulse_value_config  0x08004605   Thumb Code    70  gd32e10x_timer.o(.text.timer_channel_output_pulse_value_config)
    timer_channel_output_shadow_config       0x0800464d   Thumb Code   140  gd32e10x_timer.o(.text.timer_channel_output_shadow_config)
    timer_channel_output_struct_para_init    0x080046d9   Thumb Code    34  gd32e10x_timer.o(.text.timer_channel_output_struct_para_init)
    timer_deinit                             0x080046fd   Thumb Code   490  gd32e10x_timer.o(.text.timer_deinit)
    timer_disable                            0x080048e9   Thumb Code    18  gd32e10x_timer.o(.text.timer_disable)
    timer_enable                             0x080048fd   Thumb Code    18  gd32e10x_timer.o(.text.timer_enable)
    timer_init                               0x08004911   Thumb Code   272  gd32e10x_timer.o(.text.timer_init)
    timer_interrupt_disable                  0x08004a21   Thumb Code    20  gd32e10x_timer.o(.text.timer_interrupt_disable)
    timer_interrupt_enable                   0x08004a35   Thumb Code    20  gd32e10x_timer.o(.text.timer_interrupt_enable)
    timer_interrupt_flag_clear               0x08004a49   Thumb Code    18  gd32e10x_timer.o(.text.timer_interrupt_flag_clear)
    timer_interrupt_flag_get                 0x08004a5d   Thumb Code    58  gd32e10x_timer.o(.text.timer_interrupt_flag_get)
    timer_master_output_trigger_source_select 0x08004a99   Thumb Code    30  gd32e10x_timer.o(.text.timer_master_output_trigger_source_select)
    timer_primary_output_config              0x08004ab9   Thumb Code    46  gd32e10x_timer.o(.text.timer_primary_output_config)
    timer_struct_para_init                   0x08004ae9   Thumb Code    38  gd32e10x_timer.o(.text.timer_struct_para_init)
    usb_basic_init                           0x08004b11   Thumb Code   302  drv_usb_core.o(.text.usb_basic_init)
    usb_clock_active                         0x08004c41   Thumb Code    46  drv_usb_dev_1.o(.text.usb_clock_active)
    usb_core_init                            0x08004c71   Thumb Code   164  drv_usb_core.o(.text.usb_core_init)
    usb_ctlep_startout                       0x08004d41   Thumb Code    20  drv_usb_dev_1.o(.text.usb_ctlep_startout)
    usb_curmode_set                          0x08004d55   Thumb Code    74  drv_usb_core.o(.text.usb_curmode_set)
    usb_devcore_init                         0x08004df1   Thumb Code   422  drv_usb_dev_1.o(.text.usb_devcore_init)
    usb_devint_enable                        0x08004f99   Thumb Code    84  drv_usb_dev_1.o(.text.usb_devint_enable)
    usb_iepintr_read                         0x08005039   Thumb Code    74  drv_usb_dev_1.o(.text.usb_iepintr_read)
    usb_intr_config                          0x08005085   Thumb Code    22  gd32e10x_hw.o(.text.usb_intr_config)
    usb_mdelay                               0x0800509d   Thumb Code    18  gd32e10x_hw.o(.text.usb_mdelay)
    usb_rcu_config                           0x08005101   Thumb Code   220  gd32e10x_hw.o(.text.usb_rcu_config)
    usb_rxfifo_flush                         0x080051dd   Thumb Code    44  drv_usb_core.o(.text.usb_rxfifo_flush)
    usb_rxfifo_read                          0x08005209   Thumb Code    60  drv_usb_core.o(.text.usb_rxfifo_read)
    usb_set_txfifo                           0x0800525d   Thumb Code   154  drv_usb_core.o(.text.usb_set_txfifo)
    usb_timer_init                           0x080052f9   Thumb Code    30  gd32e10x_hw.o(.text.usb_timer_init)
    usb_timer_irq                            0x08005319   Thumb Code    82  gd32e10x_hw.o(.text.usb_timer_irq)
    usb_transc_active                        0x0800536d   Thumb Code   228  drv_usb_dev_1.o(.text.usb_transc_active)
    usb_transc_clrstall                      0x08005451   Thumb Code   114  drv_usb_dev_1.o(.text.usb_transc_clrstall)
    usb_transc_deactivate                    0x080054c5   Thumb Code   120  drv_usb_dev_1.o(.text.usb_transc_deactivate)
    usb_transc_inxfer                        0x0800553d   Thumb Code   358  drv_usb_dev_1.o(.text.usb_transc_inxfer)
    usb_transc_outxfer                       0x080056a5   Thumb Code   230  drv_usb_dev_1.o(.text.usb_transc_outxfer)
    usb_transc_stall                         0x0800578d   Thumb Code   104  drv_usb_dev_1.o(.text.usb_transc_stall)
    usb_txfifo_flush                         0x080057f5   Thumb Code    54  drv_usb_core.o(.text.usb_txfifo_flush)
    usb_txfifo_write                         0x0800582d   Thumb Code    72  drv_usb_core.o(.text.usb_txfifo_write)
    usb_udelay                               0x08005875   Thumb Code    18  gd32e10x_hw.o(.text.usb_udelay)
    usbd_class_request                       0x080058a1   Thumb Code    66  usbd_enum.o(.text.usbd_class_request)
    usbd_connect                             0x080058e5   Thumb Code    22  usbd_core.o(.text.usbd_connect)
    usbd_ctl_recev                           0x080058fd   Thumb Code    66  usbd_transc.o(.text.usbd_ctl_recev)
    usbd_ctl_send                            0x08005941   Thumb Code    64  usbd_transc.o(.text.usbd_ctl_send)
    usbd_ctl_status_recev                    0x08005981   Thumb Code    40  usbd_transc.o(.text.usbd_ctl_status_recev)
    usbd_ctl_status_send                     0x080059a9   Thumb Code    40  usbd_transc.o(.text.usbd_ctl_status_send)
    usbd_disconnect                          0x080059d1   Thumb Code    22  usbd_core.o(.text.usbd_disconnect)
    usbd_enum_error                          0x08005ad5   Thumb Code    34  usbd_enum.o(.text.usbd_enum_error)
    usbd_ep_clear                            0x08005af9   Thumb Code    84  usbd_core.o(.text.usbd_ep_clear)
    usbd_ep_recev                            0x08005b4d   Thumb Code    72  usbd_core.o(.text.usbd_ep_recev)
    usbd_ep_send                             0x08005b95   Thumb Code    70  usbd_core.o(.text.usbd_ep_send)
    usbd_ep_setup                            0x08005bdd   Thumb Code   174  usbd_core.o(.text.usbd_ep_setup)
    usbd_ep_stall                            0x08005c8d   Thumb Code    92  usbd_core.o(.text.usbd_ep_stall)
    usbd_ep_stall_clear                      0x08005ce9   Thumb Code    94  usbd_core.o(.text.usbd_ep_stall_clear)
    usbd_in_transc                           0x08005d49   Thumb Code   208  usbd_transc.o(.text.usbd_in_transc)
    usbd_init                                0x08005e19   Thumb Code   148  usbd_core.o(.text.usbd_init)
    usbd_isr                                 0x08006331   Thumb Code   370  drv_usbd_int.o(.text.usbd_isr)
    usbd_out_transc                          0x080064a5   Thumb Code   174  usbd_transc.o(.text.usbd_out_transc)
    usbd_setup_transc                        0x08006555   Thumb Code   174  usbd_transc.o(.text.usbd_setup_transc)
    usbd_standard_request                    0x08006605   Thumb Code    32  usbd_enum.o(.text.usbd_standard_request)
    usbd_vendor_request                      0x08006625   Thumb Code    12  usbd_enum.o(.text.usbd_vendor_request)
    adc_filter                               0x08006631   Thumb Code   124  adc_dc_sample.o(RAMCODE)
    PWM_Rise                                 0x080066ad   Thumb Code   468  function.o(RAMCODE)
    oled_show                                0x08006881   Thumb Code   752  function.o(RAMCODE)
    PID_Reset                                0x08006b71   Thumb Code    42  mypid.o(RAMCODE)
    PID_Update                               0x08006b9d   Thumb Code   442  mypid.o(RAMCODE)
    __0vsprintf                              0x08006d59   Thumb Code    30  printfa.o(i.__0vsprintf)
    __1vsprintf                              0x08006d59   Thumb Code     0  printfa.o(i.__0vsprintf)
    __2vsprintf                              0x08006d59   Thumb Code     0  printfa.o(i.__0vsprintf)
    __c89vsprintf                            0x08006d59   Thumb Code     0  printfa.o(i.__0vsprintf)
    vsprintf                                 0x08006d59   Thumb Code     0  printfa.o(i.__0vsprintf)
    __scatterload_copy                       0x08006d7d   Thumb Code    14  handlers.o(i.__scatterload_copy)
    __scatterload_null                       0x08006d8b   Thumb Code     2  handlers.o(i.__scatterload_null)
    __scatterload_zeroinit                   0x08006d8d   Thumb Code    14  handlers.o(i.__scatterload_zeroinit)
    OLED_F6x8                                0x0800765c   Data         570  oledfont.o(.rodata.OLED_F6x8)
    OLED_F8x16                               0x08007896   Data        1520  oledfont.o(.rodata.OLED_F8x16)
    cdc_config_desc                          0x08007e8a   Data          67  cdc_acm_core_1.o(.rodata.cdc_config_desc)
    cdc_dev_desc                             0x08007ece   Data          18  cdc_acm_core_1.o(.rodata.cdc_dev_desc)
    ep_type                                  0x08007ee0   Data          16  usbd_core.o(.rodata.ep_type)
    usbd_cdc_strings                         0x080081a8   Data          16  cdc_acm_core_1.o(.rodata.usbd_cdc_strings)
    Region$$Table$$Base                      0x080081bc   Number         0  anon$$obj.o(Region$$Table)
    Region$$Table$$Limit                     0x080081dc   Number         0  anon$$obj.o(Region$$Table)
    SystemCoreClock                          0x20000000   Data           4  system_gd32e10x.o(.data.SystemCoreClock)
    cdc_class                                0x20000040   Data          48  cdc_acm_core_1.o(.data.cdc_class)
    cdc_desc                                 0x20000070   Data          16  cdc_acm_core_1.o(.data.cdc_desc)
    pwm_value                                0x20000080   Data           8  ctlloop.o(.data.pwm_value)
    timer_prescaler                          0x20000198   Data           2  gd32e10x_hw.o(.data.timer_prescaler)
    OLED_DisplayBuf                          0x200001a8   Data        1024  jkd_oled.o(.bss.OLED_DisplayBuf)
    adc_value                                0x200005b8   Data          10  gd32e10x_eval.o(.bss.adc_value)
    cdc_acm                                  0x200005c4   Data         976  function.o(.bss.cdc_acm)
    ctrState                                 0x200009ec   Data           8  function.o(.bss.ctrState)
    delay_time                               0x200009f8   Data           4  gd32e10x_hw.o(.bss.delay_time)
    key_down                                 0x200009fc   Data           1  function.o(.bss.key_down)
    key_old                                  0x200009fd   Data           1  function.o(.bss.key_old)
    key_tick                                 0x20000a00   Data           4  function.o(.bss.key_tick)
    key_value                                0x20000a04   Data           1  function.o(.bss.key_value)
    my_adc_sample                            0x20000a08   Data          40  adc_dc_sample.o(.bss.my_adc_sample)
    my_ctrvalue                              0x20000a30   Data          60  ctlloop.o(.bss.my_ctrvalue)
    oled_tick                                0x20000a6c   Data           4  function.o(.bss.oled_tick)
    pid_CC_Boost                             0x20000a70   Data          60  mypid.o(.bss.pid_CC_Boost)
    pid_CC_Buck                              0x20000aac   Data          60  mypid.o(.bss.pid_CC_Buck)
    pid_CV_Boost                             0x20000ae8   Data          60  mypid.o(.bss.pid_CV_Boost)
    pid_CV_Buck                              0x20000b24   Data          60  mypid.o(.bss.pid_CV_Buck)
    usbfs_prescaler                          0x20000b70   Data           4  gd32e10x_hw.o(.bss.usbfs_prescaler)
    uwTick                                   0x20000b74   Data           4  gd32e10x_it.o(.bss.uwTick)
    __initial_sp                             0x20001378   Data           0  startup_gd32e10x.o(STACK)



==============================================================================

Memory Map of the image

  Image Entry point : 0x08000151

  Load Region LR_IROM1 (Base: 0x08000000, Size: 0x00008380, Max: 0x00010000, ABSOLUTE, COMPRESSED[0x00008260])

    Execution Region ER_IROM1 (Exec base: 0x08000000, Load base: 0x08000000, Size: 0x000081dc, Max: 0x00010000, ABSOLUTE)

    Exec Addr    Load Addr    Size         Type   Attr      Idx    E Section Name        Object

    0x08000000   0x08000000   0x00000150   Data   RO         1277    RESET               startup_gd32e10x.o
    0x08000150   0x08000150   0x00000000   Code   RO         1808  * .ARM.Collect$$$$00000000  mc_w.l(entry.o)
    0x08000150   0x08000150   0x00000004   Code   RO         1897    .ARM.Collect$$$$00000001  mc_w.l(entry2.o)
    0x08000154   0x08000154   0x00000004   Code   RO         1900    .ARM.Collect$$$$00000004  mc_w.l(entry5.o)
    0x08000158   0x08000158   0x00000000   Code   RO         1902    .ARM.Collect$$$$00000008  mc_w.l(entry7b.o)
    0x08000158   0x08000158   0x00000000   Code   RO         1904    .ARM.Collect$$$$0000000A  mc_w.l(entry8b.o)
    0x08000158   0x08000158   0x00000008   Code   RO         1905    .ARM.Collect$$$$0000000B  mc_w.l(entry9a.o)
    0x08000160   0x08000160   0x00000000   Code   RO         1907    .ARM.Collect$$$$0000000D  mc_w.l(entry10a.o)
    0x08000160   0x08000160   0x00000000   Code   RO         1909    .ARM.Collect$$$$0000000F  mc_w.l(entry11a.o)
    0x08000160   0x08000160   0x00000004   Code   RO         1898    .ARM.Collect$$$$00002712  mc_w.l(entry2.o)
    0x08000164   0x08000164   0x00000024   Code   RO         1278    .text               startup_gd32e10x.o
    0x08000188   0x08000188   0x00000024   Code   RO         1811    .text               mc_w.l(memcpya.o)
    0x080001ac   0x080001ac   0x00000024   Code   RO         1813    .text               mc_w.l(memseta.o)
    0x080001d0   0x080001d0   0x0000014e   Code   RO         1847    .text               mf_w.l(dadd.o)
    0x0800031e   0x0800031e   0x000000e4   Code   RO         1849    .text               mf_w.l(dmul.o)
    0x08000402   0x08000402   0x000000de   Code   RO         1851    .text               mf_w.l(ddiv.o)
    0x080004e0   0x080004e0   0x00000026   Code   RO         1865    .text               mf_w.l(f2d.o)
    0x08000506   0x08000506   0x0000002c   Code   RO         1925    .text               mc_w.l(uidiv.o)
    0x08000532   0x08000532   0x00000062   Code   RO         1927    .text               mc_w.l(uldiv.o)
    0x08000594   0x08000594   0x0000001e   Code   RO         1929    .text               mc_w.l(llshl.o)
    0x080005b2   0x080005b2   0x00000020   Code   RO         1931    .text               mc_w.l(llushr.o)
    0x080005d2   0x080005d2   0x00000024   Code   RO         1933    .text               mc_w.l(llsshr.o)
    0x080005f6   0x080005f6   0x00000000   Code   RO         1942    .text               mc_w.l(iusefp.o)
    0x080005f6   0x080005f6   0x000000ba   Code   RO         1945    .text               mf_w.l(depilogue.o)
    0x080006b0   0x080006b0   0x00000030   Code   RO         1951    .text               mf_w.l(dfixul.o)
    0x080006e0   0x080006e0   0x00000030   Code   RO         1955    .text               mf_w.l(cdrcmple.o)
    0x08000710   0x08000710   0x00000030   Code   RO         1961    .text               mc_w.l(init.o)
    0x08000740   0x08000740   0x0000003a   Code   RO         1973    .text               mc_w.l(__dczerorl.o)
    0x0800077a   0x0800077a   0x00000002   PAD
    0x0800077c   0x0800077c   0x00000004   Code   RO           17    .text.BusFault_Handler  gd32e10x_it.o
    0x08000780   0x08000780   0x00000124   Code   RO         1430    .text.CtlValue_Init  ctlloop.o
    0x080008a4   0x080008a4   0x0000007c   Code   RO         1458    .text.DMA0_Channel0_IRQHandler  ctlloop.o
    0x08000920   0x08000920   0x00000002   Code   RO           23    .text.DebugMon_Handler  gd32e10x_it.o
    0x08000922   0x08000922   0x00000002   PAD
    0x08000924   0x08000924   0x00000004   Code   RO           13    .text.HardFault_Handler  gd32e10x_it.o
    0x08000928   0x08000928   0x0000022c   Code   RO         1456    .text.LoopCtl       ctlloop.o
    0x08000b54   0x08000b54   0x00000004   Code   RO           15    .text.MemManage_Handler  gd32e10x_it.o
    0x08000b58   0x08000b58   0x00000004   Code   RO           11    .text.NMI_Handler   gd32e10x_it.o
    0x08000b5c   0x08000b5c   0x00000024   Code   RO          725    .text.NVIC_EnableIRQ  gd32e10x_misc.o
    0x08000b80   0x08000b80   0x0000006c   Code   RO          721    .text.NVIC_EncodePriority  gd32e10x_misc.o
    0x08000bec   0x08000bec   0x00000010   Code   RO          719    .text.NVIC_GetPriorityGrouping  gd32e10x_misc.o
    0x08000bfc   0x08000bfc   0x00000044   Code   RO           47    .text.NVIC_SetPriority  systick.o
    0x08000c40   0x08000c40   0x00000044   Code   RO          723    .text.NVIC_SetPriority  gd32e10x_misc.o
    0x08000c84   0x08000c84   0x0000005e   Code   RO         1325    .text.OLED_Clear    jkd_oled.o
    0x08000ce2   0x08000ce2   0x00000002   PAD
    0x08000ce4   0x08000ce4   0x000000c8   Code   RO         1339    .text.OLED_ClearArea  jkd_oled.o
    0x08000dac   0x08000dac   0x000000c0   Code   RO         1323    .text.OLED_Init     jkd_oled.o
    0x08000e6c   0x08000e6c   0x00000038   Code   RO         1363    .text.OLED_Printf   jkd_oled.o
    0x08000ea4   0x08000ea4   0x00000034   Code   RO         1329    .text.OLED_SetCursor  jkd_oled.o
    0x08000ed8   0x08000ed8   0x00000084   Code   RO         1345    .text.OLED_ShowChar  jkd_oled.o
    0x08000f5c   0x08000f5c   0x000001c2   Code   RO         1347    .text.OLED_ShowImage  jkd_oled.o
    0x0800111e   0x0800111e   0x00000002   PAD
    0x08001120   0x08001120   0x00000058   Code   RO         1349    .text.OLED_ShowString  jkd_oled.o
    0x08001178   0x08001178   0x00000048   Code   RO         1327    .text.OLED_Update   jkd_oled.o
    0x080011c0   0x080011c0   0x00000038   Code   RO         1315    .text.OLED_W_CS     jkd_oled.o
    0x080011f8   0x080011f8   0x00000034   Code   RO         1313    .text.OLED_W_DC     jkd_oled.o
    0x0800122c   0x0800122c   0x00000034   Code   RO         1311    .text.OLED_W_RES    jkd_oled.o
    0x08001260   0x08001260   0x00000050   Code   RO         1319    .text.OLED_WriteCommand  jkd_oled.o
    0x080012b0   0x080012b0   0x00000084   Code   RO         1321    .text.OLED_WriteData  jkd_oled.o
    0x08001334   0x08001334   0x000000ca   Code   RO         1317    .text.OLED_gpioInit  jkd_oled.o
    0x080013fe   0x080013fe   0x00000002   PAD
    0x08001400   0x08001400   0x00000068   Code   RO         1527    .text.PID_Init      mypid.o
    0x08001468   0x08001468   0x00000002   Code   RO           25    .text.PendSV_Handler  gd32e10x_it.o
    0x0800146a   0x0800146a   0x00000002   PAD
    0x0800146c   0x0800146c   0x00000002   Code   RO           21    .text.SVC_Handler   gd32e10x_it.o
    0x0800146e   0x0800146e   0x00000002   PAD
    0x08001470   0x08001470   0x00000052   Code   RO           45    .text.SysTick_Config  systick.o
    0x080014c2   0x080014c2   0x00000002   PAD
    0x080014c4   0x080014c4   0x00000016   Code   RO           27    .text.SysTick_Handler  gd32e10x_it.o
    0x080014da   0x080014da   0x00000002   PAD
    0x080014dc   0x080014dc   0x000001b6   Code   RO           87    .text.SystemInit    system_gd32e10x.o
    0x08001692   0x08001692   0x00000002   PAD
    0x08001694   0x08001694   0x00000008   Code   RO           29    .text.TIMER2_IRQHandler  gd32e10x_it.o
    0x0800169c   0x0800169c   0x00000016   Code   RO         1473    .text.TIMER5_IRQHandler  function.o
    0x080016b2   0x080016b2   0x00000002   PAD
    0x080016b4   0x080016b4   0x00000010   Code   RO           33    .text.USBFS_IRQHandler  gd32e10x_it.o
    0x080016c4   0x080016c4   0x00000042   Code   RO           31    .text.USBFS_WKUP_IRQHandler  gd32e10x_it.o
    0x08001706   0x08001706   0x00000002   PAD
    0x08001708   0x08001708   0x00000004   Code   RO           19    .text.UsageFault_Handler  gd32e10x_it.o
    0x0800170c   0x0800170c   0x00000028   Code   RO           89    .text._soft_delay_  system_gd32e10x.o
    0x08001734   0x08001734   0x00000024   Code   RO         1628    .text._usb_bos_desc_get  usbd_enum.o
    0x08001758   0x08001758   0x0000002a   Code   RO         1632    .text._usb_config_desc_get  usbd_enum.o
    0x08001782   0x08001782   0x00000002   PAD
    0x08001784   0x08001784   0x00000024   Code   RO         1630    .text._usb_dev_desc_get  usbd_enum.o
    0x080017a8   0x080017a8   0x000000c6   Code   RO         1602    .text._usb_std_clearfeature  usbd_enum.o
    0x0800186e   0x0800186e   0x00000002   PAD
    0x08001870   0x08001870   0x00000074   Code   RO         1614    .text._usb_std_getconfiguration  usbd_enum.o
    0x080018e4   0x080018e4   0x00000198   Code   RO         1610    .text._usb_std_getdescriptor  usbd_enum.o
    0x08001a7c   0x08001a7c   0x00000068   Code   RO         1618    .text._usb_std_getinterface  usbd_enum.o
    0x08001ae4   0x08001ae4   0x00000146   Code   RO         1600    .text._usb_std_getstatus  usbd_enum.o
    0x08001c2a   0x08001c2a   0x00000002   PAD
    0x08001c2c   0x08001c2c   0x0000000c   Code   RO         1604    .text._usb_std_reserved  usbd_enum.o
    0x08001c38   0x08001c38   0x00000074   Code   RO         1608    .text._usb_std_setaddress  usbd_enum.o
    0x08001cac   0x08001cac   0x0000011a   Code   RO         1616    .text._usb_std_setconfiguration  usbd_enum.o
    0x08001dc6   0x08001dc6   0x00000002   PAD
    0x08001dc8   0x08001dc8   0x0000000c   Code   RO         1612    .text._usb_std_setdescriptor  usbd_enum.o
    0x08001dd4   0x08001dd4   0x000000bc   Code   RO         1606    .text._usb_std_setfeature  usbd_enum.o
    0x08001e90   0x08001e90   0x0000006c   Code   RO         1620    .text._usb_std_setinterface  usbd_enum.o
    0x08001efc   0x08001efc   0x0000000c   Code   RO         1622    .text._usb_std_synchframe  usbd_enum.o
    0x08001f08   0x08001f08   0x0000002a   Code   RO         1634    .text._usb_str_desc_get  usbd_enum.o
    0x08001f32   0x08001f32   0x00000002   PAD
    0x08001f34   0x08001f34   0x000000aa   Code   RO         1293    .text.adc0_config   gd32e10x_eval.o
    0x08001fde   0x08001fde   0x00000002   PAD
    0x08001fe0   0x08001fe0   0x0000003c   Code   RO          120    .text.adc_calibration_enable  gd32e10x_adc.o
    0x0800201c   0x0800201c   0x0000006e   Code   RO          140    .text.adc_channel_length_config  gd32e10x_adc.o
    0x0800208a   0x0800208a   0x00000002   PAD
    0x0800208c   0x0800208c   0x00000028   Code   RO          114    .text.adc_data_alignment_config  gd32e10x_adc.o
    0x080020b4   0x080020b4   0x00000052   Code   RO          108    .text.adc_deinit    gd32e10x_adc.o
    0x08002106   0x08002106   0x00000002   PAD
    0x08002108   0x08002108   0x0000016c   Code   RO         1407    .text.adc_disp      adc_dc_sample.o
    0x08002274   0x08002274   0x00000012   Code   RO          134    .text.adc_dma_mode_enable  gd32e10x_adc.o
    0x08002286   0x08002286   0x00000002   PAD
    0x08002288   0x08002288   0x0000001e   Code   RO          116    .text.adc_enable    gd32e10x_adc.o
    0x080022a6   0x080022a6   0x00000002   PAD
    0x080022a8   0x080022a8   0x00000078   Code   RO          150    .text.adc_external_trigger_config  gd32e10x_adc.o
    0x08002320   0x08002320   0x00000052   Code   RO          148    .text.adc_external_trigger_source_config  gd32e10x_adc.o
    0x08002372   0x08002372   0x00000002   PAD
    0x08002374   0x08002374   0x00000020   Code   RO          110    .text.adc_mode_config  gd32e10x_adc.o
    0x08002394   0x08002394   0x00000174   Code   RO          142    .text.adc_regular_channel_config  gd32e10x_adc.o
    0x08002508   0x08002508   0x000000a6   Code   RO          112    .text.adc_special_function_config  gd32e10x_adc.o
    0x080025ae   0x080025ae   0x00000002   PAD
    0x080025b0   0x080025b0   0x00000048   Code   RO         1776    .text.cdc_acm_check_ready  cdc_acm_core_1.o
    0x080025f8   0x080025f8   0x00000050   Code   RO         1770    .text.cdc_acm_ctlx_out  cdc_acm_core_1.o
    0x08002648   0x08002648   0x00000038   Code   RO         1778    .text.cdc_acm_data_send  cdc_acm_core_1.o
    0x08002680   0x08002680   0x00000028   Code   RO         1766    .text.cdc_acm_deinit  cdc_acm_core_1.o
    0x080026a8   0x080026a8   0x00000062   Code   RO         1772    .text.cdc_acm_in    cdc_acm_core_1.o
    0x0800270a   0x0800270a   0x00000002   PAD
    0x0800270c   0x0800270c   0x00000070   Code   RO         1764    .text.cdc_acm_init  cdc_acm_core_1.o
    0x0800277c   0x0800277c   0x00000034   Code   RO         1774    .text.cdc_acm_out   cdc_acm_core_1.o
    0x080027b0   0x080027b0   0x000000e0   Code   RO         1768    .text.cdc_acm_req   cdc_acm_core_1.o
    0x08002890   0x08002890   0x0000005e   Code   RO         1469    .text.cdc_send_data  function.o
    0x080028ee   0x080028ee   0x00000002   PAD
    0x080028f0   0x080028f0   0x0000003a   Code   RO         1446    .text.ctr_pwm_stop  ctlloop.o
    0x0800292a   0x0800292a   0x00000002   PAD
    0x0800292c   0x0800292c   0x00000026   Code   RO           49    .text.delay_1ms     systick.o
    0x08002952   0x08002952   0x00000002   PAD
    0x08002954   0x08002954   0x00000020   Code   RO           51    .text.delay_decrement  systick.o
    0x08002974   0x08002974   0x00000036   Code   RO          396    .text.dma_channel_enable  gd32e10x_dma.o
    0x080029aa   0x080029aa   0x00000002   PAD
    0x080029ac   0x080029ac   0x00000036   Code   RO          388    .text.dma_circulation_enable  gd32e10x_dma.o
    0x080029e2   0x080029e2   0x00000002   PAD
    0x080029e4   0x080029e4   0x0000007c   Code   RO         1291    .text.dma_config    gd32e10x_eval.o
    0x08002a60   0x08002a60   0x0000008c   Code   RO          380    .text.dma_deinit    gd32e10x_dma.o
    0x08002aec   0x08002aec   0x00000148   Code   RO          386    .text.dma_init      gd32e10x_dma.o
    0x08002c34   0x08002c34   0x00000038   Code   RO          432    .text.dma_interrupt_enable  gd32e10x_dma.o
    0x08002c6c   0x08002c6c   0x00000022   Code   RO          430    .text.dma_interrupt_flag_clear  gd32e10x_dma.o
    0x08002c8e   0x08002c8e   0x00000002   PAD
    0x08002c90   0x08002c90   0x000000d4   Code   RO          428    .text.dma_interrupt_flag_get  gd32e10x_dma.o
    0x08002d64   0x08002d64   0x0000003a   Code   RO          382    .text.dma_periph_and_channel_check  gd32e10x_dma.o
    0x08002d9e   0x08002d9e   0x00000002   PAD
    0x08002da0   0x08002da0   0x00000024   Code   RO         1438    .text.duty_change   ctlloop.o
    0x08002dc4   0x08002dc4   0x00000080   Code   RO         1436    .text.duty_limit    ctlloop.o
    0x08002e44   0x08002e44   0x00000014   Code   RO          484    .text.exti_interrupt_flag_clear  gd32e10x_exti.o
    0x08002e58   0x08002e58   0x000000d6   Code   RO         1475    .text.fsm_Proc      function.o
    0x08002f2e   0x08002f2e   0x00000002   PAD
    0x08002f30   0x08002f30   0x00000010   Code   RO          601    .text.gpio_bit_reset  gd32e10x_gpio.o
    0x08002f40   0x08002f40   0x00000010   Code   RO          599    .text.gpio_bit_set  gd32e10x_gpio.o
    0x08002f50   0x08002f50   0x000000fa   Code   RO         1285    .text.gpio_config   gd32e10x_eval.o
    0x0800304a   0x0800304a   0x00000002   PAD
    0x0800304c   0x0800304c   0x00000184   Code   RO          597    .text.gpio_init     gd32e10x_gpio.o
    0x080031d0   0x080031d0   0x00000030   Code   RO          607    .text.gpio_input_bit_get  gd32e10x_gpio.o
    0x08003200   0x08003200   0x000000fa   Code   RO          615    .text.gpio_pin_remap_config  gd32e10x_gpio.o
    0x080032fa   0x080032fa   0x00000002   PAD
    0x080032fc   0x080032fc   0x00000040   Code   RO           69    .text.hw_delay      gd32e10x_hw.o
    0x0800333c   0x0800333c   0x00000096   Code   RO           75    .text.hw_time_set   gd32e10x_hw.o
    0x080033d2   0x080033d2   0x00000002   PAD
    0x080033d4   0x080033d4   0x00000076   Code   RO         1596    .text.int_to_unicode  usbd_enum.o
    0x0800344a   0x0800344a   0x00000002   PAD
    0x0800344c   0x0800344c   0x00000128   Code   RO         1481    .text.key_Proc      function.o
    0x08003574   0x08003574   0x000000c2   Code   RO         1485    .text.key_read      function.o
    0x08003636   0x08003636   0x00000002   PAD
    0x08003638   0x08003638   0x0000001c   Code   RO            2    .text.main          main.o
    0x08003654   0x08003654   0x000000f4   Code   RO         1525    .text.my_Pid_Init   mypid.o
    0x08003748   0x08003748   0x0000003c   Code   RO         1471    .text.my_sys_init   function.o
    0x08003784   0x08003784   0x0000001e   Code   RO         1295    .text.nvic_config   gd32e10x_eval.o
    0x080037a2   0x080037a2   0x00000002   PAD
    0x080037a4   0x080037a4   0x0000008a   Code   RO          717    .text.nvic_irq_enable  gd32e10x_misc.o
    0x0800382e   0x0800382e   0x00000002   PAD
    0x08003830   0x08003830   0x0000001c   Code   RO          715    .text.nvic_priority_group_set  gd32e10x_misc.o
    0x0800384c   0x0800384c   0x00000028   Code   RO          729    .text.nvic_vector_table_set  gd32e10x_misc.o
    0x08003874   0x08003874   0x0000001c   Code   RO         1297    .text.peripheral_config  gd32e10x_eval.o
    0x08003890   0x08003890   0x00000102   Code   RO          754    .text.pmu_to_deepsleepmode  gd32e10x_pmu.o
    0x08003992   0x08003992   0x00000002   PAD
    0x08003994   0x08003994   0x000000b4   Code   RO          822    .text.rcu_adc_clock_config  gd32e10x_rcu.o
    0x08003a48   0x08003a48   0x00000226   Code   RO          864    .text.rcu_clock_freq_get  gd32e10x_rcu.o
    0x08003c6e   0x08003c6e   0x00000002   PAD
    0x08003c70   0x08003c70   0x00000028   Code   RO          782    .text.rcu_periph_clock_enable  gd32e10x_rcu.o
    0x08003c98   0x08003c98   0x00000028   Code   RO          792    .text.rcu_periph_reset_disable  gd32e10x_rcu.o
    0x08003cc0   0x08003cc0   0x00000028   Code   RO          790    .text.rcu_periph_reset_enable  gd32e10x_rcu.o
    0x08003ce8   0x08003ce8   0x00000024   Code   RO          824    .text.rcu_usb_clock_config  gd32e10x_rcu.o
    0x08003d0c   0x08003d0c   0x00000086   Code   RO         1598    .text.serial_string_get  usbd_enum.o
    0x08003d92   0x08003d92   0x00000002   PAD
    0x08003d94   0x08003d94   0x00000012   Code   RO          918    .text.spi_enable    gd32e10x_spi.o
    0x08003da6   0x08003da6   0x00000002   PAD
    0x08003da8   0x08003da8   0x00000014   Code   RO          944    .text.spi_i2s_data_transmit  gd32e10x_spi.o
    0x08003dbc   0x08003dbc   0x00000074   Code   RO          912    .text.spi_i2s_deinit  gd32e10x_spi.o
    0x08003e30   0x08003e30   0x00000030   Code   RO          988    .text.spi_i2s_flag_get  gd32e10x_spi.o
    0x08003e60   0x08003e60   0x00000072   Code   RO          916    .text.spi_init      gd32e10x_spi.o
    0x08003ed2   0x08003ed2   0x00000002   PAD
    0x08003ed4   0x08003ed4   0x00000012   Code   RO          930    .text.spi_nss_output_enable  gd32e10x_spi.o
    0x08003ee6   0x08003ee6   0x00000002   PAD
    0x08003ee8   0x08003ee8   0x00000026   Code   RO          914    .text.spi_struct_para_init  gd32e10x_spi.o
    0x08003f0e   0x08003f0e   0x00000002   PAD
    0x08003f10   0x08003f10   0x0000015c   Code   RO           97    .text.system_clock_120m_hxtal  system_gd32e10x.o
    0x0800406c   0x0800406c   0x00000008   Code   RO           91    .text.system_clock_config  system_gd32e10x.o
    0x08004074   0x08004074   0x00000032   Code   RO           43    .text.systick_config  systick.o
    0x080040a6   0x080040a6   0x00000002   PAD
    0x080040a8   0x080040a8   0x0000000c   Code   RO         1479    .text.task_list     function.o
    0x080040b4   0x080040b4   0x00000100   Code   RO         1289    .text.timer0_pwm_config  gd32e10x_eval.o
    0x080041b4   0x080041b4   0x0000008a   Code   RO         1287    .text.timer5_config  gd32e10x_eval.o
    0x0800423e   0x0800423e   0x00000002   PAD
    0x08004240   0x08004240   0x00000012   Code   RO         1007    .text.timer_auto_reload_shadow_enable  gd32e10x_timer.o
    0x08004252   0x08004252   0x00000002   PAD
    0x08004254   0x08004254   0x0000002a   Code   RO         1049    .text.timer_break_config  gd32e10x_timer.o
    0x0800427e   0x0800427e   0x00000002   PAD
    0x08004280   0x08004280   0x00000026   Code   RO         1047    .text.timer_break_struct_para_init  gd32e10x_timer.o
    0x080042a6   0x080042a6   0x00000002   PAD
    0x080042a8   0x080042a8   0x000002d0   Code   RO         1067    .text.timer_channel_output_config  gd32e10x_timer.o
    0x08004578   0x08004578   0x0000008c   Code   RO         1069    .text.timer_channel_output_mode_config  gd32e10x_timer.o
    0x08004604   0x08004604   0x00000046   Code   RO         1071    .text.timer_channel_output_pulse_value_config  gd32e10x_timer.o
    0x0800464a   0x0800464a   0x00000002   PAD
    0x0800464c   0x0800464c   0x0000008c   Code   RO         1073    .text.timer_channel_output_shadow_config  gd32e10x_timer.o
    0x080046d8   0x080046d8   0x00000022   Code   RO         1065    .text.timer_channel_output_struct_para_init  gd32e10x_timer.o
    0x080046fa   0x080046fa   0x00000002   PAD
    0x080046fc   0x080046fc   0x000001ea   Code   RO          997    .text.timer_deinit  gd32e10x_timer.o
    0x080048e6   0x080048e6   0x00000002   PAD
    0x080048e8   0x080048e8   0x00000012   Code   RO         1005    .text.timer_disable  gd32e10x_timer.o
    0x080048fa   0x080048fa   0x00000002   PAD
    0x080048fc   0x080048fc   0x00000012   Code   RO         1003    .text.timer_enable  gd32e10x_timer.o
    0x0800490e   0x0800490e   0x00000002   PAD
    0x08004910   0x08004910   0x00000110   Code   RO         1001    .text.timer_init    gd32e10x_timer.o
    0x08004a20   0x08004a20   0x00000014   Code   RO         1129    .text.timer_interrupt_disable  gd32e10x_timer.o
    0x08004a34   0x08004a34   0x00000014   Code   RO         1127    .text.timer_interrupt_enable  gd32e10x_timer.o
    0x08004a48   0x08004a48   0x00000012   Code   RO         1133    .text.timer_interrupt_flag_clear  gd32e10x_timer.o
    0x08004a5a   0x08004a5a   0x00000002   PAD
    0x08004a5c   0x08004a5c   0x0000003a   Code   RO         1131    .text.timer_interrupt_flag_get  gd32e10x_timer.o
    0x08004a96   0x08004a96   0x00000002   PAD
    0x08004a98   0x08004a98   0x0000001e   Code   RO         1101    .text.timer_master_output_trigger_source_select  gd32e10x_timer.o
    0x08004ab6   0x08004ab6   0x00000002   PAD
    0x08004ab8   0x08004ab8   0x0000002e   Code   RO         1059    .text.timer_primary_output_config  gd32e10x_timer.o
    0x08004ae6   0x08004ae6   0x00000002   PAD
    0x08004ae8   0x08004ae8   0x00000026   Code   RO          999    .text.timer_struct_para_init  gd32e10x_timer.o
    0x08004b0e   0x08004b0e   0x00000002   PAD
    0x08004b10   0x08004b10   0x0000012e   Code   RO         1668    .text.usb_basic_init  drv_usb_core.o
    0x08004c3e   0x08004c3e   0x00000002   PAD
    0x08004c40   0x08004c40   0x0000002e   Code   RO         1749    .text.usb_clock_active  drv_usb_dev_1.o
    0x08004c6e   0x08004c6e   0x00000002   PAD
    0x08004c70   0x08004c70   0x000000a4   Code   RO         1670    .text.usb_core_init  drv_usb_core.o
    0x08004d14   0x08004d14   0x0000002c   Code   RO         1672    .text.usb_core_reset  drv_usb_core.o
    0x08004d40   0x08004d40   0x00000014   Code   RO         1745    .text.usb_ctlep_startout  drv_usb_dev_1.o
    0x08004d54   0x08004d54   0x0000004a   Code   RO         1684    .text.usb_curmode_set  drv_usb_core.o
    0x08004d9e   0x08004d9e   0x00000002   PAD
    0x08004da0   0x08004da0   0x00000014   Code   RO         1576    .text.usb_dev_connect  usbd_core.o
    0x08004db4   0x08004db4   0x00000014   Code   RO         1578    .text.usb_dev_disconnect  usbd_core.o
    0x08004dc8   0x08004dc8   0x00000028   Code   RO         1626    .text.usb_devaddr_set  usbd_enum.o
    0x08004df0   0x08004df0   0x000001a6   Code   RO         1723    .text.usb_devcore_init  drv_usb_dev_1.o
    0x08004f96   0x08004f96   0x00000002   PAD
    0x08004f98   0x08004f98   0x00000054   Code   RO         1727    .text.usb_devint_enable  drv_usb_dev_1.o
    0x08004fec   0x08004fec   0x00000014   Code   RO         1554    .text.usb_globalint_disable  usbd_core.o
    0x08005000   0x08005000   0x00000014   Code   RO         1558    .text.usb_globalint_enable  usbd_core.o
    0x08005014   0x08005014   0x00000022   Code   RO         1711    .text.usb_iepintnum_read  drv_usbd_int.o
    0x08005036   0x08005036   0x00000002   PAD
    0x08005038   0x08005038   0x0000004a   Code   RO         1743    .text.usb_iepintr_read  drv_usb_dev_1.o
    0x08005082   0x08005082   0x00000002   PAD
    0x08005084   0x08005084   0x00000016   Code   RO           63    .text.usb_intr_config  gd32e10x_hw.o
    0x0800509a   0x0800509a   0x00000002   PAD
    0x0800509c   0x0800509c   0x00000012   Code   RO           71    .text.usb_mdelay    gd32e10x_hw.o
    0x080050ae   0x080050ae   0x00000002   PAD
    0x080050b0   0x080050b0   0x00000022   Code   RO         1707    .text.usb_oepintnum_read  drv_usbd_int.o
    0x080050d2   0x080050d2   0x00000002   PAD
    0x080050d4   0x080050d4   0x0000002a   Code   RO         1709    .text.usb_oepintr_read  drv_usbd_int.o
    0x080050fe   0x080050fe   0x00000002   PAD
    0x08005100   0x08005100   0x000000dc   Code   RO           61    .text.usb_rcu_config  gd32e10x_hw.o
    0x080051dc   0x080051dc   0x0000002c   Code   RO         1680    .text.usb_rxfifo_flush  drv_usb_core.o
    0x08005208   0x08005208   0x0000003c   Code   RO         1676    .text.usb_rxfifo_read  drv_usb_core.o
    0x08005244   0x08005244   0x00000016   Code   RO         1725    .text.usb_set_rxfifo  drv_usb_dev_1.o
    0x0800525a   0x0800525a   0x00000002   PAD
    0x0800525c   0x0800525c   0x0000009a   Code   RO         1682    .text.usb_set_txfifo  drv_usb_core.o
    0x080052f6   0x080052f6   0x00000002   PAD
    0x080052f8   0x080052f8   0x0000001e   Code   RO           65    .text.usb_timer_init  gd32e10x_hw.o
    0x08005316   0x08005316   0x00000002   PAD
    0x08005318   0x08005318   0x00000052   Code   RO           73    .text.usb_timer_irq  gd32e10x_hw.o
    0x0800536a   0x0800536a   0x00000002   PAD
    0x0800536c   0x0800536c   0x000000e4   Code   RO         1731    .text.usb_transc_active  drv_usb_dev_1.o
    0x08005450   0x08005450   0x00000072   Code   RO         1741    .text.usb_transc_clrstall  drv_usb_dev_1.o
    0x080054c2   0x080054c2   0x00000002   PAD
    0x080054c4   0x080054c4   0x00000078   Code   RO         1733    .text.usb_transc_deactivate  drv_usb_dev_1.o
    0x0800553c   0x0800553c   0x00000166   Code   RO         1735    .text.usb_transc_inxfer  drv_usb_dev_1.o
    0x080056a2   0x080056a2   0x00000002   PAD
    0x080056a4   0x080056a4   0x000000e6   Code   RO         1737    .text.usb_transc_outxfer  drv_usb_dev_1.o
    0x0800578a   0x0800578a   0x00000002   PAD
    0x0800578c   0x0800578c   0x00000068   Code   RO         1739    .text.usb_transc_stall  drv_usb_dev_1.o
    0x080057f4   0x080057f4   0x00000036   Code   RO         1678    .text.usb_txfifo_flush  drv_usb_core.o
    0x0800582a   0x0800582a   0x00000002   PAD
    0x0800582c   0x0800582c   0x00000048   Code   RO         1674    .text.usb_txfifo_write  drv_usb_core.o
    0x08005874   0x08005874   0x00000012   Code   RO           67    .text.usb_udelay    gd32e10x_hw.o
    0x08005886   0x08005886   0x00000002   PAD
    0x08005888   0x08005888   0x00000018   Code   RO         1624    .text.usbd_addr_set  usbd_enum.o
    0x080058a0   0x080058a0   0x00000042   Code   RO         1590    .text.usbd_class_request  usbd_enum.o
    0x080058e2   0x080058e2   0x00000002   PAD
    0x080058e4   0x080058e4   0x00000016   Code   RO         1560    .text.usbd_connect  usbd_core.o
    0x080058fa   0x080058fa   0x00000002   PAD
    0x080058fc   0x080058fc   0x00000042   Code   RO         1649    .text.usbd_ctl_recev  usbd_transc.o
    0x0800593e   0x0800593e   0x00000002   PAD
    0x08005940   0x08005940   0x00000040   Code   RO         1647    .text.usbd_ctl_send  usbd_transc.o
    0x08005980   0x08005980   0x00000028   Code   RO         1653    .text.usbd_ctl_status_recev  usbd_transc.o
    0x080059a8   0x080059a8   0x00000028   Code   RO         1651    .text.usbd_ctl_status_send  usbd_transc.o
    0x080059d0   0x080059d0   0x00000016   Code   RO         1556    .text.usbd_disconnect  usbd_core.o
    0x080059e6   0x080059e6   0x00000002   PAD
    0x080059e8   0x080059e8   0x000000ea   Code   RO         1713    .text.usbd_emptytxfifo_write  drv_usbd_int.o
    0x08005ad2   0x08005ad2   0x00000002   PAD
    0x08005ad4   0x08005ad4   0x00000022   Code   RO         1594    .text.usbd_enum_error  usbd_enum.o
    0x08005af6   0x08005af6   0x00000002   PAD
    0x08005af8   0x08005af8   0x00000054   Code   RO         1564    .text.usbd_ep_clear  usbd_core.o
    0x08005b4c   0x08005b4c   0x00000048   Code   RO         1566    .text.usbd_ep_recev  usbd_core.o
    0x08005b94   0x08005b94   0x00000046   Code   RO         1568    .text.usbd_ep_send  usbd_core.o
    0x08005bda   0x08005bda   0x00000002   PAD
    0x08005bdc   0x08005bdc   0x000000ae   Code   RO         1562    .text.usbd_ep_setup  usbd_core.o
    0x08005c8a   0x08005c8a   0x00000002   PAD
    0x08005c8c   0x08005c8c   0x0000005c   Code   RO         1570    .text.usbd_ep_stall  usbd_core.o
    0x08005ce8   0x08005ce8   0x0000005e   Code   RO         1572    .text.usbd_ep_stall_clear  usbd_core.o
    0x08005d46   0x08005d46   0x00000002   PAD
    0x08005d48   0x08005d48   0x000000d0   Code   RO         1659    .text.usbd_in_transc  usbd_transc.o
    0x08005e18   0x08005e18   0x00000094   Code   RO         1552    .text.usbd_init     usbd_core.o
    0x08005eac   0x08005eac   0x00000082   Code   RO         1705    .text.usbd_int_enumfinish  drv_usbd_int.o
    0x08005f2e   0x08005f2e   0x00000002   PAD
    0x08005f30   0x08005f30   0x0000009a   Code   RO         1697    .text.usbd_int_epin  drv_usbd_int.o
    0x08005fca   0x08005fca   0x00000002   PAD
    0x08005fcc   0x08005fcc   0x00000096   Code   RO         1695    .text.usbd_int_epout  drv_usbd_int.o
    0x08006062   0x08006062   0x00000002   PAD
    0x08006064   0x08006064   0x0000014a   Code   RO         1703    .text.usbd_int_reset  drv_usbd_int.o
    0x080061ae   0x080061ae   0x00000002   PAD
    0x080061b0   0x080061b0   0x000000fa   Code   RO         1701    .text.usbd_int_rxfifo  drv_usbd_int.o
    0x080062aa   0x080062aa   0x00000002   PAD
    0x080062ac   0x080062ac   0x00000082   Code   RO         1699    .text.usbd_int_suspend  drv_usbd_int.o
    0x0800632e   0x0800632e   0x00000002   PAD
    0x08006330   0x08006330   0x00000172   Code   RO         1693    .text.usbd_isr      drv_usbd_int.o
    0x080064a2   0x080064a2   0x00000002   PAD
    0x080064a4   0x080064a4   0x000000ae   Code   RO         1657    .text.usbd_out_transc  usbd_transc.o
    0x08006552   0x08006552   0x00000002   PAD
    0x08006554   0x08006554   0x000000ae   Code   RO         1655    .text.usbd_setup_transc  usbd_transc.o
    0x08006602   0x08006602   0x00000002   PAD
    0x08006604   0x08006604   0x00000020   Code   RO         1588    .text.usbd_standard_request  usbd_enum.o
    0x08006624   0x08006624   0x0000000c   Code   RO         1592    .text.usbd_vendor_request  usbd_enum.o
    0x08006630   0x08006630   0x0000007c   Code   RO         1405    RAMCODE             adc_dc_sample.o
    0x080066ac   0x080066ac   0x000004c4   Code   RO         1477    RAMCODE             function.o
    0x08006b70   0x08006b70   0x000001e6   Code   RO         1529    RAMCODE             mypid.o
    0x08006d56   0x08006d56   0x00000002   PAD
    0x08006d58   0x08006d58   0x00000024   Code   RO         1826    i.__0vsprintf       mc_w.l(printfa.o)
    0x08006d7c   0x08006d7c   0x0000000e   Code   RO         1967    i.__scatterload_copy  mc_w.l(handlers.o)
    0x08006d8a   0x08006d8a   0x00000002   Code   RO         1968    i.__scatterload_null  mc_w.l(handlers.o)
    0x08006d8c   0x08006d8c   0x0000000e   Code   RO         1969    i.__scatterload_zeroinit  mc_w.l(handlers.o)
    0x08006d9a   0x08006d9a   0x00000002   PAD
    0x08006d9c   0x08006d9c   0x00000184   Code   RO         1827    i._fp_digits        mc_w.l(printfa.o)
    0x08006f20   0x08006f20   0x000006dc   Code   RO         1828    i._printf_core      mc_w.l(printfa.o)
    0x080075fc   0x080075fc   0x00000024   Code   RO         1829    i._printf_post_padding  mc_w.l(printfa.o)
    0x08007620   0x08007620   0x0000002e   Code   RO         1830    i._printf_pre_padding  mc_w.l(printfa.o)
    0x0800764e   0x0800764e   0x0000000a   Code   RO         1832    i._sputc            mc_w.l(printfa.o)
    0x08007658   0x08007658   0x00000004   Data   RO         1756    .rodata.EP0_MAXLEN  drv_usb_dev_1.o
    0x0800765c   0x0800765c   0x0000023a   Data   RO         1391    .rodata.OLED_F6x8   oledfont.o
    0x08007896   0x08007896   0x000005f0   Data   RO         1390    .rodata.OLED_F8x16  oledfont.o
    0x08007e86   0x08007e86   0x00000004   Data   RO         1715    .rodata.USB_SPEED   drv_usbd_int.o
    0x08007e8a   0x08007e8a   0x00000043   Data   RO         1783    .rodata.cdc_config_desc  cdc_acm_core_1.o
    0x08007ecd   0x08007ecd   0x00000001   PAD
    0x08007ece   0x08007ece   0x00000012   Data   RO         1782    .rodata.cdc_dev_desc  cdc_acm_core_1.o
    0x08007ee0   0x08007ee0   0x00000010   Data   RO         1580    .rodata.ep_type     usbd_core.o
    0x08007ef0   0x08007ef0   0x00000102   Data   RO         1789    .rodata.manufacturer_string  cdc_acm_core_1.o
    0x08007ff2   0x08007ff2   0x00000102   Data   RO         1790    .rodata.product_string  cdc_acm_core_1.o
    0x080080f4   0x080080f4   0x000000b1   Data   RO         1497    .rodata.str1.1      function.o
    0x080081a5   0x080081a5   0x00000003   PAD
    0x080081a8   0x080081a8   0x00000010   Data   RO         1786    .rodata.usbd_cdc_strings  cdc_acm_core_1.o
    0x080081b8   0x080081b8   0x00000004   Data   RO         1784    .rodata.usbd_language_id_desc  cdc_acm_core_1.o
    0x080081bc   0x080081bc   0x00000020   Data   RO         1966    Region$$Table       anon$$obj.o


    Execution Region RW_IRAM1 (Exec base: 0x20000000, Load base: 0x080081e0, Size: 0x00001378, Max: 0x00005000, ABSOLUTE, COMPRESSED[0x00000080])

    Exec Addr    Load Addr    Size         Type   Attr      Idx    E Section Name        Object

    0x20000000   COMPRESSED   0x00000004   Data   RW           99    .data.SystemCoreClock  system_gd32e10x.o
    0x20000004   COMPRESSED   0x00000008   Data   RW         1755    .data.USBFS_TX_FIFO_SIZE  drv_usb_dev_1.o
    0x2000000c   COMPRESSED   0x00000034   Data   RW         1636    .data._std_dev_req  usbd_enum.o
    0x20000040   COMPRESSED   0x00000030   Data   RW         1788    .data.cdc_class     cdc_acm_core_1.o
    0x20000070   COMPRESSED   0x00000010   Data   RW         1787    .data.cdc_desc      cdc_acm_core_1.o
    0x20000080   COMPRESSED   0x00000008   Data   RW         1460    .data.pwm_value     ctlloop.o
    0x20000088   COMPRESSED   0x00000102   Data   RW         1785    .data.serial_string  cdc_acm_core_1.o
    0x2000018a   COMPRESSED   0x00000002   PAD
    0x2000018c   COMPRESSED   0x0000000c   Data   RW         1638    .data.std_desc_get  usbd_enum.o
    0x20000198   COMPRESSED   0x00000002   Data   RW           78    .data.timer_prescaler  gd32e10x_hw.o
    0x2000019a   COMPRESSED   0x00000006   PAD
    0x200001a0        -       0x00000004   Zero   RW         1420    .bss.IxSum          adc_dc_sample.o
    0x200001a4        -       0x00000004   Zero   RW         1421    .bss.IySum          adc_dc_sample.o
    0x200001a8        -       0x00000400   Zero   RW         1381    .bss.OLED_DisplayBuf  jkd_oled.o
    0x200005a8        -       0x00000002   Zero   RW         1493    .bss.PWM_Rise.Q1Cnt  function.o
    0x200005aa        -       0x00000002   Zero   RW         1494    .bss.PWM_Rise.Q2Cnt  function.o
    0x200005ac        -       0x00000004   Zero   RW         1417    .bss.VxSum          adc_dc_sample.o
    0x200005b0        -       0x00000004   Zero   RW         1419    .bss.VySum          adc_dc_sample.o
    0x200005b4        -       0x00000002   Zero   RW         1637    .bss._usb_std_getstatus.status  usbd_enum.o
    0x200005b6        -       0x00000001   Zero   RW         1639    .bss._usb_std_setconfiguration.config  usbd_enum.o
    0x200005b7   COMPRESSED   0x00000001   PAD
    0x200005b8        -       0x0000000a   Zero   RW         1299    .bss.adc_value      gd32e10x_eval.o
    0x200005c2   COMPRESSED   0x00000002   PAD
    0x200005c4        -       0x000003d0   Zero   RW         1487    .bss.cdc_acm        function.o
    0x20000994        -       0x00000058   Zero   RW         1791    .bss.cdc_acm_init.cdc_handler  cdc_acm_core_1.o
    0x200009ec        -       0x00000008   Zero   RW         1491    .bss.ctrState       function.o
    0x200009f4        -       0x00000004   Zero   RW           53    .bss.delay          systick.o
    0x200009f8        -       0x00000004   Zero   RW           77    .bss.delay_time     gd32e10x_hw.o
    0x200009fc        -       0x00000001   Zero   RW         1500    .bss.key_down       function.o
    0x200009fd        -       0x00000001   Zero   RW         1501    .bss.key_old        function.o
    0x200009fe   COMPRESSED   0x00000002   PAD
    0x20000a00        -       0x00000004   Zero   RW         1498    .bss.key_tick       function.o
    0x20000a04        -       0x00000001   Zero   RW         1499    .bss.key_value      function.o
    0x20000a05   COMPRESSED   0x00000003   PAD
    0x20000a08        -       0x00000028   Zero   RW         1418    .bss.my_adc_sample  adc_dc_sample.o
    0x20000a30        -       0x0000003c   Zero   RW         1461    .bss.my_ctrvalue    ctlloop.o
    0x20000a6c        -       0x00000004   Zero   RW         1496    .bss.oled_tick      function.o
    0x20000a70        -       0x0000003c   Zero   RW         1543    .bss.pid_CC_Boost   mypid.o
    0x20000aac        -       0x0000003c   Zero   RW         1541    .bss.pid_CC_Buck    mypid.o
    0x20000ae8        -       0x0000003c   Zero   RW         1544    .bss.pid_CV_Boost   mypid.o
    0x20000b24        -       0x0000003c   Zero   RW         1542    .bss.pid_CV_Buck    mypid.o
    0x20000b60        -       0x00000010   Zero   RW          770    .bss.pmu_to_deepsleepmode.reg_snap  gd32e10x_pmu.o
    0x20000b70        -       0x00000004   Zero   RW           79    .bss.usbfs_prescaler  gd32e10x_hw.o
    0x20000b74        -       0x00000004   Zero   RW           35    .bss.uwTick         gd32e10x_it.o
    0x20000b78        -       0x00000800   Zero   RW         1275    STACK               startup_gd32e10x.o


==============================================================================

Image component sizes


      Code (inc. data)   RO Data    RW Data    ZI Data      Debug   Object Name

       488          4          0          0         56       2470   adc_dc_sample.o
       734         36        621        322         88       9764   cdc_acm_core_1.o
      1194         12          0          8         60       3913   ctlloop.o
       968          0          0          0          0       5959   drv_usb_core.o
      1822          0          4          8          0       9773   drv_usb_dev_1.o
      1858          6          4          0          0       8887   drv_usbd_int.o
      2112          6        177          0        999       8591   function.o
      1112          0          0          0          0       8738   gd32e10x_adc.o
       936          0          0          0          0       6621   gd32e10x_dma.o
       996          0          0          0         10       5896   gd32e10x_eval.o
        20          0          0          0          0       2932   gd32e10x_exti.o
       718          0          0          0          0       5541   gd32e10x_gpio.o
       604          0          0          2          8       4516   gd32e10x_hw.o
       138          0          0          0          4       2666   gd32e10x_it.o
       434          0          0          0          0       5315   gd32e10x_misc.o
       258          0          0          0         16       4246   gd32e10x_pmu.o
       886          4          0          0          0      12279   gd32e10x_rcu.o
       372          0          0          0          0       8188   gd32e10x_spi.o
      2230         20          0          0          0      16818   gd32e10x_timer.o
      1910          0          0          0       1024      15369   jkd_oled.o
        28          0          0          0          0        403   main.o
       834         32          0          0        240       3208   mypid.o
         0          0       2090          0          0        800   oledfont.o
        36          8        336          0       2048        940   startup_gd32e10x.o
       834          0          0          4          0       3229   system_gd32e10x.o
       270          0          0          0          4       3863   systick.o
       858          0         16          0          0       8441   usbd_core.o
      2498         16          0         64          3      11731   usbd_enum.o
       766          0          0          0          0       7084   usbd_transc.o

    ----------------------------------------------------------------------
     26112        144       3284        412       4572     188181   Object Totals
         0          0         32          0          0          0   (incl. Generated)
       198          0          4          4         12          0   (incl. Padding)

    ----------------------------------------------------------------------

      Code (inc. data)   RO Data    RW Data    ZI Data      Debug   Library Member Name

        58          0          0          0          0          0   __dczerorl.o
         0          0          0          0          0          0   entry.o
         0          0          0          0          0          0   entry10a.o
         0          0          0          0          0          0   entry11a.o
         8          4          0          0          0          0   entry2.o
         4          0          0          0          0          0   entry5.o
         0          0          0          0          0          0   entry7b.o
         0          0          0          0          0          0   entry8b.o
         8          4          0          0          0          0   entry9a.o
        30          0          0          0          0          0   handlers.o
        48         10          0          0          0         68   init.o
         0          0          0          0          0          0   iusefp.o
        30          0          0          0          0         68   llshl.o
        36          0          0          0          0         68   llsshr.o
        32          0          0          0          0         68   llushr.o
        36          0          0          0          0         68   memcpya.o
        36          0          0          0          0        108   memseta.o
      2272         86          0          0          0        516   printfa.o
        44          0          0          0          0         80   uidiv.o
        98          0          0          0          0         92   uldiv.o
        48          0          0          0          0         68   cdrcmple.o
       334          0          0          0          0        148   dadd.o
       222          0          0          0          0        100   ddiv.o
       186          0          0          0          0        176   depilogue.o
        48          0          0          0          0         68   dfixul.o
       228          0          0          0          0         96   dmul.o
        38          0          0          0          0         68   f2d.o

    ----------------------------------------------------------------------
      3848        104          0          0          0       1860   Library Totals
         4          0          0          0          0          0   (incl. Padding)

    ----------------------------------------------------------------------

      Code (inc. data)   RO Data    RW Data    ZI Data      Debug   Library Name

      2740        104          0          0          0       1136   mc_w.l
      1104          0          0          0          0        724   mf_w.l

    ----------------------------------------------------------------------
      3848        104          0          0          0       1860   Library Totals

    ----------------------------------------------------------------------

==============================================================================


      Code (inc. data)   RO Data    RW Data    ZI Data      Debug   

     29960        248       3284        412       4572     188869   Grand Totals
     29960        248       3284        128       4572     188869   ELF Image Totals (compressed)
     29960        248       3284        128          0          0   ROM Totals

==============================================================================

    Total RO  Size (Code + RO Data)                33244 (  32.46kB)
    Total RW  Size (RW Data + ZI Data)              4984 (   4.87kB)
    Total ROM Size (Code + RO Data + RW Data)      33372 (  32.59kB)

==============================================================================

