<!doctype html public "-//w3c//dtd html 4.0 transitional//en">
<html><head>
<title>Static Call Graph - [.\output\Project.axf]</title></head>
<body><HR>
<H1>Static Call Graph for image .\output\Project.axf</H1><HR>
<BR><P>#&#060CALLGRAPH&#062# ARM Linker, 6220000: Last Updated: Fri Jun  5 12:42:51 2026
<BR><P>
<H3>Maximum Stack Usage =        388 bytes + Unknown(Cycles, Untraceable Function Pointers)</H3><H3>
Call chain for Maximum Stack Depth:</H3>
main &rArr; OLED_Printf &rArr; OLED_ShowString &rArr; OLED_ShowChar &rArr; OLED_ShowImage &rArr; OLED_ClearArea
<P>
<H3>
Mutually Recursive functions
</H3> <LI><a href="#[31]">ADC0_1_IRQHandler</a>&nbsp;&nbsp;&nbsp;&rArr;&nbsp;&nbsp;&nbsp;<a href="#[31]">ADC0_1_IRQHandler</a><BR>
</UL>
<P>
<H3>
Function Pointers
</H3><UL>
 <LI><a href="#[31]">ADC0_1_IRQHandler</a> from startup_gd32e10x.o(.text) referenced from startup_gd32e10x.o(RESET)
 <LI><a href="#[19]">BusFault_Handler</a> from gd32e10x_it.o(.text.BusFault_Handler) referenced from startup_gd32e10x.o(RESET)
 <LI><a href="#[2a]">DMA0_Channel0_IRQHandler</a> from gd32e10x_eval.o(.text.DMA0_Channel0_IRQHandler) referenced from startup_gd32e10x.o(RESET)
 <LI><a href="#[2b]">DMA0_Channel1_IRQHandler</a> from startup_gd32e10x.o(.text) referenced from startup_gd32e10x.o(RESET)
 <LI><a href="#[2c]">DMA0_Channel2_IRQHandler</a> from startup_gd32e10x.o(.text) referenced from startup_gd32e10x.o(RESET)
 <LI><a href="#[2d]">DMA0_Channel3_IRQHandler</a> from startup_gd32e10x.o(.text) referenced from startup_gd32e10x.o(RESET)
 <LI><a href="#[2e]">DMA0_Channel4_IRQHandler</a> from startup_gd32e10x.o(.text) referenced from startup_gd32e10x.o(RESET)
 <LI><a href="#[2f]">DMA0_Channel5_IRQHandler</a> from startup_gd32e10x.o(.text) referenced from startup_gd32e10x.o(RESET)
 <LI><a href="#[30]">DMA0_Channel6_IRQHandler</a> from startup_gd32e10x.o(.text) referenced from startup_gd32e10x.o(RESET)
 <LI><a href="#[51]">DMA1_Channel0_IRQHandler</a> from startup_gd32e10x.o(.text) referenced from startup_gd32e10x.o(RESET)
 <LI><a href="#[52]">DMA1_Channel1_IRQHandler</a> from startup_gd32e10x.o(.text) referenced from startup_gd32e10x.o(RESET)
 <LI><a href="#[53]">DMA1_Channel2_IRQHandler</a> from startup_gd32e10x.o(.text) referenced from startup_gd32e10x.o(RESET)
 <LI><a href="#[54]">DMA1_Channel3_IRQHandler</a> from startup_gd32e10x.o(.text) referenced from startup_gd32e10x.o(RESET)
 <LI><a href="#[55]">DMA1_Channel4_IRQHandler</a> from startup_gd32e10x.o(.text) referenced from startup_gd32e10x.o(RESET)
 <LI><a href="#[1c]">DebugMon_Handler</a> from gd32e10x_it.o(.text.DebugMon_Handler) referenced from startup_gd32e10x.o(RESET)
 <LI><a href="#[4a]">EXMC_IRQHandler</a> from startup_gd32e10x.o(.text) referenced from startup_gd32e10x.o(RESET)
 <LI><a href="#[25]">EXTI0_IRQHandler</a> from startup_gd32e10x.o(.text) referenced from startup_gd32e10x.o(RESET)
 <LI><a href="#[43]">EXTI10_15_IRQHandler</a> from startup_gd32e10x.o(.text) referenced from startup_gd32e10x.o(RESET)
 <LI><a href="#[26]">EXTI1_IRQHandler</a> from startup_gd32e10x.o(.text) referenced from startup_gd32e10x.o(RESET)
 <LI><a href="#[27]">EXTI2_IRQHandler</a> from startup_gd32e10x.o(.text) referenced from startup_gd32e10x.o(RESET)
 <LI><a href="#[28]">EXTI3_IRQHandler</a> from startup_gd32e10x.o(.text) referenced from startup_gd32e10x.o(RESET)
 <LI><a href="#[29]">EXTI4_IRQHandler</a> from startup_gd32e10x.o(.text) referenced from startup_gd32e10x.o(RESET)
 <LI><a href="#[32]">EXTI5_9_IRQHandler</a> from startup_gd32e10x.o(.text) referenced from startup_gd32e10x.o(RESET)
 <LI><a href="#[23]">FMC_IRQHandler</a> from startup_gd32e10x.o(.text) referenced from startup_gd32e10x.o(RESET)
 <LI><a href="#[17]">HardFault_Handler</a> from gd32e10x_it.o(.text.HardFault_Handler) referenced from startup_gd32e10x.o(RESET)
 <LI><a href="#[3b]">I2C0_ER_IRQHandler</a> from startup_gd32e10x.o(.text) referenced from startup_gd32e10x.o(RESET)
 <LI><a href="#[3a]">I2C0_EV_IRQHandler</a> from startup_gd32e10x.o(.text) referenced from startup_gd32e10x.o(RESET)
 <LI><a href="#[3d]">I2C1_ER_IRQHandler</a> from startup_gd32e10x.o(.text) referenced from startup_gd32e10x.o(RESET)
 <LI><a href="#[3c]">I2C1_EV_IRQHandler</a> from startup_gd32e10x.o(.text) referenced from startup_gd32e10x.o(RESET)
 <LI><a href="#[20]">LVD_IRQHandler</a> from startup_gd32e10x.o(.text) referenced from startup_gd32e10x.o(RESET)
 <LI><a href="#[18]">MemManage_Handler</a> from gd32e10x_it.o(.text.MemManage_Handler) referenced from startup_gd32e10x.o(RESET)
 <LI><a href="#[16]">NMI_Handler</a> from gd32e10x_it.o(.text.NMI_Handler) referenced from startup_gd32e10x.o(RESET)
 <LI><a href="#[1d]">PendSV_Handler</a> from gd32e10x_it.o(.text.PendSV_Handler) referenced from startup_gd32e10x.o(RESET)
 <LI><a href="#[24]">RCU_CTC_IRQHandler</a> from startup_gd32e10x.o(.text) referenced from startup_gd32e10x.o(RESET)
 <LI><a href="#[44]">RTC_Alarm_IRQHandler</a> from startup_gd32e10x.o(.text) referenced from startup_gd32e10x.o(RESET)
 <LI><a href="#[22]">RTC_IRQHandler</a> from startup_gd32e10x.o(.text) referenced from startup_gd32e10x.o(RESET)
 <LI><a href="#[15]">Reset_Handler</a> from startup_gd32e10x.o(.text) referenced from startup_gd32e10x.o(RESET)
 <LI><a href="#[3e]">SPI0_IRQHandler</a> from startup_gd32e10x.o(.text) referenced from startup_gd32e10x.o(RESET)
 <LI><a href="#[3f]">SPI1_IRQHandler</a> from startup_gd32e10x.o(.text) referenced from startup_gd32e10x.o(RESET)
 <LI><a href="#[4c]">SPI2_IRQHandler</a> from startup_gd32e10x.o(.text) referenced from startup_gd32e10x.o(RESET)
 <LI><a href="#[1b]">SVC_Handler</a> from gd32e10x_it.o(.text.SVC_Handler) referenced from startup_gd32e10x.o(RESET)
 <LI><a href="#[1e]">SysTick_Handler</a> from gd32e10x_it.o(.text.SysTick_Handler) referenced from startup_gd32e10x.o(RESET)
 <LI><a href="#[58]">SystemInit</a> from system_gd32e10x.o(.text.SystemInit) referenced from startup_gd32e10x.o(.text)
 <LI><a href="#[21]">TAMPER_IRQHandler</a> from startup_gd32e10x.o(.text) referenced from startup_gd32e10x.o(RESET)
 <LI><a href="#[33]">TIMER0_BRK_TIMER8_IRQHandler</a> from startup_gd32e10x.o(.text) referenced from startup_gd32e10x.o(RESET)
 <LI><a href="#[36]">TIMER0_Channel_IRQHandler</a> from startup_gd32e10x.o(.text) referenced from startup_gd32e10x.o(RESET)
 <LI><a href="#[35]">TIMER0_TRG_CMT_TIMER10_IRQHandler</a> from startup_gd32e10x.o(.text) referenced from startup_gd32e10x.o(RESET)
 <LI><a href="#[34]">TIMER0_UP_TIMER9_IRQHandler</a> from startup_gd32e10x.o(.text) referenced from startup_gd32e10x.o(RESET)
 <LI><a href="#[37]">TIMER1_IRQHandler</a> from startup_gd32e10x.o(.text) referenced from startup_gd32e10x.o(RESET)
 <LI><a href="#[38]">TIMER2_IRQHandler</a> from gd32e10x_it.o(.text.TIMER2_IRQHandler) referenced from startup_gd32e10x.o(RESET)
 <LI><a href="#[39]">TIMER3_IRQHandler</a> from startup_gd32e10x.o(.text) referenced from startup_gd32e10x.o(RESET)
 <LI><a href="#[4b]">TIMER4_IRQHandler</a> from startup_gd32e10x.o(.text) referenced from startup_gd32e10x.o(RESET)
 <LI><a href="#[4f]">TIMER5_IRQHandler</a> from startup_gd32e10x.o(.text) referenced from startup_gd32e10x.o(RESET)
 <LI><a href="#[50]">TIMER6_IRQHandler</a> from startup_gd32e10x.o(.text) referenced from startup_gd32e10x.o(RESET)
 <LI><a href="#[46]">TIMER7_BRK_TIMER11_IRQHandler</a> from startup_gd32e10x.o(.text) referenced from startup_gd32e10x.o(RESET)
 <LI><a href="#[49]">TIMER7_Channel_IRQHandler</a> from startup_gd32e10x.o(.text) referenced from startup_gd32e10x.o(RESET)
 <LI><a href="#[48]">TIMER7_TRG_CMT_TIMER13_IRQHandler</a> from startup_gd32e10x.o(.text) referenced from startup_gd32e10x.o(RESET)
 <LI><a href="#[47]">TIMER7_UP_TIMER12_IRQHandler</a> from startup_gd32e10x.o(.text) referenced from startup_gd32e10x.o(RESET)
 <LI><a href="#[4d]">UART3_IRQHandler</a> from startup_gd32e10x.o(.text) referenced from startup_gd32e10x.o(RESET)
 <LI><a href="#[4e]">UART4_IRQHandler</a> from startup_gd32e10x.o(.text) referenced from startup_gd32e10x.o(RESET)
 <LI><a href="#[40]">USART0_IRQHandler</a> from startup_gd32e10x.o(.text) referenced from startup_gd32e10x.o(RESET)
 <LI><a href="#[41]">USART1_IRQHandler</a> from startup_gd32e10x.o(.text) referenced from startup_gd32e10x.o(RESET)
 <LI><a href="#[42]">USART2_IRQHandler</a> from startup_gd32e10x.o(.text) referenced from startup_gd32e10x.o(RESET)
 <LI><a href="#[56]">USBFS_IRQHandler</a> from gd32e10x_it.o(.text.USBFS_IRQHandler) referenced from startup_gd32e10x.o(RESET)
 <LI><a href="#[45]">USBFS_WKUP_IRQHandler</a> from gd32e10x_it.o(.text.USBFS_WKUP_IRQHandler) referenced from startup_gd32e10x.o(RESET)
 <LI><a href="#[1a]">UsageFault_Handler</a> from gd32e10x_it.o(.text.UsageFault_Handler) referenced from startup_gd32e10x.o(RESET)
 <LI><a href="#[1f]">WWDGT_IRQHandler</a> from startup_gd32e10x.o(.text) referenced from startup_gd32e10x.o(RESET)
 <LI><a href="#[59]">__main</a> from entry.o(.ARM.Collect$$$$00000000) referenced from startup_gd32e10x.o(.text)
 <LI><a href="#[5b]">_sputc</a> from printfa.o(i._sputc) referenced from printfa.o(i.__0vsprintf)
 <LI><a href="#[13]">_usb_config_desc_get</a> from usbd_enum.o(.text._usb_config_desc_get) referenced 2 times from usbd_enum.o(.data.std_desc_get)
 <LI><a href="#[12]">_usb_dev_desc_get</a> from usbd_enum.o(.text._usb_dev_desc_get) referenced 2 times from usbd_enum.o(.data.std_desc_get)
 <LI><a href="#[1]">_usb_std_clearfeature</a> from usbd_enum.o(.text._usb_std_clearfeature) referenced 2 times from usbd_enum.o(.data._std_dev_req)
 <LI><a href="#[7]">_usb_std_getconfiguration</a> from usbd_enum.o(.text._usb_std_getconfiguration) referenced 2 times from usbd_enum.o(.data._std_dev_req)
 <LI><a href="#[5]">_usb_std_getdescriptor</a> from usbd_enum.o(.text._usb_std_getdescriptor) referenced 2 times from usbd_enum.o(.data._std_dev_req)
 <LI><a href="#[9]">_usb_std_getinterface</a> from usbd_enum.o(.text._usb_std_getinterface) referenced 2 times from usbd_enum.o(.data._std_dev_req)
 <LI><a href="#[0]">_usb_std_getstatus</a> from usbd_enum.o(.text._usb_std_getstatus) referenced 2 times from usbd_enum.o(.data._std_dev_req)
 <LI><a href="#[2]">_usb_std_reserved</a> from usbd_enum.o(.text._usb_std_reserved) referenced 4 times from usbd_enum.o(.data._std_dev_req)
 <LI><a href="#[4]">_usb_std_setaddress</a> from usbd_enum.o(.text._usb_std_setaddress) referenced 2 times from usbd_enum.o(.data._std_dev_req)
 <LI><a href="#[8]">_usb_std_setconfiguration</a> from usbd_enum.o(.text._usb_std_setconfiguration) referenced 2 times from usbd_enum.o(.data._std_dev_req)
 <LI><a href="#[6]">_usb_std_setdescriptor</a> from usbd_enum.o(.text._usb_std_setdescriptor) referenced 2 times from usbd_enum.o(.data._std_dev_req)
 <LI><a href="#[3]">_usb_std_setfeature</a> from usbd_enum.o(.text._usb_std_setfeature) referenced 2 times from usbd_enum.o(.data._std_dev_req)
 <LI><a href="#[a]">_usb_std_setinterface</a> from usbd_enum.o(.text._usb_std_setinterface) referenced 2 times from usbd_enum.o(.data._std_dev_req)
 <LI><a href="#[b]">_usb_std_synchframe</a> from usbd_enum.o(.text._usb_std_synchframe) referenced 2 times from usbd_enum.o(.data._std_dev_req)
 <LI><a href="#[14]">_usb_str_desc_get</a> from usbd_enum.o(.text._usb_str_desc_get) referenced 2 times from usbd_enum.o(.data.std_desc_get)
 <LI><a href="#[f]">cdc_acm_ctlx_out</a> from cdc_acm_core_1.o(.text.cdc_acm_ctlx_out) referenced 2 times from cdc_acm_core_1.o(.data.cdc_class)
 <LI><a href="#[d]">cdc_acm_deinit</a> from cdc_acm_core_1.o(.text.cdc_acm_deinit) referenced 2 times from cdc_acm_core_1.o(.data.cdc_class)
 <LI><a href="#[10]">cdc_acm_in</a> from cdc_acm_core_1.o(.text.cdc_acm_in) referenced 2 times from cdc_acm_core_1.o(.data.cdc_class)
 <LI><a href="#[c]">cdc_acm_init</a> from cdc_acm_core_1.o(.text.cdc_acm_init) referenced 2 times from cdc_acm_core_1.o(.data.cdc_class)
 <LI><a href="#[11]">cdc_acm_out</a> from cdc_acm_core_1.o(.text.cdc_acm_out) referenced 2 times from cdc_acm_core_1.o(.data.cdc_class)
 <LI><a href="#[e]">cdc_acm_req</a> from cdc_acm_core_1.o(.text.cdc_acm_req) referenced 2 times from cdc_acm_core_1.o(.data.cdc_class)
 <LI><a href="#[5a]">fputc</a> from main.o(.text.fputc) referenced from printfa.o(i.__0printf)
 <LI><a href="#[57]">main</a> from main.o(.text.main) referenced from entry9a.o(.ARM.Collect$$$$0000000B)
</UL>
<P>
<H3>
Global Symbols
</H3>
<P><STRONG><a name="[59]"></a>__main</STRONG> (Thumb, 0 bytes, Stack size unknown bytes, entry.o(.ARM.Collect$$$$00000000))
<BR>[Address Reference Count : 1]<UL><LI> startup_gd32e10x.o(.text)
</UL>
<P><STRONG><a name="[119]"></a>_main_stk</STRONG> (Thumb, 0 bytes, Stack size unknown bytes, entry2.o(.ARM.Collect$$$$00000001))

<P><STRONG><a name="[5c]"></a>_main_scatterload</STRONG> (Thumb, 0 bytes, Stack size unknown bytes, entry5.o(.ARM.Collect$$$$00000004))
<BR><BR>[Calls]<UL><LI><a href="#[5d]">&gt;&gt;</a>&nbsp;&nbsp;&nbsp;__scatterload
</UL>

<P><STRONG><a name="[6d]"></a>__main_after_scatterload</STRONG> (Thumb, 0 bytes, Stack size unknown bytes, entry5.o(.ARM.Collect$$$$00000004))
<BR><BR>[Called By]<UL><LI><a href="#[5d]">&gt;&gt;</a>&nbsp;&nbsp;&nbsp;__scatterload
</UL>

<P><STRONG><a name="[11a]"></a>_main_clock</STRONG> (Thumb, 0 bytes, Stack size unknown bytes, entry7b.o(.ARM.Collect$$$$00000008))

<P><STRONG><a name="[11b]"></a>_main_cpp_init</STRONG> (Thumb, 0 bytes, Stack size unknown bytes, entry8b.o(.ARM.Collect$$$$0000000A))

<P><STRONG><a name="[11c]"></a>_main_init</STRONG> (Thumb, 0 bytes, Stack size unknown bytes, entry9a.o(.ARM.Collect$$$$0000000B))

<P><STRONG><a name="[11d]"></a>__rt_final_cpp</STRONG> (Thumb, 0 bytes, Stack size unknown bytes, entry10a.o(.ARM.Collect$$$$0000000D))

<P><STRONG><a name="[11e]"></a>__rt_final_exit</STRONG> (Thumb, 0 bytes, Stack size unknown bytes, entry11a.o(.ARM.Collect$$$$0000000F))

<P><STRONG><a name="[15]"></a>Reset_Handler</STRONG> (Thumb, 8 bytes, Stack size 0 bytes, startup_gd32e10x.o(.text))
<BR>[Address Reference Count : 1]<UL><LI> startup_gd32e10x.o(RESET)
</UL>
<P><STRONG><a name="[31]"></a>ADC0_1_IRQHandler</STRONG> (Thumb, 0 bytes, Stack size 0 bytes, startup_gd32e10x.o(.text))
<BR><BR>[Calls]<UL><LI><a href="#[31]">&gt;&gt;</a>&nbsp;&nbsp;&nbsp;ADC0_1_IRQHandler
</UL>
<BR>[Called By]<UL><LI><a href="#[31]">&gt;&gt;</a>&nbsp;&nbsp;&nbsp;ADC0_1_IRQHandler
</UL>
<BR>[Address Reference Count : 1]<UL><LI> startup_gd32e10x.o(RESET)
</UL>
<P><STRONG><a name="[2b]"></a>DMA0_Channel1_IRQHandler</STRONG> (Thumb, 0 bytes, Stack size 0 bytes, startup_gd32e10x.o(.text))
<BR>[Address Reference Count : 1]<UL><LI> startup_gd32e10x.o(RESET)
</UL>
<P><STRONG><a name="[2c]"></a>DMA0_Channel2_IRQHandler</STRONG> (Thumb, 0 bytes, Stack size 0 bytes, startup_gd32e10x.o(.text))
<BR>[Address Reference Count : 1]<UL><LI> startup_gd32e10x.o(RESET)
</UL>
<P><STRONG><a name="[2d]"></a>DMA0_Channel3_IRQHandler</STRONG> (Thumb, 0 bytes, Stack size 0 bytes, startup_gd32e10x.o(.text))
<BR>[Address Reference Count : 1]<UL><LI> startup_gd32e10x.o(RESET)
</UL>
<P><STRONG><a name="[2e]"></a>DMA0_Channel4_IRQHandler</STRONG> (Thumb, 0 bytes, Stack size 0 bytes, startup_gd32e10x.o(.text))
<BR>[Address Reference Count : 1]<UL><LI> startup_gd32e10x.o(RESET)
</UL>
<P><STRONG><a name="[2f]"></a>DMA0_Channel5_IRQHandler</STRONG> (Thumb, 0 bytes, Stack size 0 bytes, startup_gd32e10x.o(.text))
<BR>[Address Reference Count : 1]<UL><LI> startup_gd32e10x.o(RESET)
</UL>
<P><STRONG><a name="[30]"></a>DMA0_Channel6_IRQHandler</STRONG> (Thumb, 0 bytes, Stack size 0 bytes, startup_gd32e10x.o(.text))
<BR>[Address Reference Count : 1]<UL><LI> startup_gd32e10x.o(RESET)
</UL>
<P><STRONG><a name="[51]"></a>DMA1_Channel0_IRQHandler</STRONG> (Thumb, 0 bytes, Stack size 0 bytes, startup_gd32e10x.o(.text))
<BR>[Address Reference Count : 1]<UL><LI> startup_gd32e10x.o(RESET)
</UL>
<P><STRONG><a name="[52]"></a>DMA1_Channel1_IRQHandler</STRONG> (Thumb, 0 bytes, Stack size 0 bytes, startup_gd32e10x.o(.text))
<BR>[Address Reference Count : 1]<UL><LI> startup_gd32e10x.o(RESET)
</UL>
<P><STRONG><a name="[53]"></a>DMA1_Channel2_IRQHandler</STRONG> (Thumb, 0 bytes, Stack size 0 bytes, startup_gd32e10x.o(.text))
<BR>[Address Reference Count : 1]<UL><LI> startup_gd32e10x.o(RESET)
</UL>
<P><STRONG><a name="[54]"></a>DMA1_Channel3_IRQHandler</STRONG> (Thumb, 0 bytes, Stack size 0 bytes, startup_gd32e10x.o(.text))
<BR>[Address Reference Count : 1]<UL><LI> startup_gd32e10x.o(RESET)
</UL>
<P><STRONG><a name="[55]"></a>DMA1_Channel4_IRQHandler</STRONG> (Thumb, 0 bytes, Stack size 0 bytes, startup_gd32e10x.o(.text))
<BR>[Address Reference Count : 1]<UL><LI> startup_gd32e10x.o(RESET)
</UL>
<P><STRONG><a name="[4a]"></a>EXMC_IRQHandler</STRONG> (Thumb, 0 bytes, Stack size 0 bytes, startup_gd32e10x.o(.text))
<BR>[Address Reference Count : 1]<UL><LI> startup_gd32e10x.o(RESET)
</UL>
<P><STRONG><a name="[25]"></a>EXTI0_IRQHandler</STRONG> (Thumb, 0 bytes, Stack size 0 bytes, startup_gd32e10x.o(.text))
<BR>[Address Reference Count : 1]<UL><LI> startup_gd32e10x.o(RESET)
</UL>
<P><STRONG><a name="[43]"></a>EXTI10_15_IRQHandler</STRONG> (Thumb, 0 bytes, Stack size 0 bytes, startup_gd32e10x.o(.text))
<BR>[Address Reference Count : 1]<UL><LI> startup_gd32e10x.o(RESET)
</UL>
<P><STRONG><a name="[26]"></a>EXTI1_IRQHandler</STRONG> (Thumb, 0 bytes, Stack size 0 bytes, startup_gd32e10x.o(.text))
<BR>[Address Reference Count : 1]<UL><LI> startup_gd32e10x.o(RESET)
</UL>
<P><STRONG><a name="[27]"></a>EXTI2_IRQHandler</STRONG> (Thumb, 0 bytes, Stack size 0 bytes, startup_gd32e10x.o(.text))
<BR>[Address Reference Count : 1]<UL><LI> startup_gd32e10x.o(RESET)
</UL>
<P><STRONG><a name="[28]"></a>EXTI3_IRQHandler</STRONG> (Thumb, 0 bytes, Stack size 0 bytes, startup_gd32e10x.o(.text))
<BR>[Address Reference Count : 1]<UL><LI> startup_gd32e10x.o(RESET)
</UL>
<P><STRONG><a name="[29]"></a>EXTI4_IRQHandler</STRONG> (Thumb, 0 bytes, Stack size 0 bytes, startup_gd32e10x.o(.text))
<BR>[Address Reference Count : 1]<UL><LI> startup_gd32e10x.o(RESET)
</UL>
<P><STRONG><a name="[32]"></a>EXTI5_9_IRQHandler</STRONG> (Thumb, 0 bytes, Stack size 0 bytes, startup_gd32e10x.o(.text))
<BR>[Address Reference Count : 1]<UL><LI> startup_gd32e10x.o(RESET)
</UL>
<P><STRONG><a name="[23]"></a>FMC_IRQHandler</STRONG> (Thumb, 0 bytes, Stack size 0 bytes, startup_gd32e10x.o(.text))
<BR>[Address Reference Count : 1]<UL><LI> startup_gd32e10x.o(RESET)
</UL>
<P><STRONG><a name="[3b]"></a>I2C0_ER_IRQHandler</STRONG> (Thumb, 0 bytes, Stack size 0 bytes, startup_gd32e10x.o(.text))
<BR>[Address Reference Count : 1]<UL><LI> startup_gd32e10x.o(RESET)
</UL>
<P><STRONG><a name="[3a]"></a>I2C0_EV_IRQHandler</STRONG> (Thumb, 0 bytes, Stack size 0 bytes, startup_gd32e10x.o(.text))
<BR>[Address Reference Count : 1]<UL><LI> startup_gd32e10x.o(RESET)
</UL>
<P><STRONG><a name="[3d]"></a>I2C1_ER_IRQHandler</STRONG> (Thumb, 0 bytes, Stack size 0 bytes, startup_gd32e10x.o(.text))
<BR>[Address Reference Count : 1]<UL><LI> startup_gd32e10x.o(RESET)
</UL>
<P><STRONG><a name="[3c]"></a>I2C1_EV_IRQHandler</STRONG> (Thumb, 0 bytes, Stack size 0 bytes, startup_gd32e10x.o(.text))
<BR>[Address Reference Count : 1]<UL><LI> startup_gd32e10x.o(RESET)
</UL>
<P><STRONG><a name="[20]"></a>LVD_IRQHandler</STRONG> (Thumb, 0 bytes, Stack size 0 bytes, startup_gd32e10x.o(.text))
<BR>[Address Reference Count : 1]<UL><LI> startup_gd32e10x.o(RESET)
</UL>
<P><STRONG><a name="[24]"></a>RCU_CTC_IRQHandler</STRONG> (Thumb, 0 bytes, Stack size 0 bytes, startup_gd32e10x.o(.text))
<BR>[Address Reference Count : 1]<UL><LI> startup_gd32e10x.o(RESET)
</UL>
<P><STRONG><a name="[44]"></a>RTC_Alarm_IRQHandler</STRONG> (Thumb, 0 bytes, Stack size 0 bytes, startup_gd32e10x.o(.text))
<BR>[Address Reference Count : 1]<UL><LI> startup_gd32e10x.o(RESET)
</UL>
<P><STRONG><a name="[22]"></a>RTC_IRQHandler</STRONG> (Thumb, 0 bytes, Stack size 0 bytes, startup_gd32e10x.o(.text))
<BR>[Address Reference Count : 1]<UL><LI> startup_gd32e10x.o(RESET)
</UL>
<P><STRONG><a name="[3e]"></a>SPI0_IRQHandler</STRONG> (Thumb, 0 bytes, Stack size 0 bytes, startup_gd32e10x.o(.text))
<BR>[Address Reference Count : 1]<UL><LI> startup_gd32e10x.o(RESET)
</UL>
<P><STRONG><a name="[3f]"></a>SPI1_IRQHandler</STRONG> (Thumb, 0 bytes, Stack size 0 bytes, startup_gd32e10x.o(.text))
<BR>[Address Reference Count : 1]<UL><LI> startup_gd32e10x.o(RESET)
</UL>
<P><STRONG><a name="[4c]"></a>SPI2_IRQHandler</STRONG> (Thumb, 0 bytes, Stack size 0 bytes, startup_gd32e10x.o(.text))
<BR>[Address Reference Count : 1]<UL><LI> startup_gd32e10x.o(RESET)
</UL>
<P><STRONG><a name="[21]"></a>TAMPER_IRQHandler</STRONG> (Thumb, 0 bytes, Stack size 0 bytes, startup_gd32e10x.o(.text))
<BR>[Address Reference Count : 1]<UL><LI> startup_gd32e10x.o(RESET)
</UL>
<P><STRONG><a name="[33]"></a>TIMER0_BRK_TIMER8_IRQHandler</STRONG> (Thumb, 0 bytes, Stack size 0 bytes, startup_gd32e10x.o(.text))
<BR>[Address Reference Count : 1]<UL><LI> startup_gd32e10x.o(RESET)
</UL>
<P><STRONG><a name="[36]"></a>TIMER0_Channel_IRQHandler</STRONG> (Thumb, 0 bytes, Stack size 0 bytes, startup_gd32e10x.o(.text))
<BR>[Address Reference Count : 1]<UL><LI> startup_gd32e10x.o(RESET)
</UL>
<P><STRONG><a name="[35]"></a>TIMER0_TRG_CMT_TIMER10_IRQHandler</STRONG> (Thumb, 0 bytes, Stack size 0 bytes, startup_gd32e10x.o(.text))
<BR>[Address Reference Count : 1]<UL><LI> startup_gd32e10x.o(RESET)
</UL>
<P><STRONG><a name="[34]"></a>TIMER0_UP_TIMER9_IRQHandler</STRONG> (Thumb, 0 bytes, Stack size 0 bytes, startup_gd32e10x.o(.text))
<BR>[Address Reference Count : 1]<UL><LI> startup_gd32e10x.o(RESET)
</UL>
<P><STRONG><a name="[37]"></a>TIMER1_IRQHandler</STRONG> (Thumb, 0 bytes, Stack size 0 bytes, startup_gd32e10x.o(.text))
<BR>[Address Reference Count : 1]<UL><LI> startup_gd32e10x.o(RESET)
</UL>
<P><STRONG><a name="[39]"></a>TIMER3_IRQHandler</STRONG> (Thumb, 0 bytes, Stack size 0 bytes, startup_gd32e10x.o(.text))
<BR>[Address Reference Count : 1]<UL><LI> startup_gd32e10x.o(RESET)
</UL>
<P><STRONG><a name="[4b]"></a>TIMER4_IRQHandler</STRONG> (Thumb, 0 bytes, Stack size 0 bytes, startup_gd32e10x.o(.text))
<BR>[Address Reference Count : 1]<UL><LI> startup_gd32e10x.o(RESET)
</UL>
<P><STRONG><a name="[4f]"></a>TIMER5_IRQHandler</STRONG> (Thumb, 0 bytes, Stack size 0 bytes, startup_gd32e10x.o(.text))
<BR>[Address Reference Count : 1]<UL><LI> startup_gd32e10x.o(RESET)
</UL>
<P><STRONG><a name="[50]"></a>TIMER6_IRQHandler</STRONG> (Thumb, 0 bytes, Stack size 0 bytes, startup_gd32e10x.o(.text))
<BR>[Address Reference Count : 1]<UL><LI> startup_gd32e10x.o(RESET)
</UL>
<P><STRONG><a name="[46]"></a>TIMER7_BRK_TIMER11_IRQHandler</STRONG> (Thumb, 0 bytes, Stack size 0 bytes, startup_gd32e10x.o(.text))
<BR>[Address Reference Count : 1]<UL><LI> startup_gd32e10x.o(RESET)
</UL>
<P><STRONG><a name="[49]"></a>TIMER7_Channel_IRQHandler</STRONG> (Thumb, 0 bytes, Stack size 0 bytes, startup_gd32e10x.o(.text))
<BR>[Address Reference Count : 1]<UL><LI> startup_gd32e10x.o(RESET)
</UL>
<P><STRONG><a name="[48]"></a>TIMER7_TRG_CMT_TIMER13_IRQHandler</STRONG> (Thumb, 0 bytes, Stack size 0 bytes, startup_gd32e10x.o(.text))
<BR>[Address Reference Count : 1]<UL><LI> startup_gd32e10x.o(RESET)
</UL>
<P><STRONG><a name="[47]"></a>TIMER7_UP_TIMER12_IRQHandler</STRONG> (Thumb, 0 bytes, Stack size 0 bytes, startup_gd32e10x.o(.text))
<BR>[Address Reference Count : 1]<UL><LI> startup_gd32e10x.o(RESET)
</UL>
<P><STRONG><a name="[4d]"></a>UART3_IRQHandler</STRONG> (Thumb, 0 bytes, Stack size 0 bytes, startup_gd32e10x.o(.text))
<BR>[Address Reference Count : 1]<UL><LI> startup_gd32e10x.o(RESET)
</UL>
<P><STRONG><a name="[4e]"></a>UART4_IRQHandler</STRONG> (Thumb, 0 bytes, Stack size 0 bytes, startup_gd32e10x.o(.text))
<BR>[Address Reference Count : 1]<UL><LI> startup_gd32e10x.o(RESET)
</UL>
<P><STRONG><a name="[40]"></a>USART0_IRQHandler</STRONG> (Thumb, 0 bytes, Stack size 0 bytes, startup_gd32e10x.o(.text))
<BR>[Address Reference Count : 1]<UL><LI> startup_gd32e10x.o(RESET)
</UL>
<P><STRONG><a name="[41]"></a>USART1_IRQHandler</STRONG> (Thumb, 0 bytes, Stack size 0 bytes, startup_gd32e10x.o(.text))
<BR>[Address Reference Count : 1]<UL><LI> startup_gd32e10x.o(RESET)
</UL>
<P><STRONG><a name="[42]"></a>USART2_IRQHandler</STRONG> (Thumb, 0 bytes, Stack size 0 bytes, startup_gd32e10x.o(.text))
<BR>[Address Reference Count : 1]<UL><LI> startup_gd32e10x.o(RESET)
</UL>
<P><STRONG><a name="[1f]"></a>WWDGT_IRQHandler</STRONG> (Thumb, 0 bytes, Stack size 0 bytes, startup_gd32e10x.o(.text))
<BR>[Address Reference Count : 1]<UL><LI> startup_gd32e10x.o(RESET)
</UL>
<P><STRONG><a name="[11f]"></a>__aeabi_memcpy</STRONG> (Thumb, 36 bytes, Stack size 0 bytes, memcpya.o(.text), UNUSED)

<P><STRONG><a name="[dc]"></a>__aeabi_memcpy4</STRONG> (Thumb, 0 bytes, Stack size 0 bytes, memcpya.o(.text))
<BR><BR>[Called By]<UL><LI><a href="#[da]">&gt;&gt;</a>&nbsp;&nbsp;&nbsp;usb_basic_init
</UL>

<P><STRONG><a name="[120]"></a>__aeabi_memcpy8</STRONG> (Thumb, 0 bytes, Stack size 0 bytes, memcpya.o(.text), UNUSED)

<P><STRONG><a name="[5f]"></a>__aeabi_memset</STRONG> (Thumb, 14 bytes, Stack size 0 bytes, memseta.o(.text), UNUSED)
<BR><BR>[Called By]<UL><LI><a href="#[60]">&gt;&gt;</a>&nbsp;&nbsp;&nbsp;_memset$wrapper
<LI><a href="#[5e]">&gt;&gt;</a>&nbsp;&nbsp;&nbsp;__aeabi_memclr
</UL>

<P><STRONG><a name="[121]"></a>__aeabi_memset4</STRONG> (Thumb, 0 bytes, Stack size 0 bytes, memseta.o(.text), UNUSED)

<P><STRONG><a name="[122]"></a>__aeabi_memset8</STRONG> (Thumb, 0 bytes, Stack size 0 bytes, memseta.o(.text), UNUSED)

<P><STRONG><a name="[5e]"></a>__aeabi_memclr</STRONG> (Thumb, 4 bytes, Stack size 0 bytes, memseta.o(.text), UNUSED)
<BR><BR>[Calls]<UL><LI><a href="#[5f]">&gt;&gt;</a>&nbsp;&nbsp;&nbsp;__aeabi_memset
</UL>

<P><STRONG><a name="[db]"></a>__aeabi_memclr4</STRONG> (Thumb, 0 bytes, Stack size 0 bytes, memseta.o(.text))
<BR><BR>[Called By]<UL><LI><a href="#[da]">&gt;&gt;</a>&nbsp;&nbsp;&nbsp;usb_basic_init
</UL>

<P><STRONG><a name="[123]"></a>__aeabi_memclr8</STRONG> (Thumb, 0 bytes, Stack size 0 bytes, memseta.o(.text), UNUSED)

<P><STRONG><a name="[60]"></a>_memset$wrapper</STRONG> (Thumb, 18 bytes, Stack size 8 bytes, memseta.o(.text), UNUSED)
<BR><BR>[Calls]<UL><LI><a href="#[5f]">&gt;&gt;</a>&nbsp;&nbsp;&nbsp;__aeabi_memset
</UL>

<P><STRONG><a name="[61]"></a>__aeabi_dadd</STRONG> (Thumb, 322 bytes, Stack size 48 bytes, dadd.o(.text), UNUSED)
<BR><BR>[Calls]<UL><LI><a href="#[65]">&gt;&gt;</a>&nbsp;&nbsp;&nbsp;_double_round
<LI><a href="#[64]">&gt;&gt;</a>&nbsp;&nbsp;&nbsp;_double_epilogue
<LI><a href="#[63]">&gt;&gt;</a>&nbsp;&nbsp;&nbsp;__aeabi_lasr
<LI><a href="#[62]">&gt;&gt;</a>&nbsp;&nbsp;&nbsp;__aeabi_llsl
</UL>
<BR>[Called By]<UL><LI><a href="#[114]">&gt;&gt;</a>&nbsp;&nbsp;&nbsp;_fp_digits
<LI><a href="#[67]">&gt;&gt;</a>&nbsp;&nbsp;&nbsp;__aeabi_drsub
<LI><a href="#[66]">&gt;&gt;</a>&nbsp;&nbsp;&nbsp;__aeabi_dsub
</UL>

<P><STRONG><a name="[66]"></a>__aeabi_dsub</STRONG> (Thumb, 6 bytes, Stack size 0 bytes, dadd.o(.text), UNUSED)
<BR><BR>[Calls]<UL><LI><a href="#[61]">&gt;&gt;</a>&nbsp;&nbsp;&nbsp;__aeabi_dadd
</UL>

<P><STRONG><a name="[67]"></a>__aeabi_drsub</STRONG> (Thumb, 6 bytes, Stack size 0 bytes, dadd.o(.text), UNUSED)
<BR><BR>[Calls]<UL><LI><a href="#[61]">&gt;&gt;</a>&nbsp;&nbsp;&nbsp;__aeabi_dadd
</UL>

<P><STRONG><a name="[68]"></a>__aeabi_dmul</STRONG> (Thumb, 228 bytes, Stack size 48 bytes, dmul.o(.text), UNUSED)
<BR><BR>[Calls]<UL><LI><a href="#[64]">&gt;&gt;</a>&nbsp;&nbsp;&nbsp;_double_epilogue
</UL>
<BR>[Called By]<UL><LI><a href="#[114]">&gt;&gt;</a>&nbsp;&nbsp;&nbsp;_fp_digits
</UL>

<P><STRONG><a name="[69]"></a>__aeabi_ddiv</STRONG> (Thumb, 222 bytes, Stack size 32 bytes, ddiv.o(.text), UNUSED)
<BR><BR>[Calls]<UL><LI><a href="#[65]">&gt;&gt;</a>&nbsp;&nbsp;&nbsp;_double_round
</UL>
<BR>[Called By]<UL><LI><a href="#[114]">&gt;&gt;</a>&nbsp;&nbsp;&nbsp;_fp_digits
</UL>

<P><STRONG><a name="[124]"></a>__aeabi_uidiv</STRONG> (Thumb, 0 bytes, Stack size 12 bytes, uidiv.o(.text), UNUSED)

<P><STRONG><a name="[118]"></a>__aeabi_uidivmod</STRONG> (Thumb, 44 bytes, Stack size 12 bytes, uidiv.o(.text), UNUSED)
<BR><BR>[Called By]<UL><LI><a href="#[112]">&gt;&gt;</a>&nbsp;&nbsp;&nbsp;_printf_core
</UL>

<P><STRONG><a name="[6a]"></a>__aeabi_uldivmod</STRONG> (Thumb, 98 bytes, Stack size 40 bytes, uldiv.o(.text), UNUSED)
<BR><BR>[Calls]<UL><LI><a href="#[6b]">&gt;&gt;</a>&nbsp;&nbsp;&nbsp;__aeabi_llsr
<LI><a href="#[62]">&gt;&gt;</a>&nbsp;&nbsp;&nbsp;__aeabi_llsl
</UL>
<BR>[Called By]<UL><LI><a href="#[112]">&gt;&gt;</a>&nbsp;&nbsp;&nbsp;_printf_core
<LI><a href="#[114]">&gt;&gt;</a>&nbsp;&nbsp;&nbsp;_fp_digits
</UL>

<P><STRONG><a name="[62]"></a>__aeabi_llsl</STRONG> (Thumb, 30 bytes, Stack size 0 bytes, llshl.o(.text), UNUSED)
<BR><BR>[Called By]<UL><LI><a href="#[64]">&gt;&gt;</a>&nbsp;&nbsp;&nbsp;_double_epilogue
<LI><a href="#[6c]">&gt;&gt;</a>&nbsp;&nbsp;&nbsp;__aeabi_d2ulz
<LI><a href="#[61]">&gt;&gt;</a>&nbsp;&nbsp;&nbsp;__aeabi_dadd
<LI><a href="#[6a]">&gt;&gt;</a>&nbsp;&nbsp;&nbsp;__aeabi_uldivmod
</UL>

<P><STRONG><a name="[125]"></a>_ll_shift_l</STRONG> (Thumb, 0 bytes, Stack size 0 bytes, llshl.o(.text), UNUSED)

<P><STRONG><a name="[6b]"></a>__aeabi_llsr</STRONG> (Thumb, 32 bytes, Stack size 0 bytes, llushr.o(.text), UNUSED)
<BR><BR>[Called By]<UL><LI><a href="#[64]">&gt;&gt;</a>&nbsp;&nbsp;&nbsp;_double_epilogue
<LI><a href="#[6c]">&gt;&gt;</a>&nbsp;&nbsp;&nbsp;__aeabi_d2ulz
<LI><a href="#[6a]">&gt;&gt;</a>&nbsp;&nbsp;&nbsp;__aeabi_uldivmod
</UL>

<P><STRONG><a name="[126]"></a>_ll_ushift_r</STRONG> (Thumb, 0 bytes, Stack size 0 bytes, llushr.o(.text), UNUSED)

<P><STRONG><a name="[63]"></a>__aeabi_lasr</STRONG> (Thumb, 36 bytes, Stack size 0 bytes, llsshr.o(.text), UNUSED)
<BR><BR>[Called By]<UL><LI><a href="#[61]">&gt;&gt;</a>&nbsp;&nbsp;&nbsp;__aeabi_dadd
</UL>

<P><STRONG><a name="[127]"></a>_ll_sshift_r</STRONG> (Thumb, 0 bytes, Stack size 0 bytes, llsshr.o(.text), UNUSED)

<P><STRONG><a name="[128]"></a>__I$use$fp</STRONG> (Thumb, 0 bytes, Stack size 8 bytes, iusefp.o(.text), UNUSED)

<P><STRONG><a name="[65]"></a>_double_round</STRONG> (Thumb, 30 bytes, Stack size 8 bytes, depilogue.o(.text), UNUSED)
<BR><BR>[Called By]<UL><LI><a href="#[64]">&gt;&gt;</a>&nbsp;&nbsp;&nbsp;_double_epilogue
<LI><a href="#[61]">&gt;&gt;</a>&nbsp;&nbsp;&nbsp;__aeabi_dadd
<LI><a href="#[69]">&gt;&gt;</a>&nbsp;&nbsp;&nbsp;__aeabi_ddiv
</UL>

<P><STRONG><a name="[64]"></a>_double_epilogue</STRONG> (Thumb, 156 bytes, Stack size 32 bytes, depilogue.o(.text), UNUSED)
<BR><BR>[Calls]<UL><LI><a href="#[65]">&gt;&gt;</a>&nbsp;&nbsp;&nbsp;_double_round
<LI><a href="#[6b]">&gt;&gt;</a>&nbsp;&nbsp;&nbsp;__aeabi_llsr
<LI><a href="#[62]">&gt;&gt;</a>&nbsp;&nbsp;&nbsp;__aeabi_llsl
</UL>
<BR>[Called By]<UL><LI><a href="#[61]">&gt;&gt;</a>&nbsp;&nbsp;&nbsp;__aeabi_dadd
<LI><a href="#[68]">&gt;&gt;</a>&nbsp;&nbsp;&nbsp;__aeabi_dmul
</UL>

<P><STRONG><a name="[6c]"></a>__aeabi_d2ulz</STRONG> (Thumb, 48 bytes, Stack size 0 bytes, dfixul.o(.text), UNUSED)
<BR><BR>[Calls]<UL><LI><a href="#[6b]">&gt;&gt;</a>&nbsp;&nbsp;&nbsp;__aeabi_llsr
<LI><a href="#[62]">&gt;&gt;</a>&nbsp;&nbsp;&nbsp;__aeabi_llsl
</UL>
<BR>[Called By]<UL><LI><a href="#[114]">&gt;&gt;</a>&nbsp;&nbsp;&nbsp;_fp_digits
</UL>

<P><STRONG><a name="[115]"></a>__aeabi_cdrcmple</STRONG> (Thumb, 48 bytes, Stack size 0 bytes, cdrcmple.o(.text), UNUSED)
<BR><BR>[Called By]<UL><LI><a href="#[114]">&gt;&gt;</a>&nbsp;&nbsp;&nbsp;_fp_digits
</UL>

<P><STRONG><a name="[5d]"></a>__scatterload</STRONG> (Thumb, 38 bytes, Stack size 0 bytes, init.o(.text))
<BR><BR>[Calls]<UL><LI><a href="#[6d]">&gt;&gt;</a>&nbsp;&nbsp;&nbsp;__main_after_scatterload
</UL>
<BR>[Called By]<UL><LI><a href="#[5c]">&gt;&gt;</a>&nbsp;&nbsp;&nbsp;_main_scatterload
</UL>

<P><STRONG><a name="[129]"></a>__scatterload_rt2</STRONG> (Thumb, 0 bytes, Stack size 0 bytes, init.o(.text), UNUSED)

<P><STRONG><a name="[12a]"></a>__decompress</STRONG> (Thumb, 0 bytes, Stack size unknown bytes, __dczerorl.o(.text), UNUSED)

<P><STRONG><a name="[12b]"></a>__decompress0</STRONG> (Thumb, 58 bytes, Stack size unknown bytes, __dczerorl.o(.text), UNUSED)

<P><STRONG><a name="[19]"></a>BusFault_Handler</STRONG> (Thumb, 4 bytes, Stack size 0 bytes, gd32e10x_it.o(.text.BusFault_Handler))
<BR>[Address Reference Count : 1]<UL><LI> startup_gd32e10x.o(RESET)
</UL>
<P><STRONG><a name="[2a]"></a>DMA0_Channel0_IRQHandler</STRONG> (Thumb, 54 bytes, Stack size 8 bytes, gd32e10x_eval.o(.text.DMA0_Channel0_IRQHandler))
<BR><BR>[Stack]<UL><LI>Max Depth = 36<LI>Call Chain = DMA0_Channel0_IRQHandler &rArr; dma_interrupt_flag_get
</UL>
<BR>[Calls]<UL><LI><a href="#[70]">&gt;&gt;</a>&nbsp;&nbsp;&nbsp;gpio_bit_reset
<LI><a href="#[6f]">&gt;&gt;</a>&nbsp;&nbsp;&nbsp;dma_interrupt_flag_clear
<LI><a href="#[6e]">&gt;&gt;</a>&nbsp;&nbsp;&nbsp;dma_interrupt_flag_get
</UL>
<BR>[Address Reference Count : 1]<UL><LI> startup_gd32e10x.o(RESET)
</UL>
<P><STRONG><a name="[1c]"></a>DebugMon_Handler</STRONG> (Thumb, 2 bytes, Stack size 0 bytes, gd32e10x_it.o(.text.DebugMon_Handler))
<BR>[Address Reference Count : 1]<UL><LI> startup_gd32e10x.o(RESET)
</UL>
<P><STRONG><a name="[17]"></a>HardFault_Handler</STRONG> (Thumb, 4 bytes, Stack size 0 bytes, gd32e10x_it.o(.text.HardFault_Handler))
<BR>[Address Reference Count : 1]<UL><LI> startup_gd32e10x.o(RESET)
</UL>
<P><STRONG><a name="[18]"></a>MemManage_Handler</STRONG> (Thumb, 4 bytes, Stack size 0 bytes, gd32e10x_it.o(.text.MemManage_Handler))
<BR>[Address Reference Count : 1]<UL><LI> startup_gd32e10x.o(RESET)
</UL>
<P><STRONG><a name="[16]"></a>NMI_Handler</STRONG> (Thumb, 4 bytes, Stack size 0 bytes, gd32e10x_it.o(.text.NMI_Handler))
<BR>[Address Reference Count : 1]<UL><LI> startup_gd32e10x.o(RESET)
</UL>
<P><STRONG><a name="[76]"></a>OLED_Clear</STRONG> (Thumb, 94 bytes, Stack size 4 bytes, jkd_oled.o(.text.OLED_Clear))
<BR><BR>[Stack]<UL><LI>Max Depth = 4<LI>Call Chain = OLED_Clear
</UL>
<BR>[Called By]<UL><LI><a href="#[71]">&gt;&gt;</a>&nbsp;&nbsp;&nbsp;OLED_Init
<LI><a href="#[57]">&gt;&gt;</a>&nbsp;&nbsp;&nbsp;main
</UL>

<P><STRONG><a name="[81]"></a>OLED_ClearArea</STRONG> (Thumb, 200 bytes, Stack size 12 bytes, jkd_oled.o(.text.OLED_ClearArea))
<BR><BR>[Stack]<UL><LI>Max Depth = 12<LI>Call Chain = OLED_ClearArea
</UL>
<BR>[Called By]<UL><LI><a href="#[80]">&gt;&gt;</a>&nbsp;&nbsp;&nbsp;OLED_ShowImage
</UL>

<P><STRONG><a name="[71]"></a>OLED_Init</STRONG> (Thumb, 192 bytes, Stack size 16 bytes, jkd_oled.o(.text.OLED_Init))
<BR><BR>[Stack]<UL><LI>Max Depth = 104<LI>Call Chain = OLED_Init &rArr; OLED_Update &rArr; OLED_SetCursor &rArr; OLED_WriteCommand &rArr; OLED_SPI_SendByte &rArr; OLED_W_D1 &rArr; gpio_bit_reset
</UL>
<BR>[Calls]<UL><LI><a href="#[73]">&gt;&gt;</a>&nbsp;&nbsp;&nbsp;delay_1ms
<LI><a href="#[77]">&gt;&gt;</a>&nbsp;&nbsp;&nbsp;OLED_Update
<LI><a href="#[76]">&gt;&gt;</a>&nbsp;&nbsp;&nbsp;OLED_Clear
<LI><a href="#[75]">&gt;&gt;</a>&nbsp;&nbsp;&nbsp;OLED_WriteCommand
<LI><a href="#[72]">&gt;&gt;</a>&nbsp;&nbsp;&nbsp;OLED_gpioInit
<LI><a href="#[74]">&gt;&gt;</a>&nbsp;&nbsp;&nbsp;OLED_W_RES
</UL>
<BR>[Called By]<UL><LI><a href="#[57]">&gt;&gt;</a>&nbsp;&nbsp;&nbsp;main
</UL>

<P><STRONG><a name="[78]"></a>OLED_Printf</STRONG> (Thumb, 56 bytes, Stack size 288 bytes, jkd_oled.o(.text.OLED_Printf))
<BR><BR>[Stack]<UL><LI>Max Depth = 372<LI>Call Chain = OLED_Printf &rArr; OLED_ShowString &rArr; OLED_ShowChar &rArr; OLED_ShowImage &rArr; OLED_ClearArea
</UL>
<BR>[Calls]<UL><LI><a href="#[79]">&gt;&gt;</a>&nbsp;&nbsp;&nbsp;vsprintf
<LI><a href="#[7a]">&gt;&gt;</a>&nbsp;&nbsp;&nbsp;OLED_ShowString
</UL>
<BR>[Called By]<UL><LI><a href="#[57]">&gt;&gt;</a>&nbsp;&nbsp;&nbsp;main
</UL>

<P><STRONG><a name="[7b]"></a>OLED_SPI_SendByte</STRONG> (Thumb, 74 bytes, Stack size 16 bytes, jkd_oled.o(.text.OLED_SPI_SendByte))
<BR><BR>[Stack]<UL><LI>Max Depth = 40<LI>Call Chain = OLED_SPI_SendByte &rArr; OLED_W_D1 &rArr; gpio_bit_reset
</UL>
<BR>[Calls]<UL><LI><a href="#[7c]">&gt;&gt;</a>&nbsp;&nbsp;&nbsp;OLED_W_D1
<LI><a href="#[7d]">&gt;&gt;</a>&nbsp;&nbsp;&nbsp;OLED_W_D0
</UL>
<BR>[Called By]<UL><LI><a href="#[82]">&gt;&gt;</a>&nbsp;&nbsp;&nbsp;OLED_WriteData
<LI><a href="#[75]">&gt;&gt;</a>&nbsp;&nbsp;&nbsp;OLED_WriteCommand
</UL>

<P><STRONG><a name="[7e]"></a>OLED_SetCursor</STRONG> (Thumb, 52 bytes, Stack size 16 bytes, jkd_oled.o(.text.OLED_SetCursor))
<BR><BR>[Stack]<UL><LI>Max Depth = 72<LI>Call Chain = OLED_SetCursor &rArr; OLED_WriteCommand &rArr; OLED_SPI_SendByte &rArr; OLED_W_D1 &rArr; gpio_bit_reset
</UL>
<BR>[Calls]<UL><LI><a href="#[75]">&gt;&gt;</a>&nbsp;&nbsp;&nbsp;OLED_WriteCommand
</UL>
<BR>[Called By]<UL><LI><a href="#[77]">&gt;&gt;</a>&nbsp;&nbsp;&nbsp;OLED_Update
</UL>

<P><STRONG><a name="[7f]"></a>OLED_ShowChar</STRONG> (Thumb, 132 bytes, Stack size 24 bytes, jkd_oled.o(.text.OLED_ShowChar))
<BR><BR>[Stack]<UL><LI>Max Depth = 60<LI>Call Chain = OLED_ShowChar &rArr; OLED_ShowImage &rArr; OLED_ClearArea
</UL>
<BR>[Calls]<UL><LI><a href="#[80]">&gt;&gt;</a>&nbsp;&nbsp;&nbsp;OLED_ShowImage
</UL>
<BR>[Called By]<UL><LI><a href="#[7a]">&gt;&gt;</a>&nbsp;&nbsp;&nbsp;OLED_ShowString
</UL>

<P><STRONG><a name="[80]"></a>OLED_ShowImage</STRONG> (Thumb, 450 bytes, Stack size 24 bytes, jkd_oled.o(.text.OLED_ShowImage))
<BR><BR>[Stack]<UL><LI>Max Depth = 36<LI>Call Chain = OLED_ShowImage &rArr; OLED_ClearArea
</UL>
<BR>[Calls]<UL><LI><a href="#[81]">&gt;&gt;</a>&nbsp;&nbsp;&nbsp;OLED_ClearArea
</UL>
<BR>[Called By]<UL><LI><a href="#[7f]">&gt;&gt;</a>&nbsp;&nbsp;&nbsp;OLED_ShowChar
</UL>

<P><STRONG><a name="[7a]"></a>OLED_ShowString</STRONG> (Thumb, 88 bytes, Stack size 24 bytes, jkd_oled.o(.text.OLED_ShowString))
<BR><BR>[Stack]<UL><LI>Max Depth = 84<LI>Call Chain = OLED_ShowString &rArr; OLED_ShowChar &rArr; OLED_ShowImage &rArr; OLED_ClearArea
</UL>
<BR>[Calls]<UL><LI><a href="#[7f]">&gt;&gt;</a>&nbsp;&nbsp;&nbsp;OLED_ShowChar
</UL>
<BR>[Called By]<UL><LI><a href="#[78]">&gt;&gt;</a>&nbsp;&nbsp;&nbsp;OLED_Printf
</UL>

<P><STRONG><a name="[77]"></a>OLED_Update</STRONG> (Thumb, 72 bytes, Stack size 16 bytes, jkd_oled.o(.text.OLED_Update))
<BR><BR>[Stack]<UL><LI>Max Depth = 88<LI>Call Chain = OLED_Update &rArr; OLED_SetCursor &rArr; OLED_WriteCommand &rArr; OLED_SPI_SendByte &rArr; OLED_W_D1 &rArr; gpio_bit_reset
</UL>
<BR>[Calls]<UL><LI><a href="#[7e]">&gt;&gt;</a>&nbsp;&nbsp;&nbsp;OLED_SetCursor
<LI><a href="#[82]">&gt;&gt;</a>&nbsp;&nbsp;&nbsp;OLED_WriteData
</UL>
<BR>[Called By]<UL><LI><a href="#[71]">&gt;&gt;</a>&nbsp;&nbsp;&nbsp;OLED_Init
<LI><a href="#[57]">&gt;&gt;</a>&nbsp;&nbsp;&nbsp;main
</UL>

<P><STRONG><a name="[83]"></a>OLED_W_CS</STRONG> (Thumb, 56 bytes, Stack size 16 bytes, jkd_oled.o(.text.OLED_W_CS))
<BR><BR>[Stack]<UL><LI>Max Depth = 24<LI>Call Chain = OLED_W_CS &rArr; gpio_bit_reset
</UL>
<BR>[Calls]<UL><LI><a href="#[70]">&gt;&gt;</a>&nbsp;&nbsp;&nbsp;gpio_bit_reset
<LI><a href="#[84]">&gt;&gt;</a>&nbsp;&nbsp;&nbsp;gpio_bit_set
</UL>
<BR>[Called By]<UL><LI><a href="#[82]">&gt;&gt;</a>&nbsp;&nbsp;&nbsp;OLED_WriteData
<LI><a href="#[75]">&gt;&gt;</a>&nbsp;&nbsp;&nbsp;OLED_WriteCommand
<LI><a href="#[72]">&gt;&gt;</a>&nbsp;&nbsp;&nbsp;OLED_gpioInit
</UL>

<P><STRONG><a name="[7d]"></a>OLED_W_D0</STRONG> (Thumb, 52 bytes, Stack size 16 bytes, jkd_oled.o(.text.OLED_W_D0))
<BR><BR>[Stack]<UL><LI>Max Depth = 24<LI>Call Chain = OLED_W_D0 &rArr; gpio_bit_reset
</UL>
<BR>[Calls]<UL><LI><a href="#[70]">&gt;&gt;</a>&nbsp;&nbsp;&nbsp;gpio_bit_reset
<LI><a href="#[84]">&gt;&gt;</a>&nbsp;&nbsp;&nbsp;gpio_bit_set
</UL>
<BR>[Called By]<UL><LI><a href="#[7b]">&gt;&gt;</a>&nbsp;&nbsp;&nbsp;OLED_SPI_SendByte
<LI><a href="#[72]">&gt;&gt;</a>&nbsp;&nbsp;&nbsp;OLED_gpioInit
</UL>

<P><STRONG><a name="[7c]"></a>OLED_W_D1</STRONG> (Thumb, 52 bytes, Stack size 16 bytes, jkd_oled.o(.text.OLED_W_D1))
<BR><BR>[Stack]<UL><LI>Max Depth = 24<LI>Call Chain = OLED_W_D1 &rArr; gpio_bit_reset
</UL>
<BR>[Calls]<UL><LI><a href="#[70]">&gt;&gt;</a>&nbsp;&nbsp;&nbsp;gpio_bit_reset
<LI><a href="#[84]">&gt;&gt;</a>&nbsp;&nbsp;&nbsp;gpio_bit_set
</UL>
<BR>[Called By]<UL><LI><a href="#[7b]">&gt;&gt;</a>&nbsp;&nbsp;&nbsp;OLED_SPI_SendByte
<LI><a href="#[72]">&gt;&gt;</a>&nbsp;&nbsp;&nbsp;OLED_gpioInit
</UL>

<P><STRONG><a name="[85]"></a>OLED_W_DC</STRONG> (Thumb, 52 bytes, Stack size 16 bytes, jkd_oled.o(.text.OLED_W_DC))
<BR><BR>[Stack]<UL><LI>Max Depth = 24<LI>Call Chain = OLED_W_DC &rArr; gpio_bit_reset
</UL>
<BR>[Calls]<UL><LI><a href="#[70]">&gt;&gt;</a>&nbsp;&nbsp;&nbsp;gpio_bit_reset
<LI><a href="#[84]">&gt;&gt;</a>&nbsp;&nbsp;&nbsp;gpio_bit_set
</UL>
<BR>[Called By]<UL><LI><a href="#[82]">&gt;&gt;</a>&nbsp;&nbsp;&nbsp;OLED_WriteData
<LI><a href="#[75]">&gt;&gt;</a>&nbsp;&nbsp;&nbsp;OLED_WriteCommand
<LI><a href="#[72]">&gt;&gt;</a>&nbsp;&nbsp;&nbsp;OLED_gpioInit
</UL>

<P><STRONG><a name="[74]"></a>OLED_W_RES</STRONG> (Thumb, 52 bytes, Stack size 16 bytes, jkd_oled.o(.text.OLED_W_RES))
<BR><BR>[Stack]<UL><LI>Max Depth = 24<LI>Call Chain = OLED_W_RES &rArr; gpio_bit_reset
</UL>
<BR>[Calls]<UL><LI><a href="#[70]">&gt;&gt;</a>&nbsp;&nbsp;&nbsp;gpio_bit_reset
<LI><a href="#[84]">&gt;&gt;</a>&nbsp;&nbsp;&nbsp;gpio_bit_set
</UL>
<BR>[Called By]<UL><LI><a href="#[71]">&gt;&gt;</a>&nbsp;&nbsp;&nbsp;OLED_Init
<LI><a href="#[72]">&gt;&gt;</a>&nbsp;&nbsp;&nbsp;OLED_gpioInit
</UL>

<P><STRONG><a name="[75]"></a>OLED_WriteCommand</STRONG> (Thumb, 40 bytes, Stack size 16 bytes, jkd_oled.o(.text.OLED_WriteCommand))
<BR><BR>[Stack]<UL><LI>Max Depth = 56<LI>Call Chain = OLED_WriteCommand &rArr; OLED_SPI_SendByte &rArr; OLED_W_D1 &rArr; gpio_bit_reset
</UL>
<BR>[Calls]<UL><LI><a href="#[7b]">&gt;&gt;</a>&nbsp;&nbsp;&nbsp;OLED_SPI_SendByte
<LI><a href="#[83]">&gt;&gt;</a>&nbsp;&nbsp;&nbsp;OLED_W_CS
<LI><a href="#[85]">&gt;&gt;</a>&nbsp;&nbsp;&nbsp;OLED_W_DC
</UL>
<BR>[Called By]<UL><LI><a href="#[71]">&gt;&gt;</a>&nbsp;&nbsp;&nbsp;OLED_Init
<LI><a href="#[7e]">&gt;&gt;</a>&nbsp;&nbsp;&nbsp;OLED_SetCursor
</UL>

<P><STRONG><a name="[82]"></a>OLED_WriteData</STRONG> (Thumb, 82 bytes, Stack size 24 bytes, jkd_oled.o(.text.OLED_WriteData))
<BR><BR>[Stack]<UL><LI>Max Depth = 64<LI>Call Chain = OLED_WriteData &rArr; OLED_SPI_SendByte &rArr; OLED_W_D1 &rArr; gpio_bit_reset
</UL>
<BR>[Calls]<UL><LI><a href="#[7b]">&gt;&gt;</a>&nbsp;&nbsp;&nbsp;OLED_SPI_SendByte
<LI><a href="#[83]">&gt;&gt;</a>&nbsp;&nbsp;&nbsp;OLED_W_CS
<LI><a href="#[85]">&gt;&gt;</a>&nbsp;&nbsp;&nbsp;OLED_W_DC
</UL>
<BR>[Called By]<UL><LI><a href="#[77]">&gt;&gt;</a>&nbsp;&nbsp;&nbsp;OLED_Update
</UL>

<P><STRONG><a name="[72]"></a>OLED_gpioInit</STRONG> (Thumb, 98 bytes, Stack size 24 bytes, jkd_oled.o(.text.OLED_gpioInit))
<BR><BR>[Stack]<UL><LI>Max Depth = 52<LI>Call Chain = OLED_gpioInit &rArr; gpio_init
</UL>
<BR>[Calls]<UL><LI><a href="#[87]">&gt;&gt;</a>&nbsp;&nbsp;&nbsp;gpio_init
<LI><a href="#[86]">&gt;&gt;</a>&nbsp;&nbsp;&nbsp;rcu_periph_clock_enable
<LI><a href="#[83]">&gt;&gt;</a>&nbsp;&nbsp;&nbsp;OLED_W_CS
<LI><a href="#[85]">&gt;&gt;</a>&nbsp;&nbsp;&nbsp;OLED_W_DC
<LI><a href="#[74]">&gt;&gt;</a>&nbsp;&nbsp;&nbsp;OLED_W_RES
<LI><a href="#[7c]">&gt;&gt;</a>&nbsp;&nbsp;&nbsp;OLED_W_D1
<LI><a href="#[7d]">&gt;&gt;</a>&nbsp;&nbsp;&nbsp;OLED_W_D0
</UL>
<BR>[Called By]<UL><LI><a href="#[71]">&gt;&gt;</a>&nbsp;&nbsp;&nbsp;OLED_Init
</UL>

<P><STRONG><a name="[1d]"></a>PendSV_Handler</STRONG> (Thumb, 2 bytes, Stack size 0 bytes, gd32e10x_it.o(.text.PendSV_Handler))
<BR>[Address Reference Count : 1]<UL><LI> startup_gd32e10x.o(RESET)
</UL>
<P><STRONG><a name="[1b]"></a>SVC_Handler</STRONG> (Thumb, 2 bytes, Stack size 0 bytes, gd32e10x_it.o(.text.SVC_Handler))
<BR>[Address Reference Count : 1]<UL><LI> startup_gd32e10x.o(RESET)
</UL>
<P><STRONG><a name="[1e]"></a>SysTick_Handler</STRONG> (Thumb, 8 bytes, Stack size 8 bytes, gd32e10x_it.o(.text.SysTick_Handler))
<BR><BR>[Stack]<UL><LI>Max Depth = 8<LI>Call Chain = SysTick_Handler
</UL>
<BR>[Calls]<UL><LI><a href="#[8a]">&gt;&gt;</a>&nbsp;&nbsp;&nbsp;delay_decrement
</UL>
<BR>[Address Reference Count : 1]<UL><LI> startup_gd32e10x.o(RESET)
</UL>
<P><STRONG><a name="[58]"></a>SystemInit</STRONG> (Thumb, 438 bytes, Stack size 24 bytes, system_gd32e10x.o(.text.SystemInit))
<BR><BR>[Stack]<UL><LI>Max Depth = 52<LI>Call Chain = SystemInit &rArr; system_clock_config &rArr; system_clock_120m_hxtal
</UL>
<BR>[Calls]<UL><LI><a href="#[8d]">&gt;&gt;</a>&nbsp;&nbsp;&nbsp;nvic_vector_table_set
<LI><a href="#[8c]">&gt;&gt;</a>&nbsp;&nbsp;&nbsp;system_clock_config
<LI><a href="#[8b]">&gt;&gt;</a>&nbsp;&nbsp;&nbsp;_soft_delay_
</UL>
<BR>[Called By]<UL><LI><a href="#[45]">&gt;&gt;</a>&nbsp;&nbsp;&nbsp;USBFS_WKUP_IRQHandler
</UL>
<BR>[Address Reference Count : 1]<UL><LI> startup_gd32e10x.o(.text)
</UL>
<P><STRONG><a name="[38]"></a>TIMER2_IRQHandler</STRONG> (Thumb, 8 bytes, Stack size 8 bytes, gd32e10x_it.o(.text.TIMER2_IRQHandler))
<BR><BR>[Stack]<UL><LI>Max Depth = 32<LI>Call Chain = TIMER2_IRQHandler &rArr; usb_timer_irq &rArr; timer_interrupt_flag_get
</UL>
<BR>[Calls]<UL><LI><a href="#[8e]">&gt;&gt;</a>&nbsp;&nbsp;&nbsp;usb_timer_irq
</UL>
<BR>[Address Reference Count : 1]<UL><LI> startup_gd32e10x.o(RESET)
</UL>
<P><STRONG><a name="[56]"></a>USBFS_IRQHandler</STRONG> (Thumb, 16 bytes, Stack size 8 bytes, gd32e10x_it.o(.text.USBFS_IRQHandler))
<BR><BR>[Stack]<UL><LI>Max Depth = 200<LI>Call Chain = USBFS_IRQHandler &rArr; usbd_isr &rArr; usbd_int_reset &rArr; usb_txfifo_flush &rArr; usb_udelay &rArr; hw_delay &rArr; hw_time_set &rArr; timer_interrupt_enable
</UL>
<BR>[Calls]<UL><LI><a href="#[8f]">&gt;&gt;</a>&nbsp;&nbsp;&nbsp;usbd_isr
</UL>
<BR>[Address Reference Count : 1]<UL><LI> startup_gd32e10x.o(RESET)
</UL>
<P><STRONG><a name="[45]"></a>USBFS_WKUP_IRQHandler</STRONG> (Thumb, 66 bytes, Stack size 8 bytes, gd32e10x_it.o(.text.USBFS_WKUP_IRQHandler))
<BR><BR>[Stack]<UL><LI>Max Depth = 60<LI>Call Chain = USBFS_WKUP_IRQHandler &rArr; SystemInit &rArr; system_clock_config &rArr; system_clock_120m_hxtal
</UL>
<BR>[Calls]<UL><LI><a href="#[92]">&gt;&gt;</a>&nbsp;&nbsp;&nbsp;exti_interrupt_flag_clear
<LI><a href="#[91]">&gt;&gt;</a>&nbsp;&nbsp;&nbsp;usb_clock_active
<LI><a href="#[86]">&gt;&gt;</a>&nbsp;&nbsp;&nbsp;rcu_periph_clock_enable
<LI><a href="#[90]">&gt;&gt;</a>&nbsp;&nbsp;&nbsp;rcu_usb_clock_config
<LI><a href="#[58]">&gt;&gt;</a>&nbsp;&nbsp;&nbsp;SystemInit
</UL>
<BR>[Address Reference Count : 1]<UL><LI> startup_gd32e10x.o(RESET)
</UL>
<P><STRONG><a name="[1a]"></a>UsageFault_Handler</STRONG> (Thumb, 4 bytes, Stack size 0 bytes, gd32e10x_it.o(.text.UsageFault_Handler))
<BR>[Address Reference Count : 1]<UL><LI> startup_gd32e10x.o(RESET)
</UL>
<P><STRONG><a name="[97]"></a>adc0_config</STRONG> (Thumb, 170 bytes, Stack size 32 bytes, gd32e10x_eval.o(.text.adc0_config))
<BR><BR>[Stack]<UL><LI>Max Depth = 60<LI>Call Chain = adc0_config &rArr; adc_deinit &rArr; rcu_periph_reset_disable
</UL>
<BR>[Calls]<UL><LI><a href="#[9f]">&gt;&gt;</a>&nbsp;&nbsp;&nbsp;adc_external_trigger_config
<LI><a href="#[9e]">&gt;&gt;</a>&nbsp;&nbsp;&nbsp;adc_external_trigger_source_config
<LI><a href="#[9d]">&gt;&gt;</a>&nbsp;&nbsp;&nbsp;adc_regular_channel_config
<LI><a href="#[9c]">&gt;&gt;</a>&nbsp;&nbsp;&nbsp;adc_channel_length_config
<LI><a href="#[a2]">&gt;&gt;</a>&nbsp;&nbsp;&nbsp;adc_dma_mode_enable
<LI><a href="#[a1]">&gt;&gt;</a>&nbsp;&nbsp;&nbsp;adc_calibration_enable
<LI><a href="#[a0]">&gt;&gt;</a>&nbsp;&nbsp;&nbsp;adc_enable
<LI><a href="#[9b]">&gt;&gt;</a>&nbsp;&nbsp;&nbsp;adc_data_alignment_config
<LI><a href="#[9a]">&gt;&gt;</a>&nbsp;&nbsp;&nbsp;adc_special_function_config
<LI><a href="#[99]">&gt;&gt;</a>&nbsp;&nbsp;&nbsp;adc_mode_config
<LI><a href="#[98]">&gt;&gt;</a>&nbsp;&nbsp;&nbsp;adc_deinit
<LI><a href="#[73]">&gt;&gt;</a>&nbsp;&nbsp;&nbsp;delay_1ms
</UL>
<BR>[Called By]<UL><LI><a href="#[be]">&gt;&gt;</a>&nbsp;&nbsp;&nbsp;peripheral_config
</UL>

<P><STRONG><a name="[a1]"></a>adc_calibration_enable</STRONG> (Thumb, 60 bytes, Stack size 4 bytes, gd32e10x_adc.o(.text.adc_calibration_enable))
<BR><BR>[Stack]<UL><LI>Max Depth = 4<LI>Call Chain = adc_calibration_enable
</UL>
<BR>[Called By]<UL><LI><a href="#[97]">&gt;&gt;</a>&nbsp;&nbsp;&nbsp;adc0_config
</UL>

<P><STRONG><a name="[9c]"></a>adc_channel_length_config</STRONG> (Thumb, 110 bytes, Stack size 16 bytes, gd32e10x_adc.o(.text.adc_channel_length_config))
<BR><BR>[Stack]<UL><LI>Max Depth = 16<LI>Call Chain = adc_channel_length_config
</UL>
<BR>[Called By]<UL><LI><a href="#[97]">&gt;&gt;</a>&nbsp;&nbsp;&nbsp;adc0_config
</UL>

<P><STRONG><a name="[9b]"></a>adc_data_alignment_config</STRONG> (Thumb, 40 bytes, Stack size 8 bytes, gd32e10x_adc.o(.text.adc_data_alignment_config))
<BR><BR>[Stack]<UL><LI>Max Depth = 8<LI>Call Chain = adc_data_alignment_config
</UL>
<BR>[Called By]<UL><LI><a href="#[97]">&gt;&gt;</a>&nbsp;&nbsp;&nbsp;adc0_config
</UL>

<P><STRONG><a name="[98]"></a>adc_deinit</STRONG> (Thumb, 82 bytes, Stack size 24 bytes, gd32e10x_adc.o(.text.adc_deinit))
<BR><BR>[Stack]<UL><LI>Max Depth = 28<LI>Call Chain = adc_deinit &rArr; rcu_periph_reset_disable
</UL>
<BR>[Calls]<UL><LI><a href="#[a4]">&gt;&gt;</a>&nbsp;&nbsp;&nbsp;rcu_periph_reset_disable
<LI><a href="#[a3]">&gt;&gt;</a>&nbsp;&nbsp;&nbsp;rcu_periph_reset_enable
</UL>
<BR>[Called By]<UL><LI><a href="#[97]">&gt;&gt;</a>&nbsp;&nbsp;&nbsp;adc0_config
</UL>

<P><STRONG><a name="[a2]"></a>adc_dma_mode_enable</STRONG> (Thumb, 18 bytes, Stack size 4 bytes, gd32e10x_adc.o(.text.adc_dma_mode_enable))
<BR><BR>[Stack]<UL><LI>Max Depth = 4<LI>Call Chain = adc_dma_mode_enable
</UL>
<BR>[Called By]<UL><LI><a href="#[97]">&gt;&gt;</a>&nbsp;&nbsp;&nbsp;adc0_config
</UL>

<P><STRONG><a name="[a0]"></a>adc_enable</STRONG> (Thumb, 30 bytes, Stack size 4 bytes, gd32e10x_adc.o(.text.adc_enable))
<BR><BR>[Stack]<UL><LI>Max Depth = 4<LI>Call Chain = adc_enable
</UL>
<BR>[Called By]<UL><LI><a href="#[97]">&gt;&gt;</a>&nbsp;&nbsp;&nbsp;adc0_config
</UL>

<P><STRONG><a name="[9f]"></a>adc_external_trigger_config</STRONG> (Thumb, 120 bytes, Stack size 8 bytes, gd32e10x_adc.o(.text.adc_external_trigger_config))
<BR><BR>[Stack]<UL><LI>Max Depth = 8<LI>Call Chain = adc_external_trigger_config
</UL>
<BR>[Called By]<UL><LI><a href="#[97]">&gt;&gt;</a>&nbsp;&nbsp;&nbsp;adc0_config
</UL>

<P><STRONG><a name="[9e]"></a>adc_external_trigger_source_config</STRONG> (Thumb, 82 bytes, Stack size 16 bytes, gd32e10x_adc.o(.text.adc_external_trigger_source_config))
<BR><BR>[Stack]<UL><LI>Max Depth = 16<LI>Call Chain = adc_external_trigger_source_config
</UL>
<BR>[Called By]<UL><LI><a href="#[97]">&gt;&gt;</a>&nbsp;&nbsp;&nbsp;adc0_config
</UL>

<P><STRONG><a name="[99]"></a>adc_mode_config</STRONG> (Thumb, 32 bytes, Stack size 4 bytes, gd32e10x_adc.o(.text.adc_mode_config))
<BR><BR>[Stack]<UL><LI>Max Depth = 4<LI>Call Chain = adc_mode_config
</UL>
<BR>[Called By]<UL><LI><a href="#[97]">&gt;&gt;</a>&nbsp;&nbsp;&nbsp;adc0_config
</UL>

<P><STRONG><a name="[9d]"></a>adc_regular_channel_config</STRONG> (Thumb, 372 bytes, Stack size 20 bytes, gd32e10x_adc.o(.text.adc_regular_channel_config))
<BR><BR>[Stack]<UL><LI>Max Depth = 20<LI>Call Chain = adc_regular_channel_config
</UL>
<BR>[Called By]<UL><LI><a href="#[97]">&gt;&gt;</a>&nbsp;&nbsp;&nbsp;adc0_config
</UL>

<P><STRONG><a name="[b0]"></a>adc_software_trigger_enable</STRONG> (Thumb, 58 bytes, Stack size 8 bytes, gd32e10x_adc.o(.text.adc_software_trigger_enable))
<BR><BR>[Stack]<UL><LI>Max Depth = 8<LI>Call Chain = adc_software_trigger_enable
</UL>
<BR>[Called By]<UL><LI><a href="#[57]">&gt;&gt;</a>&nbsp;&nbsp;&nbsp;main
<LI><a href="#[ac]">&gt;&gt;</a>&nbsp;&nbsp;&nbsp;dma_config
</UL>

<P><STRONG><a name="[9a]"></a>adc_special_function_config</STRONG> (Thumb, 166 bytes, Stack size 12 bytes, gd32e10x_adc.o(.text.adc_special_function_config))
<BR><BR>[Stack]<UL><LI>Max Depth = 12<LI>Call Chain = adc_special_function_config
</UL>
<BR>[Called By]<UL><LI><a href="#[97]">&gt;&gt;</a>&nbsp;&nbsp;&nbsp;adc0_config
</UL>

<P><STRONG><a name="[a5]"></a>cdc_acm_data_send</STRONG> (Thumb, 56 bytes, Stack size 24 bytes, cdc_acm_core_1.o(.text.cdc_acm_data_send))
<BR><BR>[Stack]<UL><LI>Max Depth = 108<LI>Call Chain = cdc_acm_data_send &rArr; usbd_ep_send &rArr; usb_transc_inxfer &rArr; usb_txfifo_write
</UL>
<BR>[Calls]<UL><LI><a href="#[a6]">&gt;&gt;</a>&nbsp;&nbsp;&nbsp;usbd_ep_send
</UL>
<BR>[Called By]<UL><LI><a href="#[5a]">&gt;&gt;</a>&nbsp;&nbsp;&nbsp;fputc
</UL>

<P><STRONG><a name="[73]"></a>delay_1ms</STRONG> (Thumb, 38 bytes, Stack size 4 bytes, systick.o(.text.delay_1ms))
<BR><BR>[Stack]<UL><LI>Max Depth = 4<LI>Call Chain = delay_1ms
</UL>
<BR>[Called By]<UL><LI><a href="#[71]">&gt;&gt;</a>&nbsp;&nbsp;&nbsp;OLED_Init
<LI><a href="#[57]">&gt;&gt;</a>&nbsp;&nbsp;&nbsp;main
<LI><a href="#[97]">&gt;&gt;</a>&nbsp;&nbsp;&nbsp;adc0_config
</UL>

<P><STRONG><a name="[8a]"></a>delay_decrement</STRONG> (Thumb, 32 bytes, Stack size 0 bytes, systick.o(.text.delay_decrement))
<BR><BR>[Called By]<UL><LI><a href="#[1e]">&gt;&gt;</a>&nbsp;&nbsp;&nbsp;SysTick_Handler
</UL>

<P><STRONG><a name="[a9]"></a>dma_channel_enable</STRONG> (Thumb, 54 bytes, Stack size 16 bytes, gd32e10x_dma.o(.text.dma_channel_enable))
<BR><BR>[Stack]<UL><LI>Max Depth = 24<LI>Call Chain = dma_channel_enable &rArr; dma_periph_and_channel_check
</UL>
<BR>[Calls]<UL><LI><a href="#[aa]">&gt;&gt;</a>&nbsp;&nbsp;&nbsp;dma_periph_and_channel_check
</UL>
<BR>[Called By]<UL><LI><a href="#[ac]">&gt;&gt;</a>&nbsp;&nbsp;&nbsp;dma_config
</UL>

<P><STRONG><a name="[ab]"></a>dma_circulation_enable</STRONG> (Thumb, 54 bytes, Stack size 16 bytes, gd32e10x_dma.o(.text.dma_circulation_enable))
<BR><BR>[Stack]<UL><LI>Max Depth = 24<LI>Call Chain = dma_circulation_enable &rArr; dma_periph_and_channel_check
</UL>
<BR>[Calls]<UL><LI><a href="#[aa]">&gt;&gt;</a>&nbsp;&nbsp;&nbsp;dma_periph_and_channel_check
</UL>
<BR>[Called By]<UL><LI><a href="#[ac]">&gt;&gt;</a>&nbsp;&nbsp;&nbsp;dma_config
</UL>

<P><STRONG><a name="[ac]"></a>dma_config</STRONG> (Thumb, 140 bytes, Stack size 48 bytes, gd32e10x_eval.o(.text.dma_config))
<BR><BR>[Stack]<UL><LI>Max Depth = 80<LI>Call Chain = dma_config &rArr; dma_interrupt_enable &rArr; dma_periph_and_channel_check
</UL>
<BR>[Calls]<UL><LI><a href="#[af]">&gt;&gt;</a>&nbsp;&nbsp;&nbsp;dma_interrupt_enable
<LI><a href="#[a9]">&gt;&gt;</a>&nbsp;&nbsp;&nbsp;dma_channel_enable
<LI><a href="#[ab]">&gt;&gt;</a>&nbsp;&nbsp;&nbsp;dma_circulation_enable
<LI><a href="#[ae]">&gt;&gt;</a>&nbsp;&nbsp;&nbsp;dma_init
<LI><a href="#[ad]">&gt;&gt;</a>&nbsp;&nbsp;&nbsp;dma_deinit
<LI><a href="#[86]">&gt;&gt;</a>&nbsp;&nbsp;&nbsp;rcu_periph_clock_enable
<LI><a href="#[b0]">&gt;&gt;</a>&nbsp;&nbsp;&nbsp;adc_software_trigger_enable
</UL>
<BR>[Called By]<UL><LI><a href="#[be]">&gt;&gt;</a>&nbsp;&nbsp;&nbsp;peripheral_config
</UL>

<P><STRONG><a name="[ad]"></a>dma_deinit</STRONG> (Thumb, 140 bytes, Stack size 16 bytes, gd32e10x_dma.o(.text.dma_deinit))
<BR><BR>[Stack]<UL><LI>Max Depth = 24<LI>Call Chain = dma_deinit &rArr; dma_periph_and_channel_check
</UL>
<BR>[Calls]<UL><LI><a href="#[aa]">&gt;&gt;</a>&nbsp;&nbsp;&nbsp;dma_periph_and_channel_check
</UL>
<BR>[Called By]<UL><LI><a href="#[ac]">&gt;&gt;</a>&nbsp;&nbsp;&nbsp;dma_config
</UL>

<P><STRONG><a name="[ae]"></a>dma_init</STRONG> (Thumb, 328 bytes, Stack size 24 bytes, gd32e10x_dma.o(.text.dma_init))
<BR><BR>[Stack]<UL><LI>Max Depth = 32<LI>Call Chain = dma_init &rArr; dma_periph_and_channel_check
</UL>
<BR>[Calls]<UL><LI><a href="#[aa]">&gt;&gt;</a>&nbsp;&nbsp;&nbsp;dma_periph_and_channel_check
</UL>
<BR>[Called By]<UL><LI><a href="#[ac]">&gt;&gt;</a>&nbsp;&nbsp;&nbsp;dma_config
</UL>

<P><STRONG><a name="[af]"></a>dma_interrupt_enable</STRONG> (Thumb, 56 bytes, Stack size 24 bytes, gd32e10x_dma.o(.text.dma_interrupt_enable))
<BR><BR>[Stack]<UL><LI>Max Depth = 32<LI>Call Chain = dma_interrupt_enable &rArr; dma_periph_and_channel_check
</UL>
<BR>[Calls]<UL><LI><a href="#[aa]">&gt;&gt;</a>&nbsp;&nbsp;&nbsp;dma_periph_and_channel_check
</UL>
<BR>[Called By]<UL><LI><a href="#[ac]">&gt;&gt;</a>&nbsp;&nbsp;&nbsp;dma_config
</UL>

<P><STRONG><a name="[6f]"></a>dma_interrupt_flag_clear</STRONG> (Thumb, 34 bytes, Stack size 12 bytes, gd32e10x_dma.o(.text.dma_interrupt_flag_clear))
<BR><BR>[Stack]<UL><LI>Max Depth = 12<LI>Call Chain = dma_interrupt_flag_clear
</UL>
<BR>[Called By]<UL><LI><a href="#[2a]">&gt;&gt;</a>&nbsp;&nbsp;&nbsp;DMA0_Channel0_IRQHandler
</UL>

<P><STRONG><a name="[6e]"></a>dma_interrupt_flag_get</STRONG> (Thumb, 212 bytes, Stack size 28 bytes, gd32e10x_dma.o(.text.dma_interrupt_flag_get))
<BR><BR>[Stack]<UL><LI>Max Depth = 28<LI>Call Chain = dma_interrupt_flag_get
</UL>
<BR>[Called By]<UL><LI><a href="#[2a]">&gt;&gt;</a>&nbsp;&nbsp;&nbsp;DMA0_Channel0_IRQHandler
</UL>

<P><STRONG><a name="[92]"></a>exti_interrupt_flag_clear</STRONG> (Thumb, 20 bytes, Stack size 4 bytes, gd32e10x_exti.o(.text.exti_interrupt_flag_clear))
<BR><BR>[Stack]<UL><LI>Max Depth = 4<LI>Call Chain = exti_interrupt_flag_clear
</UL>
<BR>[Called By]<UL><LI><a href="#[45]">&gt;&gt;</a>&nbsp;&nbsp;&nbsp;USBFS_WKUP_IRQHandler
</UL>

<P><STRONG><a name="[5a]"></a>fputc</STRONG> (Thumb, 42 bytes, Stack size 24 bytes, main.o(.text.fputc))
<BR><BR>[Stack]<UL><LI>Max Depth = 132<LI>Call Chain = fputc &rArr; cdc_acm_data_send &rArr; usbd_ep_send &rArr; usb_transc_inxfer &rArr; usb_txfifo_write
</UL>
<BR>[Calls]<UL><LI><a href="#[a5]">&gt;&gt;</a>&nbsp;&nbsp;&nbsp;cdc_acm_data_send
<LI><a href="#[b1]">&gt;&gt;</a>&nbsp;&nbsp;&nbsp;usb_txfifo_write
</UL>
<BR>[Address Reference Count : 1]<UL><LI> printfa.o(i.__0printf)
</UL>
<P><STRONG><a name="[70]"></a>gpio_bit_reset</STRONG> (Thumb, 16 bytes, Stack size 8 bytes, gd32e10x_gpio.o(.text.gpio_bit_reset))
<BR><BR>[Stack]<UL><LI>Max Depth = 8<LI>Call Chain = gpio_bit_reset
</UL>
<BR>[Called By]<UL><LI><a href="#[83]">&gt;&gt;</a>&nbsp;&nbsp;&nbsp;OLED_W_CS
<LI><a href="#[85]">&gt;&gt;</a>&nbsp;&nbsp;&nbsp;OLED_W_DC
<LI><a href="#[74]">&gt;&gt;</a>&nbsp;&nbsp;&nbsp;OLED_W_RES
<LI><a href="#[7c]">&gt;&gt;</a>&nbsp;&nbsp;&nbsp;OLED_W_D1
<LI><a href="#[7d]">&gt;&gt;</a>&nbsp;&nbsp;&nbsp;OLED_W_D0
<LI><a href="#[2a]">&gt;&gt;</a>&nbsp;&nbsp;&nbsp;DMA0_Channel0_IRQHandler
</UL>

<P><STRONG><a name="[84]"></a>gpio_bit_set</STRONG> (Thumb, 16 bytes, Stack size 8 bytes, gd32e10x_gpio.o(.text.gpio_bit_set))
<BR><BR>[Stack]<UL><LI>Max Depth = 8<LI>Call Chain = gpio_bit_set
</UL>
<BR>[Called By]<UL><LI><a href="#[83]">&gt;&gt;</a>&nbsp;&nbsp;&nbsp;OLED_W_CS
<LI><a href="#[85]">&gt;&gt;</a>&nbsp;&nbsp;&nbsp;OLED_W_DC
<LI><a href="#[74]">&gt;&gt;</a>&nbsp;&nbsp;&nbsp;OLED_W_RES
<LI><a href="#[7c]">&gt;&gt;</a>&nbsp;&nbsp;&nbsp;OLED_W_D1
<LI><a href="#[7d]">&gt;&gt;</a>&nbsp;&nbsp;&nbsp;OLED_W_D0
<LI><a href="#[b2]">&gt;&gt;</a>&nbsp;&nbsp;&nbsp;gpio_config
</UL>

<P><STRONG><a name="[b2]"></a>gpio_config</STRONG> (Thumb, 150 bytes, Stack size 32 bytes, gd32e10x_eval.o(.text.gpio_config))
<BR><BR>[Stack]<UL><LI>Max Depth = 60<LI>Call Chain = gpio_config &rArr; gpio_init
</UL>
<BR>[Calls]<UL><LI><a href="#[b3]">&gt;&gt;</a>&nbsp;&nbsp;&nbsp;rcu_adc_clock_config
<LI><a href="#[84]">&gt;&gt;</a>&nbsp;&nbsp;&nbsp;gpio_bit_set
<LI><a href="#[87]">&gt;&gt;</a>&nbsp;&nbsp;&nbsp;gpio_init
<LI><a href="#[86]">&gt;&gt;</a>&nbsp;&nbsp;&nbsp;rcu_periph_clock_enable
</UL>
<BR>[Called By]<UL><LI><a href="#[be]">&gt;&gt;</a>&nbsp;&nbsp;&nbsp;peripheral_config
</UL>

<P><STRONG><a name="[87]"></a>gpio_init</STRONG> (Thumb, 388 bytes, Stack size 28 bytes, gd32e10x_gpio.o(.text.gpio_init))
<BR><BR>[Stack]<UL><LI>Max Depth = 28<LI>Call Chain = gpio_init
</UL>
<BR>[Called By]<UL><LI><a href="#[72]">&gt;&gt;</a>&nbsp;&nbsp;&nbsp;OLED_gpioInit
<LI><a href="#[b2]">&gt;&gt;</a>&nbsp;&nbsp;&nbsp;gpio_config
</UL>

<P><STRONG><a name="[cd]"></a>int_to_unicode</STRONG> (Thumb, 118 bytes, Stack size 12 bytes, usbd_enum.o(.text.int_to_unicode))
<BR><BR>[Stack]<UL><LI>Max Depth = 12<LI>Call Chain = int_to_unicode
</UL>
<BR>[Called By]<UL><LI><a href="#[cc]">&gt;&gt;</a>&nbsp;&nbsp;&nbsp;serial_string_get
</UL>

<P><STRONG><a name="[57]"></a>main</STRONG> (Thumb, 138 bytes, Stack size 16 bytes, main.o(.text.main))
<BR><BR>[Stack]<UL><LI>Max Depth = 388<LI>Call Chain = main &rArr; OLED_Printf &rArr; OLED_ShowString &rArr; OLED_ShowChar &rArr; OLED_ShowImage &rArr; OLED_ClearArea
</UL>
<BR>[Calls]<UL><LI><a href="#[73]">&gt;&gt;</a>&nbsp;&nbsp;&nbsp;delay_1ms
<LI><a href="#[b0]">&gt;&gt;</a>&nbsp;&nbsp;&nbsp;adc_software_trigger_enable
<LI><a href="#[77]">&gt;&gt;</a>&nbsp;&nbsp;&nbsp;OLED_Update
<LI><a href="#[78]">&gt;&gt;</a>&nbsp;&nbsp;&nbsp;OLED_Printf
<LI><a href="#[76]">&gt;&gt;</a>&nbsp;&nbsp;&nbsp;OLED_Clear
<LI><a href="#[71]">&gt;&gt;</a>&nbsp;&nbsp;&nbsp;OLED_Init
<LI><a href="#[c2]">&gt;&gt;</a>&nbsp;&nbsp;&nbsp;usb_intr_config
<LI><a href="#[c1]">&gt;&gt;</a>&nbsp;&nbsp;&nbsp;usbd_init
<LI><a href="#[c0]">&gt;&gt;</a>&nbsp;&nbsp;&nbsp;usb_timer_init
<LI><a href="#[bf]">&gt;&gt;</a>&nbsp;&nbsp;&nbsp;usb_rcu_config
<LI><a href="#[be]">&gt;&gt;</a>&nbsp;&nbsp;&nbsp;peripheral_config
<LI><a href="#[bd]">&gt;&gt;</a>&nbsp;&nbsp;&nbsp;systick_config
<LI><a href="#[c3]">&gt;&gt;</a>&nbsp;&nbsp;&nbsp;printf
</UL>
<BR>[Address Reference Count : 1]<UL><LI> entry9a.o(.ARM.Collect$$$$0000000B)
</UL>
<P><STRONG><a name="[c4]"></a>nvic_config</STRONG> (Thumb, 14 bytes, Stack size 8 bytes, gd32e10x_eval.o(.text.nvic_config))
<BR><BR>[Stack]<UL><LI>Max Depth = 64<LI>Call Chain = nvic_config &rArr; nvic_irq_enable &rArr; NVIC_EncodePriority
</UL>
<BR>[Calls]<UL><LI><a href="#[c5]">&gt;&gt;</a>&nbsp;&nbsp;&nbsp;nvic_irq_enable
</UL>
<BR>[Called By]<UL><LI><a href="#[be]">&gt;&gt;</a>&nbsp;&nbsp;&nbsp;peripheral_config
</UL>

<P><STRONG><a name="[c5]"></a>nvic_irq_enable</STRONG> (Thumb, 138 bytes, Stack size 24 bytes, gd32e10x_misc.o(.text.nvic_irq_enable))
<BR><BR>[Stack]<UL><LI>Max Depth = 56<LI>Call Chain = nvic_irq_enable &rArr; NVIC_EncodePriority
</UL>
<BR>[Calls]<UL><LI><a href="#[ca]">&gt;&gt;</a>&nbsp;&nbsp;&nbsp;NVIC_EnableIRQ
<LI><a href="#[c9]">&gt;&gt;</a>&nbsp;&nbsp;&nbsp;NVIC_SetPriority
<LI><a href="#[c8]">&gt;&gt;</a>&nbsp;&nbsp;&nbsp;NVIC_EncodePriority
<LI><a href="#[c7]">&gt;&gt;</a>&nbsp;&nbsp;&nbsp;NVIC_GetPriorityGrouping
<LI><a href="#[c6]">&gt;&gt;</a>&nbsp;&nbsp;&nbsp;nvic_priority_group_set
</UL>
<BR>[Called By]<UL><LI><a href="#[c2]">&gt;&gt;</a>&nbsp;&nbsp;&nbsp;usb_intr_config
<LI><a href="#[c0]">&gt;&gt;</a>&nbsp;&nbsp;&nbsp;usb_timer_init
<LI><a href="#[c4]">&gt;&gt;</a>&nbsp;&nbsp;&nbsp;nvic_config
</UL>

<P><STRONG><a name="[c6]"></a>nvic_priority_group_set</STRONG> (Thumb, 28 bytes, Stack size 4 bytes, gd32e10x_misc.o(.text.nvic_priority_group_set))
<BR><BR>[Stack]<UL><LI>Max Depth = 4<LI>Call Chain = nvic_priority_group_set
</UL>
<BR>[Called By]<UL><LI><a href="#[c5]">&gt;&gt;</a>&nbsp;&nbsp;&nbsp;nvic_irq_enable
<LI><a href="#[c2]">&gt;&gt;</a>&nbsp;&nbsp;&nbsp;usb_intr_config
<LI><a href="#[c0]">&gt;&gt;</a>&nbsp;&nbsp;&nbsp;usb_timer_init
</UL>

<P><STRONG><a name="[8d]"></a>nvic_vector_table_set</STRONG> (Thumb, 40 bytes, Stack size 8 bytes, gd32e10x_misc.o(.text.nvic_vector_table_set))
<BR><BR>[Stack]<UL><LI>Max Depth = 8<LI>Call Chain = nvic_vector_table_set
</UL>
<BR>[Called By]<UL><LI><a href="#[58]">&gt;&gt;</a>&nbsp;&nbsp;&nbsp;SystemInit
</UL>

<P><STRONG><a name="[be]"></a>peripheral_config</STRONG> (Thumb, 24 bytes, Stack size 8 bytes, gd32e10x_eval.o(.text.peripheral_config))
<BR><BR>[Stack]<UL><LI>Max Depth = 164<LI>Call Chain = peripheral_config &rArr; timer0_pwm_config &rArr; timer_deinit &rArr; rcu_periph_reset_disable
</UL>
<BR>[Calls]<UL><LI><a href="#[c4]">&gt;&gt;</a>&nbsp;&nbsp;&nbsp;nvic_config
<LI><a href="#[97]">&gt;&gt;</a>&nbsp;&nbsp;&nbsp;adc0_config
<LI><a href="#[ac]">&gt;&gt;</a>&nbsp;&nbsp;&nbsp;dma_config
<LI><a href="#[cb]">&gt;&gt;</a>&nbsp;&nbsp;&nbsp;timer0_pwm_config
<LI><a href="#[b2]">&gt;&gt;</a>&nbsp;&nbsp;&nbsp;gpio_config
</UL>
<BR>[Called By]<UL><LI><a href="#[57]">&gt;&gt;</a>&nbsp;&nbsp;&nbsp;main
</UL>

<P><STRONG><a name="[10c]"></a>pmu_to_deepsleepmode</STRONG> (Thumb, 258 bytes, Stack size 8 bytes, gd32e10x_pmu.o(.text.pmu_to_deepsleepmode))
<BR><BR>[Stack]<UL><LI>Max Depth = 8<LI>Call Chain = pmu_to_deepsleepmode
</UL>
<BR>[Called By]<UL><LI><a href="#[10b]">&gt;&gt;</a>&nbsp;&nbsp;&nbsp;usbd_int_suspend
</UL>

<P><STRONG><a name="[b3]"></a>rcu_adc_clock_config</STRONG> (Thumb, 180 bytes, Stack size 16 bytes, gd32e10x_rcu.o(.text.rcu_adc_clock_config))
<BR><BR>[Stack]<UL><LI>Max Depth = 16<LI>Call Chain = rcu_adc_clock_config
</UL>
<BR>[Called By]<UL><LI><a href="#[b2]">&gt;&gt;</a>&nbsp;&nbsp;&nbsp;gpio_config
</UL>

<P><STRONG><a name="[e7]"></a>rcu_clock_freq_get</STRONG> (Thumb, 550 bytes, Stack size 108 bytes, gd32e10x_rcu.o(.text.rcu_clock_freq_get))
<BR><BR>[Stack]<UL><LI>Max Depth = 108<LI>Call Chain = rcu_clock_freq_get
</UL>
<BR>[Called By]<UL><LI><a href="#[bf]">&gt;&gt;</a>&nbsp;&nbsp;&nbsp;usb_rcu_config
</UL>

<P><STRONG><a name="[86]"></a>rcu_periph_clock_enable</STRONG> (Thumb, 40 bytes, Stack size 4 bytes, gd32e10x_rcu.o(.text.rcu_periph_clock_enable))
<BR><BR>[Stack]<UL><LI>Max Depth = 4<LI>Call Chain = rcu_periph_clock_enable
</UL>
<BR>[Called By]<UL><LI><a href="#[45]">&gt;&gt;</a>&nbsp;&nbsp;&nbsp;USBFS_WKUP_IRQHandler
<LI><a href="#[c0]">&gt;&gt;</a>&nbsp;&nbsp;&nbsp;usb_timer_init
<LI><a href="#[bf]">&gt;&gt;</a>&nbsp;&nbsp;&nbsp;usb_rcu_config
<LI><a href="#[72]">&gt;&gt;</a>&nbsp;&nbsp;&nbsp;OLED_gpioInit
<LI><a href="#[ac]">&gt;&gt;</a>&nbsp;&nbsp;&nbsp;dma_config
<LI><a href="#[cb]">&gt;&gt;</a>&nbsp;&nbsp;&nbsp;timer0_pwm_config
<LI><a href="#[b2]">&gt;&gt;</a>&nbsp;&nbsp;&nbsp;gpio_config
</UL>

<P><STRONG><a name="[a4]"></a>rcu_periph_reset_disable</STRONG> (Thumb, 40 bytes, Stack size 4 bytes, gd32e10x_rcu.o(.text.rcu_periph_reset_disable))
<BR><BR>[Stack]<UL><LI>Max Depth = 4<LI>Call Chain = rcu_periph_reset_disable
</UL>
<BR>[Called By]<UL><LI><a href="#[98]">&gt;&gt;</a>&nbsp;&nbsp;&nbsp;adc_deinit
<LI><a href="#[cb]">&gt;&gt;</a>&nbsp;&nbsp;&nbsp;timer0_pwm_config
<LI><a href="#[cf]">&gt;&gt;</a>&nbsp;&nbsp;&nbsp;timer_deinit
</UL>

<P><STRONG><a name="[a3]"></a>rcu_periph_reset_enable</STRONG> (Thumb, 40 bytes, Stack size 4 bytes, gd32e10x_rcu.o(.text.rcu_periph_reset_enable))
<BR><BR>[Stack]<UL><LI>Max Depth = 4<LI>Call Chain = rcu_periph_reset_enable
</UL>
<BR>[Called By]<UL><LI><a href="#[98]">&gt;&gt;</a>&nbsp;&nbsp;&nbsp;adc_deinit
<LI><a href="#[cb]">&gt;&gt;</a>&nbsp;&nbsp;&nbsp;timer0_pwm_config
<LI><a href="#[cf]">&gt;&gt;</a>&nbsp;&nbsp;&nbsp;timer_deinit
</UL>

<P><STRONG><a name="[90]"></a>rcu_usb_clock_config</STRONG> (Thumb, 36 bytes, Stack size 8 bytes, gd32e10x_rcu.o(.text.rcu_usb_clock_config))
<BR><BR>[Stack]<UL><LI>Max Depth = 8<LI>Call Chain = rcu_usb_clock_config
</UL>
<BR>[Called By]<UL><LI><a href="#[45]">&gt;&gt;</a>&nbsp;&nbsp;&nbsp;USBFS_WKUP_IRQHandler
<LI><a href="#[bf]">&gt;&gt;</a>&nbsp;&nbsp;&nbsp;usb_rcu_config
</UL>

<P><STRONG><a name="[cc]"></a>serial_string_get</STRONG> (Thumb, 134 bytes, Stack size 32 bytes, usbd_enum.o(.text.serial_string_get))
<BR><BR>[Stack]<UL><LI>Max Depth = 44<LI>Call Chain = serial_string_get &rArr; int_to_unicode
</UL>
<BR>[Calls]<UL><LI><a href="#[cd]">&gt;&gt;</a>&nbsp;&nbsp;&nbsp;int_to_unicode
</UL>
<BR>[Called By]<UL><LI><a href="#[c1]">&gt;&gt;</a>&nbsp;&nbsp;&nbsp;usbd_init
</UL>

<P><STRONG><a name="[bd]"></a>systick_config</STRONG> (Thumb, 50 bytes, Stack size 8 bytes, systick.o(.text.systick_config))
<BR><BR>[Stack]<UL><LI>Max Depth = 32<LI>Call Chain = systick_config &rArr; SysTick_Config &rArr; NVIC_SetPriority
</UL>
<BR>[Calls]<UL><LI><a href="#[89]">&gt;&gt;</a>&nbsp;&nbsp;&nbsp;NVIC_SetPriority
<LI><a href="#[88]">&gt;&gt;</a>&nbsp;&nbsp;&nbsp;SysTick_Config
</UL>
<BR>[Called By]<UL><LI><a href="#[57]">&gt;&gt;</a>&nbsp;&nbsp;&nbsp;main
</UL>

<P><STRONG><a name="[cb]"></a>timer0_pwm_config</STRONG> (Thumb, 264 bytes, Stack size 80 bytes, gd32e10x_eval.o(.text.timer0_pwm_config))
<BR><BR>[Stack]<UL><LI>Max Depth = 156<LI>Call Chain = timer0_pwm_config &rArr; timer_deinit &rArr; rcu_periph_reset_disable
</UL>
<BR>[Calls]<UL><LI><a href="#[a4]">&gt;&gt;</a>&nbsp;&nbsp;&nbsp;rcu_periph_reset_disable
<LI><a href="#[a3]">&gt;&gt;</a>&nbsp;&nbsp;&nbsp;rcu_periph_reset_enable
<LI><a href="#[bc]">&gt;&gt;</a>&nbsp;&nbsp;&nbsp;timer_enable
<LI><a href="#[ba]">&gt;&gt;</a>&nbsp;&nbsp;&nbsp;timer_auto_reload_shadow_enable
<LI><a href="#[b8]">&gt;&gt;</a>&nbsp;&nbsp;&nbsp;timer_init
<LI><a href="#[86]">&gt;&gt;</a>&nbsp;&nbsp;&nbsp;rcu_periph_clock_enable
<LI><a href="#[d8]">&gt;&gt;</a>&nbsp;&nbsp;&nbsp;timer_master_output_trigger_source_select
<LI><a href="#[d5]">&gt;&gt;</a>&nbsp;&nbsp;&nbsp;timer_channel_output_shadow_config
<LI><a href="#[d3]">&gt;&gt;</a>&nbsp;&nbsp;&nbsp;timer_channel_output_pulse_value_config
<LI><a href="#[d4]">&gt;&gt;</a>&nbsp;&nbsp;&nbsp;timer_channel_output_mode_config
<LI><a href="#[d2]">&gt;&gt;</a>&nbsp;&nbsp;&nbsp;timer_channel_output_config
<LI><a href="#[d1]">&gt;&gt;</a>&nbsp;&nbsp;&nbsp;timer_channel_output_struct_para_init
<LI><a href="#[d9]">&gt;&gt;</a>&nbsp;&nbsp;&nbsp;timer_primary_output_config
<LI><a href="#[d7]">&gt;&gt;</a>&nbsp;&nbsp;&nbsp;timer_break_config
<LI><a href="#[d6]">&gt;&gt;</a>&nbsp;&nbsp;&nbsp;timer_break_struct_para_init
<LI><a href="#[d0]">&gt;&gt;</a>&nbsp;&nbsp;&nbsp;timer_struct_para_init
<LI><a href="#[cf]">&gt;&gt;</a>&nbsp;&nbsp;&nbsp;timer_deinit
</UL>
<BR>[Called By]<UL><LI><a href="#[be]">&gt;&gt;</a>&nbsp;&nbsp;&nbsp;peripheral_config
</UL>

<P><STRONG><a name="[ba]"></a>timer_auto_reload_shadow_enable</STRONG> (Thumb, 18 bytes, Stack size 4 bytes, gd32e10x_timer.o(.text.timer_auto_reload_shadow_enable))
<BR><BR>[Stack]<UL><LI>Max Depth = 4<LI>Call Chain = timer_auto_reload_shadow_enable
</UL>
<BR>[Called By]<UL><LI><a href="#[b5]">&gt;&gt;</a>&nbsp;&nbsp;&nbsp;hw_time_set
<LI><a href="#[cb]">&gt;&gt;</a>&nbsp;&nbsp;&nbsp;timer0_pwm_config
</UL>

<P><STRONG><a name="[d7]"></a>timer_break_config</STRONG> (Thumb, 42 bytes, Stack size 8 bytes, gd32e10x_timer.o(.text.timer_break_config))
<BR><BR>[Stack]<UL><LI>Max Depth = 8<LI>Call Chain = timer_break_config
</UL>
<BR>[Called By]<UL><LI><a href="#[cb]">&gt;&gt;</a>&nbsp;&nbsp;&nbsp;timer0_pwm_config
</UL>

<P><STRONG><a name="[d6]"></a>timer_break_struct_para_init</STRONG> (Thumb, 38 bytes, Stack size 4 bytes, gd32e10x_timer.o(.text.timer_break_struct_para_init))
<BR><BR>[Stack]<UL><LI>Max Depth = 4<LI>Call Chain = timer_break_struct_para_init
</UL>
<BR>[Called By]<UL><LI><a href="#[cb]">&gt;&gt;</a>&nbsp;&nbsp;&nbsp;timer0_pwm_config
</UL>

<P><STRONG><a name="[d2]"></a>timer_channel_output_config</STRONG> (Thumb, 720 bytes, Stack size 16 bytes, gd32e10x_timer.o(.text.timer_channel_output_config))
<BR><BR>[Stack]<UL><LI>Max Depth = 16<LI>Call Chain = timer_channel_output_config
</UL>
<BR>[Called By]<UL><LI><a href="#[cb]">&gt;&gt;</a>&nbsp;&nbsp;&nbsp;timer0_pwm_config
</UL>

<P><STRONG><a name="[d4]"></a>timer_channel_output_mode_config</STRONG> (Thumb, 140 bytes, Stack size 12 bytes, gd32e10x_timer.o(.text.timer_channel_output_mode_config))
<BR><BR>[Stack]<UL><LI>Max Depth = 12<LI>Call Chain = timer_channel_output_mode_config
</UL>
<BR>[Called By]<UL><LI><a href="#[cb]">&gt;&gt;</a>&nbsp;&nbsp;&nbsp;timer0_pwm_config
</UL>

<P><STRONG><a name="[d3]"></a>timer_channel_output_pulse_value_config</STRONG> (Thumb, 70 bytes, Stack size 16 bytes, gd32e10x_timer.o(.text.timer_channel_output_pulse_value_config))
<BR><BR>[Stack]<UL><LI>Max Depth = 16<LI>Call Chain = timer_channel_output_pulse_value_config
</UL>
<BR>[Called By]<UL><LI><a href="#[cb]">&gt;&gt;</a>&nbsp;&nbsp;&nbsp;timer0_pwm_config
</UL>

<P><STRONG><a name="[d5]"></a>timer_channel_output_shadow_config</STRONG> (Thumb, 140 bytes, Stack size 12 bytes, gd32e10x_timer.o(.text.timer_channel_output_shadow_config))
<BR><BR>[Stack]<UL><LI>Max Depth = 12<LI>Call Chain = timer_channel_output_shadow_config
</UL>
<BR>[Called By]<UL><LI><a href="#[cb]">&gt;&gt;</a>&nbsp;&nbsp;&nbsp;timer0_pwm_config
</UL>

<P><STRONG><a name="[d1]"></a>timer_channel_output_struct_para_init</STRONG> (Thumb, 34 bytes, Stack size 4 bytes, gd32e10x_timer.o(.text.timer_channel_output_struct_para_init))
<BR><BR>[Stack]<UL><LI>Max Depth = 4<LI>Call Chain = timer_channel_output_struct_para_init
</UL>
<BR>[Called By]<UL><LI><a href="#[cb]">&gt;&gt;</a>&nbsp;&nbsp;&nbsp;timer0_pwm_config
</UL>

<P><STRONG><a name="[cf]"></a>timer_deinit</STRONG> (Thumb, 490 bytes, Stack size 72 bytes, gd32e10x_timer.o(.text.timer_deinit))
<BR><BR>[Stack]<UL><LI>Max Depth = 76<LI>Call Chain = timer_deinit &rArr; rcu_periph_reset_disable
</UL>
<BR>[Calls]<UL><LI><a href="#[a4]">&gt;&gt;</a>&nbsp;&nbsp;&nbsp;rcu_periph_reset_disable
<LI><a href="#[a3]">&gt;&gt;</a>&nbsp;&nbsp;&nbsp;rcu_periph_reset_enable
</UL>
<BR>[Called By]<UL><LI><a href="#[cb]">&gt;&gt;</a>&nbsp;&nbsp;&nbsp;timer0_pwm_config
</UL>

<P><STRONG><a name="[b6]"></a>timer_disable</STRONG> (Thumb, 18 bytes, Stack size 4 bytes, gd32e10x_timer.o(.text.timer_disable))
<BR><BR>[Stack]<UL><LI>Max Depth = 4<LI>Call Chain = timer_disable
</UL>
<BR>[Called By]<UL><LI><a href="#[b5]">&gt;&gt;</a>&nbsp;&nbsp;&nbsp;hw_time_set
<LI><a href="#[b4]">&gt;&gt;</a>&nbsp;&nbsp;&nbsp;hw_delay
<LI><a href="#[8e]">&gt;&gt;</a>&nbsp;&nbsp;&nbsp;usb_timer_irq
</UL>

<P><STRONG><a name="[bc]"></a>timer_enable</STRONG> (Thumb, 18 bytes, Stack size 4 bytes, gd32e10x_timer.o(.text.timer_enable))
<BR><BR>[Stack]<UL><LI>Max Depth = 4<LI>Call Chain = timer_enable
</UL>
<BR>[Called By]<UL><LI><a href="#[b5]">&gt;&gt;</a>&nbsp;&nbsp;&nbsp;hw_time_set
<LI><a href="#[cb]">&gt;&gt;</a>&nbsp;&nbsp;&nbsp;timer0_pwm_config
</UL>

<P><STRONG><a name="[b8]"></a>timer_init</STRONG> (Thumb, 272 bytes, Stack size 8 bytes, gd32e10x_timer.o(.text.timer_init))
<BR><BR>[Stack]<UL><LI>Max Depth = 8<LI>Call Chain = timer_init
</UL>
<BR>[Called By]<UL><LI><a href="#[b5]">&gt;&gt;</a>&nbsp;&nbsp;&nbsp;hw_time_set
<LI><a href="#[cb]">&gt;&gt;</a>&nbsp;&nbsp;&nbsp;timer0_pwm_config
</UL>

<P><STRONG><a name="[b7]"></a>timer_interrupt_disable</STRONG> (Thumb, 20 bytes, Stack size 8 bytes, gd32e10x_timer.o(.text.timer_interrupt_disable))
<BR><BR>[Stack]<UL><LI>Max Depth = 8<LI>Call Chain = timer_interrupt_disable
</UL>
<BR>[Called By]<UL><LI><a href="#[b5]">&gt;&gt;</a>&nbsp;&nbsp;&nbsp;hw_time_set
</UL>

<P><STRONG><a name="[bb]"></a>timer_interrupt_enable</STRONG> (Thumb, 20 bytes, Stack size 8 bytes, gd32e10x_timer.o(.text.timer_interrupt_enable))
<BR><BR>[Stack]<UL><LI>Max Depth = 8<LI>Call Chain = timer_interrupt_enable
</UL>
<BR>[Called By]<UL><LI><a href="#[b5]">&gt;&gt;</a>&nbsp;&nbsp;&nbsp;hw_time_set
</UL>

<P><STRONG><a name="[b9]"></a>timer_interrupt_flag_clear</STRONG> (Thumb, 18 bytes, Stack size 8 bytes, gd32e10x_timer.o(.text.timer_interrupt_flag_clear))
<BR><BR>[Stack]<UL><LI>Max Depth = 8<LI>Call Chain = timer_interrupt_flag_clear
</UL>
<BR>[Called By]<UL><LI><a href="#[b5]">&gt;&gt;</a>&nbsp;&nbsp;&nbsp;hw_time_set
<LI><a href="#[8e]">&gt;&gt;</a>&nbsp;&nbsp;&nbsp;usb_timer_irq
</UL>

<P><STRONG><a name="[e8]"></a>timer_interrupt_flag_get</STRONG> (Thumb, 58 bytes, Stack size 16 bytes, gd32e10x_timer.o(.text.timer_interrupt_flag_get))
<BR><BR>[Stack]<UL><LI>Max Depth = 16<LI>Call Chain = timer_interrupt_flag_get
</UL>
<BR>[Called By]<UL><LI><a href="#[8e]">&gt;&gt;</a>&nbsp;&nbsp;&nbsp;usb_timer_irq
</UL>

<P><STRONG><a name="[d8]"></a>timer_master_output_trigger_source_select</STRONG> (Thumb, 30 bytes, Stack size 8 bytes, gd32e10x_timer.o(.text.timer_master_output_trigger_source_select))
<BR><BR>[Stack]<UL><LI>Max Depth = 8<LI>Call Chain = timer_master_output_trigger_source_select
</UL>
<BR>[Called By]<UL><LI><a href="#[cb]">&gt;&gt;</a>&nbsp;&nbsp;&nbsp;timer0_pwm_config
</UL>

<P><STRONG><a name="[d9]"></a>timer_primary_output_config</STRONG> (Thumb, 46 bytes, Stack size 8 bytes, gd32e10x_timer.o(.text.timer_primary_output_config))
<BR><BR>[Stack]<UL><LI>Max Depth = 8<LI>Call Chain = timer_primary_output_config
</UL>
<BR>[Called By]<UL><LI><a href="#[cb]">&gt;&gt;</a>&nbsp;&nbsp;&nbsp;timer0_pwm_config
</UL>

<P><STRONG><a name="[d0]"></a>timer_struct_para_init</STRONG> (Thumb, 38 bytes, Stack size 4 bytes, gd32e10x_timer.o(.text.timer_struct_para_init))
<BR><BR>[Stack]<UL><LI>Max Depth = 4<LI>Call Chain = timer_struct_para_init
</UL>
<BR>[Called By]<UL><LI><a href="#[cb]">&gt;&gt;</a>&nbsp;&nbsp;&nbsp;timer0_pwm_config
</UL>

<P><STRONG><a name="[da]"></a>usb_basic_init</STRONG> (Thumb, 302 bytes, Stack size 224 bytes, drv_usb_core.o(.text.usb_basic_init))
<BR><BR>[Stack]<UL><LI>Max Depth = 224<LI>Call Chain = usb_basic_init
</UL>
<BR>[Calls]<UL><LI><a href="#[db]">&gt;&gt;</a>&nbsp;&nbsp;&nbsp;__aeabi_memclr4
<LI><a href="#[dc]">&gt;&gt;</a>&nbsp;&nbsp;&nbsp;__aeabi_memcpy4
</UL>
<BR>[Called By]<UL><LI><a href="#[c1]">&gt;&gt;</a>&nbsp;&nbsp;&nbsp;usbd_init
</UL>

<P><STRONG><a name="[91]"></a>usb_clock_active</STRONG> (Thumb, 46 bytes, Stack size 4 bytes, drv_usb_dev_1.o(.text.usb_clock_active))
<BR><BR>[Stack]<UL><LI>Max Depth = 4<LI>Call Chain = usb_clock_active
</UL>
<BR>[Called By]<UL><LI><a href="#[45]">&gt;&gt;</a>&nbsp;&nbsp;&nbsp;USBFS_WKUP_IRQHandler
</UL>

<P><STRONG><a name="[dd]"></a>usb_core_init</STRONG> (Thumb, 164 bytes, Stack size 24 bytes, drv_usb_core.o(.text.usb_core_init))
<BR><BR>[Stack]<UL><LI>Max Depth = 120<LI>Call Chain = usb_core_init &rArr; usb_core_reset &rArr; usb_udelay &rArr; hw_delay &rArr; hw_time_set &rArr; timer_interrupt_enable
</UL>
<BR>[Calls]<UL><LI><a href="#[df]">&gt;&gt;</a>&nbsp;&nbsp;&nbsp;usb_mdelay
<LI><a href="#[de]">&gt;&gt;</a>&nbsp;&nbsp;&nbsp;usb_core_reset
</UL>
<BR>[Called By]<UL><LI><a href="#[c1]">&gt;&gt;</a>&nbsp;&nbsp;&nbsp;usbd_init
</UL>

<P><STRONG><a name="[f1]"></a>usb_ctlep_startout</STRONG> (Thumb, 20 bytes, Stack size 4 bytes, drv_usb_dev_1.o(.text.usb_ctlep_startout))
<BR><BR>[Stack]<UL><LI>Max Depth = 4<LI>Call Chain = usb_ctlep_startout
</UL>
<BR>[Called By]<UL><LI><a href="#[108]">&gt;&gt;</a>&nbsp;&nbsp;&nbsp;usbd_int_reset
<LI><a href="#[f0]">&gt;&gt;</a>&nbsp;&nbsp;&nbsp;usbd_ctl_status_recev
<LI><a href="#[f2]">&gt;&gt;</a>&nbsp;&nbsp;&nbsp;usbd_ctl_status_send
<LI><a href="#[f6]">&gt;&gt;</a>&nbsp;&nbsp;&nbsp;usbd_enum_error
</UL>

<P><STRONG><a name="[fe]"></a>usb_curmode_set</STRONG> (Thumb, 74 bytes, Stack size 8 bytes, drv_usb_core.o(.text.usb_curmode_set))
<BR><BR>[Stack]<UL><LI>Max Depth = 8<LI>Call Chain = usb_curmode_set
</UL>
<BR>[Called By]<UL><LI><a href="#[c1]">&gt;&gt;</a>&nbsp;&nbsp;&nbsp;usbd_init
</UL>

<P><STRONG><a name="[e1]"></a>usb_devcore_init</STRONG> (Thumb, 422 bytes, Stack size 24 bytes, drv_usb_dev_1.o(.text.usb_devcore_init))
<BR><BR>[Stack]<UL><LI>Max Depth = 120<LI>Call Chain = usb_devcore_init &rArr; usb_rxfifo_flush &rArr; usb_udelay &rArr; hw_delay &rArr; hw_time_set &rArr; timer_interrupt_enable
</UL>
<BR>[Calls]<UL><LI><a href="#[e6]">&gt;&gt;</a>&nbsp;&nbsp;&nbsp;usb_devint_enable
<LI><a href="#[e2]">&gt;&gt;</a>&nbsp;&nbsp;&nbsp;usb_set_rxfifo
<LI><a href="#[e3]">&gt;&gt;</a>&nbsp;&nbsp;&nbsp;usb_set_txfifo
<LI><a href="#[e5]">&gt;&gt;</a>&nbsp;&nbsp;&nbsp;usb_rxfifo_flush
<LI><a href="#[e4]">&gt;&gt;</a>&nbsp;&nbsp;&nbsp;usb_txfifo_flush
</UL>
<BR>[Called By]<UL><LI><a href="#[c1]">&gt;&gt;</a>&nbsp;&nbsp;&nbsp;usbd_init
</UL>

<P><STRONG><a name="[e6]"></a>usb_devint_enable</STRONG> (Thumb, 84 bytes, Stack size 4 bytes, drv_usb_dev_1.o(.text.usb_devint_enable))
<BR><BR>[Stack]<UL><LI>Max Depth = 4<LI>Call Chain = usb_devint_enable
</UL>
<BR>[Called By]<UL><LI><a href="#[e1]">&gt;&gt;</a>&nbsp;&nbsp;&nbsp;usb_devcore_init
</UL>

<P><STRONG><a name="[102]"></a>usb_iepintr_read</STRONG> (Thumb, 74 bytes, Stack size 20 bytes, drv_usb_dev_1.o(.text.usb_iepintr_read))
<BR><BR>[Stack]<UL><LI>Max Depth = 20<LI>Call Chain = usb_iepintr_read
</UL>
<BR>[Called By]<UL><LI><a href="#[100]">&gt;&gt;</a>&nbsp;&nbsp;&nbsp;usbd_int_epin
</UL>

<P><STRONG><a name="[c2]"></a>usb_intr_config</STRONG> (Thumb, 22 bytes, Stack size 8 bytes, gd32e10x_hw.o(.text.usb_intr_config))
<BR><BR>[Stack]<UL><LI>Max Depth = 64<LI>Call Chain = usb_intr_config &rArr; nvic_irq_enable &rArr; NVIC_EncodePriority
</UL>
<BR>[Calls]<UL><LI><a href="#[c5]">&gt;&gt;</a>&nbsp;&nbsp;&nbsp;nvic_irq_enable
<LI><a href="#[c6]">&gt;&gt;</a>&nbsp;&nbsp;&nbsp;nvic_priority_group_set
</UL>
[...]
<LI><a href="#[b8]">&gt;&gt;</a>&nbsp;&nbsp;&nbsp;timer_init
<LI><a href="#[b7]">&gt;&gt;</a>&nbsp;&nbsp;&nbsp;timer_interrupt_disable
<LI><a href="#[b9]">&gt;&gt;</a>&nbsp;&nbsp;&nbsp;timer_interrupt_flag_clear
<LI><a href="#[b6]">&gt;&gt;</a>&nbsp;&nbsp;&nbsp;timer_disable
</UL>
<BR>[Called By]<UL><LI><a href="#[b4]">&gt;&gt;</a>&nbsp;&nbsp;&nbsp;hw_delay
</UL>

<P><STRONG><a name="[8b]"></a>_soft_delay_</STRONG> (Thumb, 40 bytes, Stack size 8 bytes, system_gd32e10x.o(.text._soft_delay_))
<BR><BR>[Stack]<UL><LI>Max Depth = 8<LI>Call Chain = _soft_delay_
</UL>
<BR>[Called By]<UL><LI><a href="#[58]">&gt;&gt;</a>&nbsp;&nbsp;&nbsp;SystemInit
</UL>

<P><STRONG><a name="[8c]"></a>system_clock_config</STRONG> (Thumb, 8 bytes, Stack size 8 bytes, system_gd32e10x.o(.text.system_clock_config))
<BR><BR>[Stack]<UL><LI>Max Depth = 28<LI>Call Chain = system_clock_config &rArr; system_clock_120m_hxtal
</UL>
<BR>[Calls]<UL><LI><a href="#[ce]">&gt;&gt;</a>&nbsp;&nbsp;&nbsp;system_clock_120m_hxtal
</UL>
<BR>[Called By]<UL><LI><a href="#[58]">&gt;&gt;</a>&nbsp;&nbsp;&nbsp;SystemInit
</UL>

<P><STRONG><a name="[ce]"></a>system_clock_120m_hxtal</STRONG> (Thumb, 348 bytes, Stack size 20 bytes, system_gd32e10x.o(.text.system_clock_120m_hxtal))
<BR><BR>[Stack]<UL><LI>Max Depth = 20<LI>Call Chain = system_clock_120m_hxtal
</UL>
<BR>[Called By]<UL><LI><a href="#[8c]">&gt;&gt;</a>&nbsp;&nbsp;&nbsp;system_clock_config
</UL>

<P><STRONG><a name="[aa]"></a>dma_periph_and_channel_check</STRONG> (Thumb, 58 bytes, Stack size 8 bytes, gd32e10x_dma.o(.text.dma_periph_and_channel_check))
<BR><BR>[Stack]<UL><LI>Max Depth = 8<LI>Call Chain = dma_periph_and_channel_check
</UL>
<BR>[Called By]<UL><LI><a href="#[af]">&gt;&gt;</a>&nbsp;&nbsp;&nbsp;dma_interrupt_enable
<LI><a href="#[a9]">&gt;&gt;</a>&nbsp;&nbsp;&nbsp;dma_channel_enable
<LI><a href="#[ab]">&gt;&gt;</a>&nbsp;&nbsp;&nbsp;dma_circulation_enable
<LI><a href="#[ae]">&gt;&gt;</a>&nbsp;&nbsp;&nbsp;dma_init
<LI><a href="#[ad]">&gt;&gt;</a>&nbsp;&nbsp;&nbsp;dma_deinit
</UL>

<P><STRONG><a name="[c7]"></a>NVIC_GetPriorityGrouping</STRONG> (Thumb, 16 bytes, Stack size 0 bytes, gd32e10x_misc.o(.text.NVIC_GetPriorityGrouping))
<BR><BR>[Called By]<UL><LI><a href="#[c5]">&gt;&gt;</a>&nbsp;&nbsp;&nbsp;nvic_irq_enable
</UL>

<P><STRONG><a name="[c8]"></a>NVIC_EncodePriority</STRONG> (Thumb, 108 bytes, Stack size 32 bytes, gd32e10x_misc.o(.text.NVIC_EncodePriority))
<BR><BR>[Stack]<UL><LI>Max Depth = 32<LI>Call Chain = NVIC_EncodePriority
</UL>
<BR>[Called By]<UL><LI><a href="#[c5]">&gt;&gt;</a>&nbsp;&nbsp;&nbsp;nvic_irq_enable
</UL>

<P><STRONG><a name="[c9]"></a>NVIC_SetPriority</STRONG> (Thumb, 68 bytes, Stack size 8 bytes, gd32e10x_misc.o(.text.NVIC_SetPriority))
<BR><BR>[Stack]<UL><LI>Max Depth = 8<LI>Call Chain = NVIC_SetPriority
</UL>
<BR>[Called By]<UL><LI><a href="#[c5]">&gt;&gt;</a>&nbsp;&nbsp;&nbsp;nvic_irq_enable
</UL>

<P><STRONG><a name="[ca]"></a>NVIC_EnableIRQ</STRONG> (Thumb, 36 bytes, Stack size 4 bytes, gd32e10x_misc.o(.text.NVIC_EnableIRQ))
<BR><BR>[Stack]<UL><LI>Max Depth = 4<LI>Call Chain = NVIC_EnableIRQ
</UL>
<BR>[Called By]<UL><LI><a href="#[c5]">&gt;&gt;</a>&nbsp;&nbsp;&nbsp;nvic_irq_enable
</UL>

<P><STRONG><a name="[fd]"></a>usb_globalint_disable</STRONG> (Thumb, 20 bytes, Stack size 4 bytes, usbd_core.o(.text.usb_globalint_disable))
<BR><BR>[Stack]<UL><LI>Max Depth = 4<LI>Call Chain = usb_globalint_disable
</UL>
<BR>[Called By]<UL><LI><a href="#[c1]">&gt;&gt;</a>&nbsp;&nbsp;&nbsp;usbd_init
</UL>

<P><STRONG><a name="[ff]"></a>usb_globalint_enable</STRONG> (Thumb, 20 bytes, Stack size 4 bytes, usbd_core.o(.text.usb_globalint_enable))
<BR><BR>[Stack]<UL><LI>Max Depth = 4<LI>Call Chain = usb_globalint_enable
</UL>
<BR>[Called By]<UL><LI><a href="#[c1]">&gt;&gt;</a>&nbsp;&nbsp;&nbsp;usbd_init
</UL>

<P><STRONG><a name="[f4]"></a>usb_dev_disconnect</STRONG> (Thumb, 20 bytes, Stack size 4 bytes, usbd_core.o(.text.usb_dev_disconnect))
<BR><BR>[Stack]<UL><LI>Max Depth = 4<LI>Call Chain = usb_dev_disconnect
</UL>
<BR>[Called By]<UL><LI><a href="#[f3]">&gt;&gt;</a>&nbsp;&nbsp;&nbsp;usbd_disconnect
</UL>

<P><STRONG><a name="[ec]"></a>usb_dev_connect</STRONG> (Thumb, 20 bytes, Stack size 4 bytes, usbd_core.o(.text.usb_dev_connect))
<BR><BR>[Stack]<UL><LI>Max Depth = 4<LI>Call Chain = usb_dev_connect
</UL>
<BR>[Called By]<UL><LI><a href="#[eb]">&gt;&gt;</a>&nbsp;&nbsp;&nbsp;usbd_connect
</UL>

<P><STRONG><a name="[0]"></a>_usb_std_getstatus</STRONG> (Thumb, 326 bytes, Stack size 20 bytes, usbd_enum.o(.text._usb_std_getstatus))
<BR><BR>[Stack]<UL><LI>Max Depth = 20<LI>Call Chain = _usb_std_getstatus
</UL>
<BR>[Address Reference Count : 1]<UL><LI> usbd_enum.o(.data._std_dev_req)
</UL>
<P><STRONG><a name="[1]"></a>_usb_std_clearfeature</STRONG> (Thumb, 198 bytes, Stack size 32 bytes, usbd_enum.o(.text._usb_std_clearfeature))
<BR><BR>[Stack]<UL><LI>Max Depth = 72<LI>Call Chain = _usb_std_clearfeature &rArr; usbd_ep_stall_clear &rArr; usb_transc_clrstall
</UL>
<BR>[Calls]<UL><LI><a href="#[93]">&gt;&gt;</a>&nbsp;&nbsp;&nbsp;usbd_ep_stall_clear
</UL>
<BR>[Address Reference Count : 1]<UL><LI> usbd_enum.o(.data._std_dev_req)
</UL>
<P><STRONG><a name="[2]"></a>_usb_std_reserved</STRONG> (Thumb, 12 bytes, Stack size 8 bytes, usbd_enum.o(.text._usb_std_reserved))
<BR><BR>[Stack]<UL><LI>Max Depth = 8<LI>Call Chain = _usb_std_reserved
</UL>
<BR>[Address Reference Count : 1]<UL><LI> usbd_enum.o(.data._std_dev_req)
</UL>
<P><STRONG><a name="[3]"></a>_usb_std_setfeature</STRONG> (Thumb, 188 bytes, Stack size 32 bytes, usbd_enum.o(.text._usb_std_setfeature))
<BR><BR>[Stack]<UL><LI>Max Depth = 72<LI>Call Chain = _usb_std_setfeature &rArr; usbd_ep_stall &rArr; usb_transc_stall
</UL>
<BR>[Calls]<UL><LI><a href="#[96]">&gt;&gt;</a>&nbsp;&nbsp;&nbsp;usbd_ep_stall
</UL>
<BR>[Address Reference Count : 1]<UL><LI> usbd_enum.o(.data._std_dev_req)
</UL>
<P><STRONG><a name="[4]"></a>_usb_std_setaddress</STRONG> (Thumb, 116 bytes, Stack size 24 bytes, usbd_enum.o(.text._usb_std_setaddress))
<BR><BR>[Stack]<UL><LI>Max Depth = 48<LI>Call Chain = _usb_std_setaddress &rArr; usbd_addr_set &rArr; usb_devaddr_set
</UL>
<BR>[Calls]<UL><LI><a href="#[95]">&gt;&gt;</a>&nbsp;&nbsp;&nbsp;usbd_addr_set
</UL>
<BR>[Address Reference Count : 1]<UL><LI> usbd_enum.o(.data._std_dev_req)
</UL>
<P><STRONG><a name="[95]"></a>usbd_addr_set</STRONG> (Thumb, 24 bytes, Stack size 16 bytes, usbd_enum.o(.text.usbd_addr_set))
<BR><BR>[Stack]<UL><LI>Max Depth = 24<LI>Call Chain = usbd_addr_set &rArr; usb_devaddr_set
</UL>
<BR>[Calls]<UL><LI><a href="#[ea]">&gt;&gt;</a>&nbsp;&nbsp;&nbsp;usb_devaddr_set
</UL>
<BR>[Called By]<UL><LI><a href="#[4]">&gt;&gt;</a>&nbsp;&nbsp;&nbsp;_usb_std_setaddress
</UL>

<P><STRONG><a name="[5]"></a>_usb_std_getdescriptor</STRONG> (Thumb, 408 bytes, Stack size 32 bytes, usbd_enum.o(.text._usb_std_getdescriptor))
<BR><BR>[Stack]<UL><LI>Max Depth = 44<LI>Call Chain = _usb_std_getdescriptor &rArr; _usb_bos_desc_get
</UL>
<BR>[Calls]<UL><LI><a href="#[94]">&gt;&gt;</a>&nbsp;&nbsp;&nbsp;_usb_bos_desc_get
</UL>
<BR>[Address Reference Count : 1]<UL><LI> usbd_enum.o(.data._std_dev_req)
</UL>
<P><STRONG><a name="[94]"></a>_usb_bos_desc_get</STRONG> (Thumb, 36 bytes, Stack size 12 bytes, usbd_enum.o(.text._usb_bos_desc_get))
<BR><BR>[Stack]<UL><LI>Max Depth = 12<LI>Call Chain = _usb_bos_desc_get
</UL>
<BR>[Called By]<UL><LI><a href="#[5]">&gt;&gt;</a>&nbsp;&nbsp;&nbsp;_usb_std_getdescriptor
</UL>

<P><STRONG><a name="[6]"></a>_usb_std_setdescriptor</STRONG> (Thumb, 12 bytes, Stack size 8 bytes, usbd_enum.o(.text._usb_std_setdescriptor))
<BR><BR>[Stack]<UL><LI>Max Depth = 8<LI>Call Chain = _usb_std_setdescriptor
</UL>
<BR>[Address Reference Count : 1]<UL><LI> usbd_enum.o(.data._std_dev_req)
</UL>
<P><STRONG><a name="[7]"></a>_usb_std_getconfiguration</STRONG> (Thumb, 116 bytes, Stack size 20 bytes, usbd_enum.o(.text._usb_std_getconfiguration))
<BR><BR>[Stack]<UL><LI>Max Depth = 20<LI>Call Chain = _usb_std_getconfiguration
</UL>
<BR>[Address Reference Count : 1]<UL><LI> usbd_enum.o(.data._std_dev_req)
</UL>
<P><STRONG><a name="[8]"></a>_usb_std_setconfiguration</STRONG> (Thumb, 282 bytes, Stack size 40 bytes, usbd_enum.o(.text._usb_std_setconfiguration))
<BR><BR>[Stack]<UL><LI>Max Depth = 40<LI>Call Chain = _usb_std_setconfiguration
</UL>
<BR>[Address Reference Count : 1]<UL><LI> usbd_enum.o(.data._std_dev_req)
</UL>
<P><STRONG><a name="[9]"></a>_usb_std_getinterface</STRONG> (Thumb, 104 bytes, Stack size 20 bytes, usbd_enum.o(.text._usb_std_getinterface))
<BR><BR>[Stack]<UL><LI>Max Depth = 20<LI>Call Chain = _usb_std_getinterface
</UL>
<BR>[Address Reference Count : 1]<UL><LI> usbd_enum.o(.data._std_dev_req)
</UL>
<P><STRONG><a name="[a]"></a>_usb_std_setinterface</STRONG> (Thumb, 108 bytes, Stack size 24 bytes, usbd_enum.o(.text._usb_std_setinterface))
<BR><BR>[Stack]<UL><LI>Max Depth = 24<LI>Call Chain = _usb_std_setinterface
</UL>
<BR>[Address Reference Count : 1]<UL><LI> usbd_enum.o(.data._std_dev_req)
</UL>
<P><STRONG><a name="[b]"></a>_usb_std_synchframe</STRONG> (Thumb, 12 bytes, Stack size 8 bytes, usbd_enum.o(.text._usb_std_synchframe))
<BR><BR>[Stack]<UL><LI>Max Depth = 8<LI>Call Chain = _usb_std_synchframe
</UL>
<BR>[Address Reference Count : 1]<UL><LI> usbd_enum.o(.data._std_dev_req)
</UL>
<P><STRONG><a name="[ea]"></a>usb_devaddr_set</STRONG> (Thumb, 40 bytes, Stack size 8 bytes, usbd_enum.o(.text.usb_devaddr_set))
<BR><BR>[Stack]<UL><LI>Max Depth = 8<LI>Call Chain = usb_devaddr_set
</UL>
<BR>[Called By]<UL><LI><a href="#[95]">&gt;&gt;</a>&nbsp;&nbsp;&nbsp;usbd_addr_set
</UL>

<P><STRONG><a name="[12]"></a>_usb_dev_desc_get</STRONG> (Thumb, 36 bytes, Stack size 12 bytes, usbd_enum.o(.text._usb_dev_desc_get))
<BR><BR>[Stack]<UL><LI>Max Depth = 12<LI>Call Chain = _usb_dev_desc_get
</UL>
<BR>[Address Reference Count : 1]<UL><LI> usbd_enum.o(.data.std_desc_get)
</UL>
<P><STRONG><a name="[13]"></a>_usb_config_desc_get</STRONG> (Thumb, 42 bytes, Stack size 12 bytes, usbd_enum.o(.text._usb_config_desc_get))
<BR><BR>[Stack]<UL><LI>Max Depth = 12<LI>Call Chain = _usb_config_desc_get
</UL>
<BR>[Address Reference Count : 1]<UL><LI> usbd_enum.o(.data.std_desc_get)
</UL>
<P><STRONG><a name="[14]"></a>_usb_str_desc_get</STRONG> (Thumb, 42 bytes, Stack size 16 bytes, usbd_enum.o(.text._usb_str_desc_get))
<BR><BR>[Stack]<UL><LI>Max Depth = 16<LI>Call Chain = _usb_str_desc_get
</UL>
<BR>[Address Reference Count : 1]<UL><LI> usbd_enum.o(.data.std_desc_get)
</UL>
<P><STRONG><a name="[de]"></a>usb_core_reset</STRONG> (Thumb, 44 bytes, Stack size 16 bytes, drv_usb_core.o(.text.usb_core_reset))
<BR><BR>[Stack]<UL><LI>Max Depth = 96<LI>Call Chain = usb_core_reset &rArr; usb_udelay &rArr; hw_delay &rArr; hw_time_set &rArr; timer_interrupt_enable
</UL>
<BR>[Calls]<UL><LI><a href="#[e0]">&gt;&gt;</a>&nbsp;&nbsp;&nbsp;usb_udelay
</UL>
<BR>[Called By]<UL><LI><a href="#[dd]">&gt;&gt;</a>&nbsp;&nbsp;&nbsp;usb_core_init
</UL>

<P><STRONG><a name="[103]"></a>usbd_int_epout</STRONG> (Thumb, 150 bytes, Stack size 24 bytes, drv_usbd_int.o(.text.usbd_int_epout))
<BR><BR>[Stack]<UL><LI>Max Depth = 156<LI>Call Chain = usbd_int_epout &rArr; usbd_setup_transc &rArr; usbd_ctl_status_send &rArr; usbd_ep_send &rArr; usb_transc_inxfer &rArr; usb_txfifo_write
</UL>
<BR>[Calls]<UL><LI><a href="#[105]">&gt;&gt;</a>&nbsp;&nbsp;&nbsp;usb_oepintr_read
<LI><a href="#[104]">&gt;&gt;</a>&nbsp;&nbsp;&nbsp;usb_oepintnum_read
<LI><a href="#[106]">&gt;&gt;</a>&nbsp;&nbsp;&nbsp;usbd_out_transc
<LI><a href="#[107]">&gt;&gt;</a>&nbsp;&nbsp;&nbsp;usbd_setup_transc
</UL>
<BR>[Called By]<UL><LI><a href="#[8f]">&gt;&gt;</a>&nbsp;&nbsp;&nbsp;usbd_isr
</UL>

<P><STRONG><a name="[100]"></a>usbd_int_epin</STRONG> (Thumb, 154 bytes, Stack size 24 bytes, drv_usbd_int.o(.text.usbd_int_epin))
<BR><BR>[Stack]<UL><LI>Max Depth = 156<LI>Call Chain = usbd_int_epin &rArr; usbd_in_transc &rArr; usbd_ctl_send &rArr; usbd_ep_send &rArr; usb_transc_inxfer &rArr; usb_txfifo_write
</UL>
<BR>[Calls]<UL><LI><a href="#[102]">&gt;&gt;</a>&nbsp;&nbsp;&nbsp;usb_iepintr_read
<LI><a href="#[f5]">&gt;&gt;</a>&nbsp;&nbsp;&nbsp;usbd_emptytxfifo_write
<LI><a href="#[101]">&gt;&gt;</a>&nbsp;&nbsp;&nbsp;usb_iepintnum_read
<LI><a href="#[fc]">&gt;&gt;</a>&nbsp;&nbsp;&nbsp;usbd_in_transc
</UL>
<BR>[Called By]<UL><LI><a href="#[8f]">&gt;&gt;</a>&nbsp;&nbsp;&nbsp;usbd_isr
</UL>

<P><STRONG><a name="[10b]"></a>usbd_int_suspend</STRONG> (Thumb, 130 bytes, Stack size 16 bytes, drv_usbd_int.o(.text.usbd_int_suspend))
<BR><BR>[Stack]<UL><LI>Max Depth = 24<LI>Call Chain = usbd_int_suspend &rArr; pmu_to_deepsleepmode
</UL>
<BR>[Calls]<UL><LI><a href="#[10c]">&gt;&gt;</a>&nbsp;&nbsp;&nbsp;pmu_to_deepsleepmode
</UL>
<BR>[Called By]<UL><LI><a href="#[8f]">&gt;&gt;</a>&nbsp;&nbsp;&nbsp;usbd_isr
</UL>

<P><STRONG><a name="[109]"></a>usbd_int_rxfifo</STRONG> (Thumb, 250 bytes, Stack size 40 bytes, drv_usbd_int.o(.text.usbd_int_rxfifo))
<BR><BR>[Stack]<UL><LI>Max Depth = 60<LI>Call Chain = usbd_int_rxfifo &rArr; usb_rxfifo_read
</UL>
<BR>[Calls]<UL><LI><a href="#[10a]">&gt;&gt;</a>&nbsp;&nbsp;&nbsp;usb_rxfifo_read
</UL>
<BR>[Called By]<UL><LI><a href="#[8f]">&gt;&gt;</a>&nbsp;&nbsp;&nbsp;usbd_isr
</UL>

<P><STRONG><a name="[108]"></a>usbd_int_reset</STRONG> (Thumb, 330 bytes, Stack size 80 bytes, drv_usbd_int.o(.text.usbd_int_reset))
<BR><BR>[Stack]<UL><LI>Max Depth = 176<LI>Call Chain = usbd_int_reset &rArr; usb_txfifo_flush &rArr; usb_udelay &rArr; hw_delay &rArr; hw_time_set &rArr; timer_interrupt_enable
</UL>
<BR>[Calls]<UL><LI><a href="#[f1]">&gt;&gt;</a>&nbsp;&nbsp;&nbsp;usb_ctlep_startout
<LI><a href="#[e4]">&gt;&gt;</a>&nbsp;&nbsp;&nbsp;usb_txfifo_flush
<LI><a href="#[f9]">&gt;&gt;</a>&nbsp;&nbsp;&nbsp;usb_transc_active
</UL>
<BR>[Called By]<UL><LI><a href="#[8f]">&gt;&gt;</a>&nbsp;&nbsp;&nbsp;usbd_isr
</UL>

<P><STRONG><a name="[10d]"></a>usbd_int_enumfinish</STRONG> (Thumb, 130 bytes, Stack size 8 bytes, drv_usbd_int.o(.text.usbd_int_enumfinish))
<BR><BR>[Stack]<UL><LI>Max Depth = 8<LI>Call Chain = usbd_int_enumfinish
</UL>
<BR>[Called By]<UL><LI><a href="#[8f]">&gt;&gt;</a>&nbsp;&nbsp;&nbsp;usbd_isr
</UL>

<P><STRONG><a name="[104]"></a>usb_oepintnum_read</STRONG> (Thumb, 34 bytes, Stack size 8 bytes, drv_usbd_int.o(.text.usb_oepintnum_read))
<BR><BR>[Stack]<UL><LI>Max Depth = 8<LI>Call Chain = usb_oepintnum_read
</UL>
<BR>[Called By]<UL><LI><a href="#[103]">&gt;&gt;</a>&nbsp;&nbsp;&nbsp;usbd_int_epout
</UL>

<P><STRONG><a name="[105]"></a>usb_oepintr_read</STRONG> (Thumb, 42 bytes, Stack size 12 bytes, drv_usbd_int.o(.text.usb_oepintr_read))
<BR><BR>[Stack]<UL><LI>Max Depth = 12<LI>Call Chain = usb_oepintr_read
</UL>
<BR>[Called By]<UL><LI><a href="#[103]">&gt;&gt;</a>&nbsp;&nbsp;&nbsp;usbd_int_epout
</UL>

<P><STRONG><a name="[101]"></a>usb_iepintnum_read</STRONG> (Thumb, 34 bytes, Stack size 8 bytes, drv_usbd_int.o(.text.usb_iepintnum_read))
<BR><BR>[Stack]<UL><LI>Max Depth = 8<LI>Call Chain = usb_iepintnum_read
</UL>
<BR>[Called By]<UL><LI><a href="#[100]">&gt;&gt;</a>&nbsp;&nbsp;&nbsp;usbd_int_epin
</UL>

<P><STRONG><a name="[f5]"></a>usbd_emptytxfifo_write</STRONG> (Thumb, 234 bytes, Stack size 32 bytes, drv_usbd_int.o(.text.usbd_emptytxfifo_write))
<BR><BR>[Stack]<UL><LI>Max Depth = 52<LI>Call Chain = usbd_emptytxfifo_write &rArr; usb_txfifo_write
</UL>
<BR>[Calls]<UL><LI><a href="#[b1]">&gt;&gt;</a>&nbsp;&nbsp;&nbsp;usb_txfifo_write
</UL>
<BR>[Called By]<UL><LI><a href="#[100]">&gt;&gt;</a>&nbsp;&nbsp;&nbsp;usbd_int_epin
</UL>

<P><STRONG><a name="[e2]"></a>usb_set_rxfifo</STRONG> (Thumb, 22 bytes, Stack size 8 bytes, drv_usb_dev_1.o(.text.usb_set_rxfifo))
<BR><BR>[Stack]<UL><LI>Max Depth = 8<LI>Call Chain = usb_set_rxfifo
</UL>
<BR>[Called By]<UL><LI><a href="#[e1]">&gt;&gt;</a>&nbsp;&nbsp;&nbsp;usb_devcore_init
</UL>

<P><STRONG><a name="[c]"></a>cdc_acm_init</STRONG> (Thumb, 112 bytes, Stack size 24 bytes, cdc_acm_core_1.o(.text.cdc_acm_init))
<BR><BR>[Stack]<UL><LI>Max Depth = 72<LI>Call Chain = cdc_acm_init &rArr; usbd_ep_setup &rArr; usb_transc_active
</UL>
<BR>[Calls]<UL><LI><a href="#[a8]">&gt;&gt;</a>&nbsp;&nbsp;&nbsp;usbd_ep_setup
</UL>
<BR>[Address Reference Count : 1]<UL><LI> cdc_acm_core_1.o(.data.cdc_class)
</UL>
<P><STRONG><a name="[d]"></a>cdc_acm_deinit</STRONG> (Thumb, 40 bytes, Stack size 16 bytes, cdc_acm_core_1.o(.text.cdc_acm_deinit))
<BR><BR>[Stack]<UL><LI>Max Depth = 56<LI>Call Chain = cdc_acm_deinit &rArr; usbd_ep_clear &rArr; usb_transc_deactivate
</UL>
<BR>[Calls]<UL><LI><a href="#[a7]">&gt;&gt;</a>&nbsp;&nbsp;&nbsp;usbd_ep_clear
</UL>
<BR>[Address Reference Count : 1]<UL><LI> cdc_acm_core_1.o(.data.cdc_class)
</UL>
<P><STRONG><a name="[e]"></a>cdc_acm_req</STRONG> (Thumb, 224 bytes, Stack size 20 bytes, cdc_acm_core_1.o(.text.cdc_acm_req))
<BR><BR>[Stack]<UL><LI>Max Depth = 20<LI>Call Chain = cdc_acm_req
</UL>
<BR>[Address Reference Count : 1]<UL><LI> cdc_acm_core_1.o(.data.cdc_class)
</UL>
<P><STRONG><a name="[f]"></a>cdc_acm_ctlx_out</STRONG> (Thumb, 80 bytes, Stack size 8 bytes, cdc_acm_core_1.o(.text.cdc_acm_ctlx_out))
<BR><BR>[Stack]<UL><LI>Max Depth = 8<LI>Call Chain = cdc_acm_ctlx_out
</UL>
<BR>[Address Reference Count : 1]<UL><LI> cdc_acm_core_1.o(.data.cdc_class)
</UL>
<P><STRONG><a name="[10]"></a>cdc_acm_in</STRONG> (Thumb, 98 bytes, Stack size 24 bytes, cdc_acm_core_1.o(.text.cdc_acm_in))
<BR><BR>[Stack]<UL><LI>Max Depth = 108<LI>Call Chain = cdc_acm_in &rArr; usbd_ep_send &rArr; usb_transc_inxfer &rArr; usb_txfifo_write
</UL>
<BR>[Calls]<UL><LI><a href="#[a6]">&gt;&gt;</a>&nbsp;&nbsp;&nbsp;usbd_ep_send
</UL>
<BR>[Address Reference Count : 1]<UL><LI> cdc_acm_core_1.o(.data.cdc_class)
</UL>
<P><STRONG><a name="[11]"></a>cdc_acm_out</STRONG> (Thumb, 52 bytes, Stack size 12 bytes, cdc_acm_core_1.o(.text.cdc_acm_out))
<BR><BR>[Stack]<UL><LI>Max Depth = 12<LI>Call Chain = cdc_acm_out
</UL>
<BR>[Address Reference Count : 1]<UL><LI> cdc_acm_core_1.o(.data.cdc_class)
</UL>
<P><STRONG><a name="[114]"></a>_fp_digits</STRONG> (Thumb, 366 bytes, Stack size 64 bytes, printfa.o(i._fp_digits), UNUSED)
<BR><BR>[Calls]<UL><LI><a href="#[6c]">&gt;&gt;</a>&nbsp;&nbsp;&nbsp;__aeabi_d2ulz
<LI><a href="#[115]">&gt;&gt;</a>&nbsp;&nbsp;&nbsp;__aeabi_cdrcmple
<LI><a href="#[61]">&gt;&gt;</a>&nbsp;&nbsp;&nbsp;__aeabi_dadd
<LI><a href="#[68]">&gt;&gt;</a>&nbsp;&nbsp;&nbsp;__aeabi_dmul
<LI><a href="#[69]">&gt;&gt;</a>&nbsp;&nbsp;&nbsp;__aeabi_ddiv
<LI><a href="#[6a]">&gt;&gt;</a>&nbsp;&nbsp;&nbsp;__aeabi_uldivmod
</UL>
<BR>[Called By]<UL><LI><a href="#[112]">&gt;&gt;</a>&nbsp;&nbsp;&nbsp;_printf_core
</UL>

<P><STRONG><a name="[112]"></a>_printf_core</STRONG> (Thumb, 1744 bytes, Stack size 136 bytes, printfa.o(i._printf_core), UNUSED)
<BR><BR>[Calls]<UL><LI><a href="#[116]">&gt;&gt;</a>&nbsp;&nbsp;&nbsp;_printf_pre_padding
<LI><a href="#[117]">&gt;&gt;</a>&nbsp;&nbsp;&nbsp;_printf_post_padding
<LI><a href="#[114]">&gt;&gt;</a>&nbsp;&nbsp;&nbsp;_fp_digits
<LI><a href="#[6a]">&gt;&gt;</a>&nbsp;&nbsp;&nbsp;__aeabi_uldivmod
<LI><a href="#[118]">&gt;&gt;</a>&nbsp;&nbsp;&nbsp;__aeabi_uidivmod
</UL>
<BR>[Called By]<UL><LI><a href="#[113]">&gt;&gt;</a>&nbsp;&nbsp;&nbsp;__0vsprintf
<LI><a href="#[111]">&gt;&gt;</a>&nbsp;&nbsp;&nbsp;__0printf
</UL>

<P><STRONG><a name="[117]"></a>_printf_post_padding</STRONG> (Thumb, 36 bytes, Stack size 24 bytes, printfa.o(i._printf_post_padding), UNUSED)
<BR><BR>[Called By]<UL><LI><a href="#[112]">&gt;&gt;</a>&nbsp;&nbsp;&nbsp;_printf_core
</UL>

<P><STRONG><a name="[116]"></a>_printf_pre_padding</STRONG> (Thumb, 46 bytes, Stack size 24 bytes, printfa.o(i._printf_pre_padding), UNUSED)
<BR><BR>[Called By]<UL><LI><a href="#[112]">&gt;&gt;</a>&nbsp;&nbsp;&nbsp;_printf_core
</UL>

<P><STRONG><a name="[5b]"></a>_sputc</STRONG> (Thumb, 10 bytes, Stack size 0 bytes, printfa.o(i._sputc))
<BR><BR>[Called By]<UL><LI><a href="#[113]">&gt;&gt;</a>&nbsp;&nbsp;&nbsp;__0vsprintf
</UL>
<BR>[Address Reference Count : 1]<UL><LI> printfa.o(i.__0vsprintf)
</UL><P>
<H3>
Undefined Global Symbols
</H3><HR></body></html>
