<html>
<body>
<pre>
<h1>µVision Build Log</h1>
<h2>Tool Versions:</h2>
IDE-Version: ¦ÌVision V5.41.0.0
Copyright (C) 2024 ARM Ltd and ARM Germany GmbH. All rights reserved.
License Information: EN B, A, LIC=ZB4EI-TICJ9-RA8DM-X0228-0UQXG-FB472
 
Tool Versions:
Toolchain:       MDK-ARM Plus  Version: 5.41.0.0
Toolchain Path:  D:\keil_mdk\ARM\ARMCLANG\Bin
C Compiler:      ArmClang.exe V6.22
Assembler:       Armasm.exe V6.22
Linker/Locator:  ArmLink.exe V6.22
Library Manager: ArmAr.exe V6.22
Hex Converter:   FromElf.exe V6.22
CPU DLL:         SARMCM3.DLL V5.41.0.0
Dialog DLL:      DCM.DLL V1.17.5.0
Target DLL:      STLink\ST-LINKIII-KEIL_SWO.dll V3.3.0.0
Dialog DLL:      TCM.DLL V1.56.4.0
 
<h2>Project:</h2>
E:\gd32_project\half_bridge_DCDC\half_bridge_DCDC\Project\keil5_project\Project.uvprojx
Project File Date:  06/05/2026

<h2>Output:</h2>
*** Using Compiler 'V6.22', folder: 'D:\keil_mdk\ARM\ARMCLANG\Bin'
Build target 'GD32E10X'
Note: source file '..\..\Firmware\GD32E10x_usbfs_library\driver\Source\drv_usb_dev.c' - object file renamed from '.\output\drv_usb_dev.o' to '.\output\drv_usb_dev_1.o'.
Note: source file '..\..\Firmware\GD32E10x_usbfs_library\device\class\cdc\Source\cdc_acm_core.c' - object file renamed from '.\output\cdc_acm_core.o' to '.\output\cdc_acm_core_1.o'.
compiling gd32e10x_eval.c...
linking...
Program Size: Code=24572 RO-data=3120 RW-data=408 ZI-data=4184  
FromELF: creating hex file...
".\output\Project.axf" - 0 Error(s), 0 Warning(s).

<h2>Software Packages used:</h2>

Package Vendor: ARM
                https://www.keil.com/pack/ARM.CMSIS.6.1.0.pack
                ARM::CMSIS@6.1.0
                CMSIS (Common Microcontroller Software Interface Standard)
   * Component: CORE Version: 6.1.0

Package Vendor: GigaDevice
                https://gd32mcu.com/data/documents/pack/GigaDevice.GD32E10x_DFP.1.2.1.pack
                GigaDevice::GD32E10x_DFP@1.2.1
                GigaDevice GD32E10x Series Device Support and Examples

<h2>Collection of Component include folders:</h2>
  ./RTE/_GD32E10X
  C:/Users/ben/AppData/Local/Arm/Packs/ARM/CMSIS/6.1.0/CMSIS/Core/Include
  C:/Users/ben/AppData/Local/Arm/Packs/GigaDevice/GD32E10x_DFP/1.2.1/Device/Include

<h2>Collection of Component Files used:</h2>

   * Component: ARM::CMSIS:CORE@6.1.0
Build Time Elapsed:  00:00:02
</pre>
</body>
</html>
